ARM GAS  C:\Users\Henny\AppData\Local\Temp\ccbFNYnw.s 			page 1


   1              		.cpu cortex-m0
   2              		.fpu softvfp
   3              		.eabi_attribute 20, 1
   4              		.eabi_attribute 21, 1
   5              		.eabi_attribute 23, 3
   6              		.eabi_attribute 24, 1
   7              		.eabi_attribute 25, 1
   8              		.eabi_attribute 26, 1
   9              		.eabi_attribute 30, 1
  10              		.eabi_attribute 34, 0
  11              		.eabi_attribute 18, 4
  12              		.code	16
  13              		.file	"cyfitter_cfg.c"
  14              		.text
  15              	.Ltext0:
  16              		.cfi_sections	.debug_frame
  17              		.section	.text.AnalogSetDefault,"ax",%progbits
  18              		.align	2
  19              		.code	16
  20              		.thumb_func
  21              		.type	AnalogSetDefault, %function
  22              	AnalogSetDefault:
  23              	.LFB6:
  24              		.file 1 ".\\Generated_Source\\PSoC4\\cyfitter_cfg.c"
   1:.\Generated_Source\PSoC4/cyfitter_cfg.c **** /*******************************************************************************
   2:.\Generated_Source\PSoC4/cyfitter_cfg.c **** * File Name: cyfitter_cfg.c
   3:.\Generated_Source\PSoC4/cyfitter_cfg.c **** * 
   4:.\Generated_Source\PSoC4/cyfitter_cfg.c **** * PSoC Creator  3.3 CP3
   5:.\Generated_Source\PSoC4/cyfitter_cfg.c **** *
   6:.\Generated_Source\PSoC4/cyfitter_cfg.c **** * Description:
   7:.\Generated_Source\PSoC4/cyfitter_cfg.c **** * This file contains device initialization code.
   8:.\Generated_Source\PSoC4/cyfitter_cfg.c **** * Except for the user defined sections in CyClockStartupError(), this file should not be modified.
   9:.\Generated_Source\PSoC4/cyfitter_cfg.c **** * This file is automatically generated by PSoC Creator.
  10:.\Generated_Source\PSoC4/cyfitter_cfg.c **** *
  11:.\Generated_Source\PSoC4/cyfitter_cfg.c **** ********************************************************************************
  12:.\Generated_Source\PSoC4/cyfitter_cfg.c **** * Copyright (c) 2007-2016 Cypress Semiconductor.  All rights reserved.
  13:.\Generated_Source\PSoC4/cyfitter_cfg.c **** * You may use this file only in accordance with the license, terms, conditions, 
  14:.\Generated_Source\PSoC4/cyfitter_cfg.c **** * disclaimers, and limitations in the end user license agreement accompanying 
  15:.\Generated_Source\PSoC4/cyfitter_cfg.c **** * the software package with which this file was provided.
  16:.\Generated_Source\PSoC4/cyfitter_cfg.c **** ********************************************************************************/
  17:.\Generated_Source\PSoC4/cyfitter_cfg.c **** 
  18:.\Generated_Source\PSoC4/cyfitter_cfg.c **** #include <string.h>
  19:.\Generated_Source\PSoC4/cyfitter_cfg.c **** #include "cytypes.h"
  20:.\Generated_Source\PSoC4/cyfitter_cfg.c **** #include "cydevice_trm.h"
  21:.\Generated_Source\PSoC4/cyfitter_cfg.c **** #include "cyfitter.h"
  22:.\Generated_Source\PSoC4/cyfitter_cfg.c **** #include "CyLib.h"
  23:.\Generated_Source\PSoC4/cyfitter_cfg.c **** #include "CyLFClk.h"
  24:.\Generated_Source\PSoC4/cyfitter_cfg.c **** #include "cyfitter_cfg.h"
  25:.\Generated_Source\PSoC4/cyfitter_cfg.c **** 
  26:.\Generated_Source\PSoC4/cyfitter_cfg.c **** 
  27:.\Generated_Source\PSoC4/cyfitter_cfg.c **** #if defined(__GNUC__) || defined(__ARMCC_VERSION)
  28:.\Generated_Source\PSoC4/cyfitter_cfg.c ****     #define CYPACKED 
  29:.\Generated_Source\PSoC4/cyfitter_cfg.c ****     #define CYPACKED_ATTR __attribute__ ((packed))
  30:.\Generated_Source\PSoC4/cyfitter_cfg.c ****     #define CYALIGNED __attribute__ ((aligned))
  31:.\Generated_Source\PSoC4/cyfitter_cfg.c ****     #define CY_CFG_UNUSED __attribute__ ((unused))
  32:.\Generated_Source\PSoC4/cyfitter_cfg.c ****     #ifndef CY_CFG_SECTION
  33:.\Generated_Source\PSoC4/cyfitter_cfg.c ****         #define CY_CFG_SECTION __attribute__ ((section(".psocinit")))
ARM GAS  C:\Users\Henny\AppData\Local\Temp\ccbFNYnw.s 			page 2


  34:.\Generated_Source\PSoC4/cyfitter_cfg.c ****     #endif
  35:.\Generated_Source\PSoC4/cyfitter_cfg.c ****     
  36:.\Generated_Source\PSoC4/cyfitter_cfg.c ****     #if defined(__ARMCC_VERSION)
  37:.\Generated_Source\PSoC4/cyfitter_cfg.c ****         #define CY_CFG_MEMORY_BARRIER() __memory_changed()
  38:.\Generated_Source\PSoC4/cyfitter_cfg.c ****     #else
  39:.\Generated_Source\PSoC4/cyfitter_cfg.c ****         #define CY_CFG_MEMORY_BARRIER() __sync_synchronize()
  40:.\Generated_Source\PSoC4/cyfitter_cfg.c ****     #endif
  41:.\Generated_Source\PSoC4/cyfitter_cfg.c ****     
  42:.\Generated_Source\PSoC4/cyfitter_cfg.c **** #elif defined(__ICCARM__)
  43:.\Generated_Source\PSoC4/cyfitter_cfg.c ****     #include <intrinsics.h>
  44:.\Generated_Source\PSoC4/cyfitter_cfg.c **** 
  45:.\Generated_Source\PSoC4/cyfitter_cfg.c ****     #define CYPACKED __packed
  46:.\Generated_Source\PSoC4/cyfitter_cfg.c ****     #define CYPACKED_ATTR 
  47:.\Generated_Source\PSoC4/cyfitter_cfg.c ****     #define CYALIGNED _Pragma("data_alignment=4")
  48:.\Generated_Source\PSoC4/cyfitter_cfg.c ****     #define CY_CFG_UNUSED _Pragma("diag_suppress=Pe177")
  49:.\Generated_Source\PSoC4/cyfitter_cfg.c ****     #define CY_CFG_SECTION _Pragma("location=\".psocinit\"")
  50:.\Generated_Source\PSoC4/cyfitter_cfg.c ****     
  51:.\Generated_Source\PSoC4/cyfitter_cfg.c ****     #define CY_CFG_MEMORY_BARRIER() __DMB()
  52:.\Generated_Source\PSoC4/cyfitter_cfg.c ****     
  53:.\Generated_Source\PSoC4/cyfitter_cfg.c **** #else
  54:.\Generated_Source\PSoC4/cyfitter_cfg.c ****     #error Unsupported toolchain
  55:.\Generated_Source\PSoC4/cyfitter_cfg.c **** #endif
  56:.\Generated_Source\PSoC4/cyfitter_cfg.c **** 
  57:.\Generated_Source\PSoC4/cyfitter_cfg.c **** 
  58:.\Generated_Source\PSoC4/cyfitter_cfg.c **** CY_CFG_UNUSED
  59:.\Generated_Source\PSoC4/cyfitter_cfg.c **** static void CYMEMZERO(void *s, size_t n);
  60:.\Generated_Source\PSoC4/cyfitter_cfg.c **** CY_CFG_UNUSED
  61:.\Generated_Source\PSoC4/cyfitter_cfg.c **** static void CYMEMZERO(void *s, size_t n)
  62:.\Generated_Source\PSoC4/cyfitter_cfg.c **** {
  63:.\Generated_Source\PSoC4/cyfitter_cfg.c **** 	(void)memset(s, 0, n);
  64:.\Generated_Source\PSoC4/cyfitter_cfg.c **** }
  65:.\Generated_Source\PSoC4/cyfitter_cfg.c **** CY_CFG_UNUSED
  66:.\Generated_Source\PSoC4/cyfitter_cfg.c **** static void CYCONFIGCPY(void *dest, const void *src, size_t n);
  67:.\Generated_Source\PSoC4/cyfitter_cfg.c **** CY_CFG_UNUSED
  68:.\Generated_Source\PSoC4/cyfitter_cfg.c **** static void CYCONFIGCPY(void *dest, const void *src, size_t n)
  69:.\Generated_Source\PSoC4/cyfitter_cfg.c **** {
  70:.\Generated_Source\PSoC4/cyfitter_cfg.c **** 	(void)memcpy(dest, src, n);
  71:.\Generated_Source\PSoC4/cyfitter_cfg.c **** }
  72:.\Generated_Source\PSoC4/cyfitter_cfg.c **** CY_CFG_UNUSED
  73:.\Generated_Source\PSoC4/cyfitter_cfg.c **** static void CYCONFIGCPYCODE(void *dest, const void *src, size_t n);
  74:.\Generated_Source\PSoC4/cyfitter_cfg.c **** CY_CFG_UNUSED
  75:.\Generated_Source\PSoC4/cyfitter_cfg.c **** static void CYCONFIGCPYCODE(void *dest, const void *src, size_t n)
  76:.\Generated_Source\PSoC4/cyfitter_cfg.c **** {
  77:.\Generated_Source\PSoC4/cyfitter_cfg.c **** 	(void)memcpy(dest, src, n);
  78:.\Generated_Source\PSoC4/cyfitter_cfg.c **** }
  79:.\Generated_Source\PSoC4/cyfitter_cfg.c **** 
  80:.\Generated_Source\PSoC4/cyfitter_cfg.c **** 
  81:.\Generated_Source\PSoC4/cyfitter_cfg.c **** 
  82:.\Generated_Source\PSoC4/cyfitter_cfg.c **** /* Clock startup error codes                                                   */
  83:.\Generated_Source\PSoC4/cyfitter_cfg.c **** #define CYCLOCKSTART_NO_ERROR    0u
  84:.\Generated_Source\PSoC4/cyfitter_cfg.c **** #define CYCLOCKSTART_XTAL_ERROR  1u
  85:.\Generated_Source\PSoC4/cyfitter_cfg.c **** #define CYCLOCKSTART_32KHZ_ERROR 2u
  86:.\Generated_Source\PSoC4/cyfitter_cfg.c **** #define CYCLOCKSTART_PLL_ERROR   3u
  87:.\Generated_Source\PSoC4/cyfitter_cfg.c **** 
  88:.\Generated_Source\PSoC4/cyfitter_cfg.c **** #ifdef CY_NEED_CYCLOCKSTARTUPERROR
  89:.\Generated_Source\PSoC4/cyfitter_cfg.c **** /*******************************************************************************
  90:.\Generated_Source\PSoC4/cyfitter_cfg.c **** * Function Name: CyClockStartupError
ARM GAS  C:\Users\Henny\AppData\Local\Temp\ccbFNYnw.s 			page 3


  91:.\Generated_Source\PSoC4/cyfitter_cfg.c **** ********************************************************************************
  92:.\Generated_Source\PSoC4/cyfitter_cfg.c **** * Summary:
  93:.\Generated_Source\PSoC4/cyfitter_cfg.c **** *  If an error is encountered during clock configuration (crystal startup error,
  94:.\Generated_Source\PSoC4/cyfitter_cfg.c **** *  PLL lock error, etc.), the system will end up here.  Unless reimplemented by
  95:.\Generated_Source\PSoC4/cyfitter_cfg.c **** *  the customer, this function will stop in an infinite loop.
  96:.\Generated_Source\PSoC4/cyfitter_cfg.c **** *
  97:.\Generated_Source\PSoC4/cyfitter_cfg.c **** * Parameters:
  98:.\Generated_Source\PSoC4/cyfitter_cfg.c **** *   void
  99:.\Generated_Source\PSoC4/cyfitter_cfg.c **** *
 100:.\Generated_Source\PSoC4/cyfitter_cfg.c **** * Return:
 101:.\Generated_Source\PSoC4/cyfitter_cfg.c **** *   void
 102:.\Generated_Source\PSoC4/cyfitter_cfg.c **** *
 103:.\Generated_Source\PSoC4/cyfitter_cfg.c **** *******************************************************************************/
 104:.\Generated_Source\PSoC4/cyfitter_cfg.c **** CY_CFG_UNUSED
 105:.\Generated_Source\PSoC4/cyfitter_cfg.c **** static void CyClockStartupError(uint8 errorCode);
 106:.\Generated_Source\PSoC4/cyfitter_cfg.c **** CY_CFG_UNUSED
 107:.\Generated_Source\PSoC4/cyfitter_cfg.c **** static void CyClockStartupError(uint8 errorCode)
 108:.\Generated_Source\PSoC4/cyfitter_cfg.c **** {
 109:.\Generated_Source\PSoC4/cyfitter_cfg.c ****     /* To remove the compiler warning if errorCode not used.                */
 110:.\Generated_Source\PSoC4/cyfitter_cfg.c ****     errorCode = errorCode;
 111:.\Generated_Source\PSoC4/cyfitter_cfg.c **** 
 112:.\Generated_Source\PSoC4/cyfitter_cfg.c ****     /* `#START CyClockStartupError` */
 113:.\Generated_Source\PSoC4/cyfitter_cfg.c **** 
 114:.\Generated_Source\PSoC4/cyfitter_cfg.c ****     /* If we have a clock startup error (bad MHz crystal, PLL lock, etc.),  */
 115:.\Generated_Source\PSoC4/cyfitter_cfg.c ****     /* we will end up here to allow the customer to implement something to  */
 116:.\Generated_Source\PSoC4/cyfitter_cfg.c ****     /* deal with the clock condition.                                       */
 117:.\Generated_Source\PSoC4/cyfitter_cfg.c **** 
 118:.\Generated_Source\PSoC4/cyfitter_cfg.c ****     /* `#END` */
 119:.\Generated_Source\PSoC4/cyfitter_cfg.c **** 
 120:.\Generated_Source\PSoC4/cyfitter_cfg.c ****     /* If nothing else, stop here since the clocks have not started         */
 121:.\Generated_Source\PSoC4/cyfitter_cfg.c ****     /* correctly.                                                           */
 122:.\Generated_Source\PSoC4/cyfitter_cfg.c ****     while(1) {}
 123:.\Generated_Source\PSoC4/cyfitter_cfg.c **** }
 124:.\Generated_Source\PSoC4/cyfitter_cfg.c **** #endif
 125:.\Generated_Source\PSoC4/cyfitter_cfg.c **** 
 126:.\Generated_Source\PSoC4/cyfitter_cfg.c **** 
 127:.\Generated_Source\PSoC4/cyfitter_cfg.c **** 
 128:.\Generated_Source\PSoC4/cyfitter_cfg.c **** /*******************************************************************************
 129:.\Generated_Source\PSoC4/cyfitter_cfg.c **** * Function Name: ClockSetup
 130:.\Generated_Source\PSoC4/cyfitter_cfg.c **** ********************************************************************************
 131:.\Generated_Source\PSoC4/cyfitter_cfg.c **** *
 132:.\Generated_Source\PSoC4/cyfitter_cfg.c **** * Summary:
 133:.\Generated_Source\PSoC4/cyfitter_cfg.c **** *   Performs the initialization of all of the clocks in the device based on the
 134:.\Generated_Source\PSoC4/cyfitter_cfg.c **** *   settings in the Clock tab of the DWR.  This includes enabling the requested
 135:.\Generated_Source\PSoC4/cyfitter_cfg.c **** *   clocks and setting the necessary dividers to produce the desired frequency. 
 136:.\Generated_Source\PSoC4/cyfitter_cfg.c **** *
 137:.\Generated_Source\PSoC4/cyfitter_cfg.c **** * Parameters:
 138:.\Generated_Source\PSoC4/cyfitter_cfg.c **** *   void
 139:.\Generated_Source\PSoC4/cyfitter_cfg.c **** *
 140:.\Generated_Source\PSoC4/cyfitter_cfg.c **** * Return:
 141:.\Generated_Source\PSoC4/cyfitter_cfg.c **** *   void
 142:.\Generated_Source\PSoC4/cyfitter_cfg.c **** *
 143:.\Generated_Source\PSoC4/cyfitter_cfg.c **** *******************************************************************************/
 144:.\Generated_Source\PSoC4/cyfitter_cfg.c **** static void ClockSetup(void);
 145:.\Generated_Source\PSoC4/cyfitter_cfg.c **** CY_CFG_SECTION
 146:.\Generated_Source\PSoC4/cyfitter_cfg.c **** static void ClockSetup(void)
 147:.\Generated_Source\PSoC4/cyfitter_cfg.c **** {
ARM GAS  C:\Users\Henny\AppData\Local\Temp\ccbFNYnw.s 			page 4


 148:.\Generated_Source\PSoC4/cyfitter_cfg.c **** 
 149:.\Generated_Source\PSoC4/cyfitter_cfg.c **** 	/* Set Flash Cycles based on max possible frequency in case a glitch occurs during ClockSetup(). *
 150:.\Generated_Source\PSoC4/cyfitter_cfg.c **** 	CY_SET_REG32((void CYXDATA *)(CYREG_CPUSS_FLASH_CTL), (0x0012u));
 151:.\Generated_Source\PSoC4/cyfitter_cfg.c **** 
 152:.\Generated_Source\PSoC4/cyfitter_cfg.c **** 	/* Start the WCO */
 153:.\Generated_Source\PSoC4/cyfitter_cfg.c **** 	CySysClkWcoStart();
 154:.\Generated_Source\PSoC4/cyfitter_cfg.c **** 	CyDelayCycles(12000000u); /* WCO may take up to 500ms to start */
 155:.\Generated_Source\PSoC4/cyfitter_cfg.c **** 	(void)CySysClkWcoSetPowerMode(CY_SYS_CLK_WCO_LPM);    /* Switch to the low power mode */
 156:.\Generated_Source\PSoC4/cyfitter_cfg.c **** 
 157:.\Generated_Source\PSoC4/cyfitter_cfg.c **** 	/* Setup and trim IMO based on desired frequency. */
 158:.\Generated_Source\PSoC4/cyfitter_cfg.c **** 	CySysClkWriteImoFreq(48u);
 159:.\Generated_Source\PSoC4/cyfitter_cfg.c **** 	/* CYDEV_CLK_ILO_CONFIG Starting address: CYDEV_CLK_ILO_CONFIG */
 160:.\Generated_Source\PSoC4/cyfitter_cfg.c **** 	CY_SET_XTND_REG32((void CYFAR *)(CYREG_CLK_ILO_CONFIG), 0x80000006u);
 161:.\Generated_Source\PSoC4/cyfitter_cfg.c **** 
 162:.\Generated_Source\PSoC4/cyfitter_cfg.c **** 	/* CYDEV_WDT_CONFIG Starting address: CYDEV_WDT_CONFIG */
 163:.\Generated_Source\PSoC4/cyfitter_cfg.c **** 	CY_SET_XTND_REG32((void CYFAR *)(CYREG_WDT_CONFIG), 0x40000000u);
 164:.\Generated_Source\PSoC4/cyfitter_cfg.c **** 
 165:.\Generated_Source\PSoC4/cyfitter_cfg.c **** 
 166:.\Generated_Source\PSoC4/cyfitter_cfg.c **** 	/* Enable fast start mode for XO */
 167:.\Generated_Source\PSoC4/cyfitter_cfg.c **** 	CY_SET_REG32((void*)CYREG_BLE_BLERD_BB_XO, CY_GET_REG32((void*)CYREG_BLE_BLERD_BB_XO) | (uint32)0x
 168:.\Generated_Source\PSoC4/cyfitter_cfg.c **** 	CY_SET_XTND_REG32((void CYFAR *)(CYREG_BLE_BLERD_BB_XO_CAPTRIM), 0x00003E2Du);
 169:.\Generated_Source\PSoC4/cyfitter_cfg.c **** 	/* Disable Crystal Stable Interrupt before enabling ECO */
 170:.\Generated_Source\PSoC4/cyfitter_cfg.c **** 	CY_SET_REG32((void*)CYREG_BLE_BLESS_LL_DSM_CTRL, CY_GET_REG32((void*)CYREG_BLE_BLESS_LL_DSM_CTRL) 
 171:.\Generated_Source\PSoC4/cyfitter_cfg.c **** 	/* Start the ECO and do not check status since it is not needed for HFCLK */
 172:.\Generated_Source\PSoC4/cyfitter_cfg.c **** 	(void)CySysClkEcoStart(2000u);
 173:.\Generated_Source\PSoC4/cyfitter_cfg.c **** 	CyDelayUs(1500u); /* Wait to stabalize */
 174:.\Generated_Source\PSoC4/cyfitter_cfg.c **** 
 175:.\Generated_Source\PSoC4/cyfitter_cfg.c **** 	/* Setup phase aligned clocks */
 176:.\Generated_Source\PSoC4/cyfitter_cfg.c **** 	CY_SET_REG32((void *)CYREG_PERI_DIV_16_CTL0, 0x00001D00u);
 177:.\Generated_Source\PSoC4/cyfitter_cfg.c **** 	CY_SET_REG32((void *)CYREG_PERI_DIV_CMD, 0x8000FF40u);
 178:.\Generated_Source\PSoC4/cyfitter_cfg.c **** 	CY_SET_REG32((void *)CYREG_PERI_DIV_16_CTL1, 0x0001A000u);
 179:.\Generated_Source\PSoC4/cyfitter_cfg.c **** 	CY_SET_REG32((void *)CYREG_PERI_DIV_CMD, 0x8000FF41u);
 180:.\Generated_Source\PSoC4/cyfitter_cfg.c **** 
 181:.\Generated_Source\PSoC4/cyfitter_cfg.c **** 	/* CYDEV_CLK_IMO_CONFIG Starting address: CYDEV_CLK_IMO_CONFIG */
 182:.\Generated_Source\PSoC4/cyfitter_cfg.c **** 	CY_SET_XTND_REG32((void CYFAR *)(CYREG_CLK_IMO_CONFIG), 0x80000000u);
 183:.\Generated_Source\PSoC4/cyfitter_cfg.c **** 
 184:.\Generated_Source\PSoC4/cyfitter_cfg.c **** 	/* CYDEV_CLK_SELECT Starting address: CYDEV_CLK_SELECT */
 185:.\Generated_Source\PSoC4/cyfitter_cfg.c **** 	CY_SET_XTND_REG32((void CYFAR *)(CYREG_CLK_SELECT), 0x00040000u);
 186:.\Generated_Source\PSoC4/cyfitter_cfg.c **** 
 187:.\Generated_Source\PSoC4/cyfitter_cfg.c **** 	/* CYDEV_PERI_PCLK_CTL2 Starting address: CYDEV_PERI_PCLK_CTL2 */
 188:.\Generated_Source\PSoC4/cyfitter_cfg.c **** 	CY_SET_XTND_REG32((void CYFAR *)(CYREG_PERI_PCLK_CTL2), 0x00000040u);
 189:.\Generated_Source\PSoC4/cyfitter_cfg.c **** 
 190:.\Generated_Source\PSoC4/cyfitter_cfg.c **** 	/* CYDEV_PERI_PCLK_CTL1 Starting address: CYDEV_PERI_PCLK_CTL1 */
 191:.\Generated_Source\PSoC4/cyfitter_cfg.c **** 	CY_SET_XTND_REG32((void CYFAR *)(CYREG_PERI_PCLK_CTL1), 0x00000041u);
 192:.\Generated_Source\PSoC4/cyfitter_cfg.c **** 
 193:.\Generated_Source\PSoC4/cyfitter_cfg.c **** 	(void)CyIntSetVector(8u, &CySysWdtIsr);
 194:.\Generated_Source\PSoC4/cyfitter_cfg.c **** 	CyIntEnable(8u);
 195:.\Generated_Source\PSoC4/cyfitter_cfg.c **** 	CY_SET_XTND_REG32((void CYFAR *)(CYREG_WDT_CONFIG), 0x40000000u);
 196:.\Generated_Source\PSoC4/cyfitter_cfg.c **** }
 197:.\Generated_Source\PSoC4/cyfitter_cfg.c **** 
 198:.\Generated_Source\PSoC4/cyfitter_cfg.c **** 
 199:.\Generated_Source\PSoC4/cyfitter_cfg.c **** /* Analog API Functions */
 200:.\Generated_Source\PSoC4/cyfitter_cfg.c **** 
 201:.\Generated_Source\PSoC4/cyfitter_cfg.c **** 
 202:.\Generated_Source\PSoC4/cyfitter_cfg.c **** /*******************************************************************************
 203:.\Generated_Source\PSoC4/cyfitter_cfg.c **** * Function Name: AnalogSetDefault
 204:.\Generated_Source\PSoC4/cyfitter_cfg.c **** ********************************************************************************
ARM GAS  C:\Users\Henny\AppData\Local\Temp\ccbFNYnw.s 			page 5


 205:.\Generated_Source\PSoC4/cyfitter_cfg.c **** *
 206:.\Generated_Source\PSoC4/cyfitter_cfg.c **** * Summary:
 207:.\Generated_Source\PSoC4/cyfitter_cfg.c **** *  Sets up the analog portions of the chip to default values based on chip
 208:.\Generated_Source\PSoC4/cyfitter_cfg.c **** *  configuration options from the project.
 209:.\Generated_Source\PSoC4/cyfitter_cfg.c **** *
 210:.\Generated_Source\PSoC4/cyfitter_cfg.c **** * Parameters:
 211:.\Generated_Source\PSoC4/cyfitter_cfg.c **** *  void
 212:.\Generated_Source\PSoC4/cyfitter_cfg.c **** *
 213:.\Generated_Source\PSoC4/cyfitter_cfg.c **** * Return:
 214:.\Generated_Source\PSoC4/cyfitter_cfg.c **** *  void
 215:.\Generated_Source\PSoC4/cyfitter_cfg.c **** *
 216:.\Generated_Source\PSoC4/cyfitter_cfg.c **** *******************************************************************************/
 217:.\Generated_Source\PSoC4/cyfitter_cfg.c **** static void AnalogSetDefault(void);
 218:.\Generated_Source\PSoC4/cyfitter_cfg.c **** static void AnalogSetDefault(void)
 219:.\Generated_Source\PSoC4/cyfitter_cfg.c **** {
  25              		.loc 1 219 0
  26              		.cfi_startproc
 220:.\Generated_Source\PSoC4/cyfitter_cfg.c **** 	CY_SET_XTND_REG32((void CYFAR *)CYREG_CTBM0_DFT_CTRL, 0x00000003u);
  27              		.loc 1 220 0
  28 0000 0323     		mov	r3, #3
  29 0002 044A     		ldr	r2, .L2
  30 0004 1360     		str	r3, [r2]
 221:.\Generated_Source\PSoC4/cyfitter_cfg.c **** 	CY_SET_XTND_REG32((void CYFAR *)CYREG_CTBM1_DFT_CTRL, 0x00000003u);
  31              		.loc 1 221 0
  32 0006 044A     		ldr	r2, .L2+4
  33 0008 1360     		str	r3, [r2]
 222:.\Generated_Source\PSoC4/cyfitter_cfg.c **** 	CY_SET_XTND_REG32((void CYFAR *)CYREG_PASS_DSAB_DSAB_CTRL, 0x00000000u);
  34              		.loc 1 222 0
  35 000a 0022     		mov	r2, #0
  36 000c 034B     		ldr	r3, .L2+8
  37 000e 1A60     		str	r2, [r3]
 223:.\Generated_Source\PSoC4/cyfitter_cfg.c **** }
  38              		.loc 1 223 0
  39              		@ sp needed
  40 0010 7047     		bx	lr
  41              	.L3:
  42 0012 C046     		.align	2
  43              	.L2:
  44 0014 30003040 		.word	1076887600
  45 0018 30003140 		.word	1076953136
  46 001c 000E3F40 		.word	1077874176
  47              		.cfi_endproc
  48              	.LFE6:
  49              		.size	AnalogSetDefault, .-AnalogSetDefault
  50              		.section	.text.CYMEMZERO,"ax",%progbits
  51              		.align	2
  52              		.code	16
  53              		.thumb_func
  54              		.type	CYMEMZERO, %function
  55              	CYMEMZERO:
  56              	.LFB2:
  62:.\Generated_Source\PSoC4/cyfitter_cfg.c **** 	(void)memset(s, 0, n);
  57              		.loc 1 62 0
  58              		.cfi_startproc
  59              	.LVL0:
  60 0000 08B5     		push	{r3, lr}
  61              		.cfi_def_cfa_offset 8
ARM GAS  C:\Users\Henny\AppData\Local\Temp\ccbFNYnw.s 			page 6


  62              		.cfi_offset 3, -8
  63              		.cfi_offset 14, -4
  64 0002 0A1C     		mov	r2, r1
  63:.\Generated_Source\PSoC4/cyfitter_cfg.c **** }
  65              		.loc 1 63 0
  66 0004 0021     		mov	r1, #0
  67              	.LVL1:
  68 0006 FFF7FEFF 		bl	memset
  69              	.LVL2:
  64:.\Generated_Source\PSoC4/cyfitter_cfg.c **** CY_CFG_UNUSED
  70              		.loc 1 64 0
  71              		@ sp needed
  72 000a 08BD     		pop	{r3, pc}
  73              		.cfi_endproc
  74              	.LFE2:
  75              		.size	CYMEMZERO, .-CYMEMZERO
  76              		.section	.psocinit,"ax",%progbits
  77              		.align	2
  78              		.code	16
  79              		.thumb_func
  80              		.type	ClockSetup, %function
  81              	ClockSetup:
  82              	.LFB5:
 147:.\Generated_Source\PSoC4/cyfitter_cfg.c **** 
  83              		.loc 1 147 0
  84              		.cfi_startproc
  85 0000 38B5     		push	{r3, r4, r5, lr}
  86              		.cfi_def_cfa_offset 16
  87              		.cfi_offset 3, -16
  88              		.cfi_offset 4, -12
  89              		.cfi_offset 5, -8
  90              		.cfi_offset 14, -4
 150:.\Generated_Source\PSoC4/cyfitter_cfg.c **** 
  91              		.loc 1 150 0
  92 0002 1222     		mov	r2, #18
  93 0004 254B     		ldr	r3, .L6
  94 0006 1A60     		str	r2, [r3]
 153:.\Generated_Source\PSoC4/cyfitter_cfg.c **** 	CyDelayCycles(12000000u); /* WCO may take up to 500ms to start */
  95              		.loc 1 153 0
  96 0008 FFF7FEFF 		bl	CySysClkWcoStart
  97              	.LVL3:
 154:.\Generated_Source\PSoC4/cyfitter_cfg.c **** 	(void)CySysClkWcoSetPowerMode(CY_SYS_CLK_WCO_LPM);    /* Switch to the low power mode */
  98              		.loc 1 154 0
  99 000c 2448     		ldr	r0, .L6+4
 100 000e FFF7FEFF 		bl	CyDelayCycles
 101              	.LVL4:
 155:.\Generated_Source\PSoC4/cyfitter_cfg.c **** 
 102              		.loc 1 155 0
 103 0012 0120     		mov	r0, #1
 104 0014 FFF7FEFF 		bl	CySysClkWcoSetPowerMode
 105              	.LVL5:
 158:.\Generated_Source\PSoC4/cyfitter_cfg.c **** 	/* CYDEV_CLK_ILO_CONFIG Starting address: CYDEV_CLK_ILO_CONFIG */
 106              		.loc 1 158 0
 107 0018 3020     		mov	r0, #48
 108 001a FFF7FEFF 		bl	CySysClkWriteImoFreq
 109              	.LVL6:
 160:.\Generated_Source\PSoC4/cyfitter_cfg.c **** 
ARM GAS  C:\Users\Henny\AppData\Local\Temp\ccbFNYnw.s 			page 7


 110              		.loc 1 160 0
 111 001e 214A     		ldr	r2, .L6+8
 112 0020 214B     		ldr	r3, .L6+12
 113 0022 1A60     		str	r2, [r3]
 163:.\Generated_Source\PSoC4/cyfitter_cfg.c **** 
 114              		.loc 1 163 0
 115 0024 214C     		ldr	r4, .L6+16
 116 0026 8025     		mov	r5, #128
 117 0028 ED05     		lsl	r5, r5, #23
 118 002a 2560     		str	r5, [r4]
 167:.\Generated_Source\PSoC4/cyfitter_cfg.c **** 	CY_SET_XTND_REG32((void CYFAR *)(CYREG_BLE_BLERD_BB_XO_CAPTRIM), 0x00003E2Du);
 119              		.loc 1 167 0
 120 002c 204A     		ldr	r2, .L6+20
 121 002e 1168     		ldr	r1, [r2]
 122 0030 0223     		mov	r3, #2
 123 0032 0B43     		orr	r3, r1
 124 0034 1360     		str	r3, [r2]
 168:.\Generated_Source\PSoC4/cyfitter_cfg.c **** 	/* Disable Crystal Stable Interrupt before enabling ECO */
 125              		.loc 1 168 0
 126 0036 1F4A     		ldr	r2, .L6+24
 127 0038 1F4B     		ldr	r3, .L6+28
 128 003a 1A60     		str	r2, [r3]
 170:.\Generated_Source\PSoC4/cyfitter_cfg.c **** 	/* Start the ECO and do not check status since it is not needed for HFCLK */
 129              		.loc 1 170 0
 130 003c 1F4A     		ldr	r2, .L6+32
 131 003e 1368     		ldr	r3, [r2]
 132 0040 0821     		mov	r1, #8
 133 0042 8B43     		bic	r3, r1
 134 0044 1360     		str	r3, [r2]
 172:.\Generated_Source\PSoC4/cyfitter_cfg.c **** 	CyDelayUs(1500u); /* Wait to stabalize */
 135              		.loc 1 172 0
 136 0046 FA20     		mov	r0, #250
 137 0048 C000     		lsl	r0, r0, #3
 138 004a FFF7FEFF 		bl	CySysClkEcoStart
 139              	.LVL7:
 173:.\Generated_Source\PSoC4/cyfitter_cfg.c **** 
 140              		.loc 1 173 0
 141 004e 1C48     		ldr	r0, .L6+36
 142 0050 FFF7FEFF 		bl	CyDelayUs
 143              	.LVL8:
 176:.\Generated_Source\PSoC4/cyfitter_cfg.c **** 	CY_SET_REG32((void *)CYREG_PERI_DIV_CMD, 0x8000FF40u);
 144              		.loc 1 176 0
 145 0054 E822     		mov	r2, #232
 146 0056 5201     		lsl	r2, r2, #5
 147 0058 1A4B     		ldr	r3, .L6+40
 148 005a 1A60     		str	r2, [r3]
 177:.\Generated_Source\PSoC4/cyfitter_cfg.c **** 	CY_SET_REG32((void *)CYREG_PERI_DIV_16_CTL1, 0x0001A000u);
 149              		.loc 1 177 0
 150 005c 1A4B     		ldr	r3, .L6+44
 151 005e 1B4A     		ldr	r2, .L6+48
 152 0060 1A60     		str	r2, [r3]
 178:.\Generated_Source\PSoC4/cyfitter_cfg.c **** 	CY_SET_REG32((void *)CYREG_PERI_DIV_CMD, 0x8000FF41u);
 153              		.loc 1 178 0
 154 0062 D021     		mov	r1, #208
 155 0064 4902     		lsl	r1, r1, #9
 156 0066 1A4A     		ldr	r2, .L6+52
 157 0068 1160     		str	r1, [r2]
ARM GAS  C:\Users\Henny\AppData\Local\Temp\ccbFNYnw.s 			page 8


 179:.\Generated_Source\PSoC4/cyfitter_cfg.c **** 
 158              		.loc 1 179 0
 159 006a 1A4A     		ldr	r2, .L6+56
 160 006c 1A60     		str	r2, [r3]
 182:.\Generated_Source\PSoC4/cyfitter_cfg.c **** 
 161              		.loc 1 182 0
 162 006e 8022     		mov	r2, #128
 163 0070 1206     		lsl	r2, r2, #24
 164 0072 194B     		ldr	r3, .L6+60
 165 0074 1A60     		str	r2, [r3]
 185:.\Generated_Source\PSoC4/cyfitter_cfg.c **** 
 166              		.loc 1 185 0
 167 0076 8022     		mov	r2, #128
 168 0078 D202     		lsl	r2, r2, #11
 169 007a 184B     		ldr	r3, .L6+64
 170 007c 1A60     		str	r2, [r3]
 188:.\Generated_Source\PSoC4/cyfitter_cfg.c **** 
 171              		.loc 1 188 0
 172 007e 4022     		mov	r2, #64
 173 0080 174B     		ldr	r3, .L6+68
 174 0082 1A60     		str	r2, [r3]
 191:.\Generated_Source\PSoC4/cyfitter_cfg.c **** 
 175              		.loc 1 191 0
 176 0084 0132     		add	r2, r2, #1
 177 0086 174B     		ldr	r3, .L6+72
 178 0088 1A60     		str	r2, [r3]
 193:.\Generated_Source\PSoC4/cyfitter_cfg.c **** 	CyIntEnable(8u);
 179              		.loc 1 193 0
 180 008a 0820     		mov	r0, #8
 181 008c 1649     		ldr	r1, .L6+76
 182 008e FFF7FEFF 		bl	CyIntSetVector
 183              	.LVL9:
 194:.\Generated_Source\PSoC4/cyfitter_cfg.c **** 	CY_SET_XTND_REG32((void CYFAR *)(CYREG_WDT_CONFIG), 0x40000000u);
 184              		.loc 1 194 0
 185 0092 0820     		mov	r0, #8
 186 0094 FFF7FEFF 		bl	CyIntEnable
 187              	.LVL10:
 195:.\Generated_Source\PSoC4/cyfitter_cfg.c **** }
 188              		.loc 1 195 0
 189 0098 2560     		str	r5, [r4]
 196:.\Generated_Source\PSoC4/cyfitter_cfg.c **** 
 190              		.loc 1 196 0
 191              		@ sp needed
 192 009a 38BD     		pop	{r3, r4, r5, pc}
 193              	.L7:
 194              		.align	2
 195              	.L6:
 196 009c 30001040 		.word	1074790448
 197 00a0 001BB700 		.word	12000000
 198 00a4 06000080 		.word	-2147483642
 199 00a8 04010B40 		.word	1074462980
 200 00ac 0C020B40 		.word	1074463244
 201 00b0 78002E40 		.word	1076756600
 202 00b4 2D3E0000 		.word	15917
 203 00b8 7C002E40 		.word	1076756604
 204 00bc 6CF02E40 		.word	1076818028
 205 00c0 DC050000 		.word	1500
ARM GAS  C:\Users\Henny\AppData\Local\Temp\ccbFNYnw.s 			page 9


 206 00c4 00030140 		.word	1073808128
 207 00c8 00000140 		.word	1073807360
 208 00cc 40FF0080 		.word	-2147418304
 209 00d0 04030140 		.word	1073808132
 210 00d4 41FF0080 		.word	-2147418303
 211 00d8 08010B40 		.word	1074462984
 212 00dc 00010B40 		.word	1074462976
 213 00e0 08010140 		.word	1073807624
 214 00e4 04010140 		.word	1073807620
 215 00e8 00000000 		.word	CySysWdtIsr
 216              		.cfi_endproc
 217              	.LFE5:
 218              		.size	ClockSetup, .-ClockSetup
 219              		.align	2
 220              		.global	cyfitter_cfg
 221              		.code	16
 222              		.thumb_func
 223              		.type	cyfitter_cfg, %function
 224              	cyfitter_cfg:
 225              	.LFB7:
 224:.\Generated_Source\PSoC4/cyfitter_cfg.c **** 
 225:.\Generated_Source\PSoC4/cyfitter_cfg.c **** #define CY_AMUX_UNUSED CYREG_CM0_ROM_DWT
 226:.\Generated_Source\PSoC4/cyfitter_cfg.c **** 
 227:.\Generated_Source\PSoC4/cyfitter_cfg.c **** 
 228:.\Generated_Source\PSoC4/cyfitter_cfg.c **** /*******************************************************************************
 229:.\Generated_Source\PSoC4/cyfitter_cfg.c **** * Function Name: cyfitter_cfg
 230:.\Generated_Source\PSoC4/cyfitter_cfg.c **** ********************************************************************************
 231:.\Generated_Source\PSoC4/cyfitter_cfg.c **** * Summary:
 232:.\Generated_Source\PSoC4/cyfitter_cfg.c **** *  This function is called by the start-up code for the selected device. It
 233:.\Generated_Source\PSoC4/cyfitter_cfg.c **** *  performs all of the necessary device configuration based on the design
 234:.\Generated_Source\PSoC4/cyfitter_cfg.c **** *  settings.  This includes settings from the Design Wide Resources (DWR) such
 235:.\Generated_Source\PSoC4/cyfitter_cfg.c **** *  as Clocks and Pins as well as any component configuration that is necessary.
 236:.\Generated_Source\PSoC4/cyfitter_cfg.c **** *
 237:.\Generated_Source\PSoC4/cyfitter_cfg.c **** * Parameters:  
 238:.\Generated_Source\PSoC4/cyfitter_cfg.c **** *   void
 239:.\Generated_Source\PSoC4/cyfitter_cfg.c **** *
 240:.\Generated_Source\PSoC4/cyfitter_cfg.c **** * Return:
 241:.\Generated_Source\PSoC4/cyfitter_cfg.c **** *   void
 242:.\Generated_Source\PSoC4/cyfitter_cfg.c **** *
 243:.\Generated_Source\PSoC4/cyfitter_cfg.c **** *******************************************************************************/
 244:.\Generated_Source\PSoC4/cyfitter_cfg.c **** CY_CFG_SECTION
 245:.\Generated_Source\PSoC4/cyfitter_cfg.c **** void cyfitter_cfg(void)
 246:.\Generated_Source\PSoC4/cyfitter_cfg.c **** {
 226              		.loc 1 246 0
 227              		.cfi_startproc
 228 00ec 10B5     		push	{r4, lr}
 229              		.cfi_def_cfa_offset 8
 230              		.cfi_offset 4, -8
 231              		.cfi_offset 14, -4
 247:.\Generated_Source\PSoC4/cyfitter_cfg.c **** 	/* Disable interrupts by default. Let user enable if/when they want. */
 248:.\Generated_Source\PSoC4/cyfitter_cfg.c **** 	CyGlobalIntDisable;
 232              		.loc 1 248 0
 233              	@ 248 ".\Generated_Source\PSoC4\cyfitter_cfg.c" 1
 234 00ee 72B6     		CPSID   i
 235              	@ 0 "" 2
 249:.\Generated_Source\PSoC4/cyfitter_cfg.c **** 
 250:.\Generated_Source\PSoC4/cyfitter_cfg.c **** 	CY_SET_XTND_REG32((void CYFAR *)(CYREG_BLE_BLESS_LL_DSM_CTRL), 0x00000000u);
ARM GAS  C:\Users\Henny\AppData\Local\Temp\ccbFNYnw.s 			page 10


 236              		.loc 1 250 0
 237              		.code	16
 238 00f0 0022     		mov	r2, #0
 239 00f2 2D4B     		ldr	r3, .L11
 240 00f4 1A60     		str	r2, [r3]
 241              	.LVL11:
 242              	.LBB2:
 251:.\Generated_Source\PSoC4/cyfitter_cfg.c **** 
 252:.\Generated_Source\PSoC4/cyfitter_cfg.c **** 	{
 253:.\Generated_Source\PSoC4/cyfitter_cfg.c **** 
 254:.\Generated_Source\PSoC4/cyfitter_cfg.c **** 		CYPACKED typedef struct {
 255:.\Generated_Source\PSoC4/cyfitter_cfg.c **** 			void CYFAR *address;
 256:.\Generated_Source\PSoC4/cyfitter_cfg.c **** 			uint16 size;
 257:.\Generated_Source\PSoC4/cyfitter_cfg.c **** 		} CYPACKED_ATTR cfg_memset_t;
 258:.\Generated_Source\PSoC4/cyfitter_cfg.c **** 
 259:.\Generated_Source\PSoC4/cyfitter_cfg.c **** 		static const cfg_memset_t CYCODE cfg_memset_list [] = {
 260:.\Generated_Source\PSoC4/cyfitter_cfg.c **** 			/* address, size */
 261:.\Generated_Source\PSoC4/cyfitter_cfg.c **** 			{(void CYFAR *)(CYDEV_UDB_P0_U0_BASE), 1024u},
 262:.\Generated_Source\PSoC4/cyfitter_cfg.c **** 			{(void CYFAR *)(CYDEV_UDB_DSI0_BASE), 1024u},
 263:.\Generated_Source\PSoC4/cyfitter_cfg.c **** 		};
 264:.\Generated_Source\PSoC4/cyfitter_cfg.c **** 
 265:.\Generated_Source\PSoC4/cyfitter_cfg.c **** 		uint8 CYDATA i;
 266:.\Generated_Source\PSoC4/cyfitter_cfg.c **** 
 267:.\Generated_Source\PSoC4/cyfitter_cfg.c **** 		/* Zero out critical memory blocks before beginning configuration */
 268:.\Generated_Source\PSoC4/cyfitter_cfg.c **** 		for (i = 0u; i < (sizeof(cfg_memset_list)/sizeof(cfg_memset_list[0])); i++)
 243              		.loc 1 268 0
 244 00f6 0024     		mov	r4, #0
 245 00f8 10E0     		b	.L9
 246              	.LVL12:
 247              	.L10:
 248              	.LBB3:
 269:.\Generated_Source\PSoC4/cyfitter_cfg.c **** 		{
 270:.\Generated_Source\PSoC4/cyfitter_cfg.c **** 			const cfg_memset_t CYCODE * CYDATA ms = &cfg_memset_list[i];
 271:.\Generated_Source\PSoC4/cyfitter_cfg.c **** 			CYMEMZERO(ms->address, (size_t)(uint32)(ms->size));
 249              		.loc 1 271 0 discriminator 3
 250 00fa 2C48     		ldr	r0, .L11+4
 251 00fc 6300     		lsl	r3, r4, #1
 252 00fe 1A19     		add	r2, r3, r4
 253 0100 5200     		lsl	r2, r2, #1
 254 0102 8218     		add	r2, r0, r2
 255 0104 9188     		ldrh	r1, [r2, #4]
 256 0106 1B19     		add	r3, r3, r4
 257 0108 5B00     		lsl	r3, r3, #1
 258 010a 1A5A     		ldrh	r2, [r3, r0]
 259 010c C318     		add	r3, r0, r3
 260 010e 5888     		ldrh	r0, [r3, #2]
 261 0110 0004     		lsl	r0, r0, #16
 262 0112 1043     		orr	r0, r2
 263 0114 FFF7FEFF 		bl	CYMEMZERO
 264              	.LVL13:
 265              	.LBE3:
 268:.\Generated_Source\PSoC4/cyfitter_cfg.c **** 		{
 266              		.loc 1 268 0 discriminator 3
 267 0118 0134     		add	r4, r4, #1
 268              	.LVL14:
 269 011a E4B2     		uxtb	r4, r4
 270              	.LVL15:
ARM GAS  C:\Users\Henny\AppData\Local\Temp\ccbFNYnw.s 			page 11


 271              	.L9:
 268:.\Generated_Source\PSoC4/cyfitter_cfg.c **** 		{
 272              		.loc 1 268 0 is_stmt 0 discriminator 1
 273 011c 012C     		cmp	r4, #1
 274 011e ECD9     		bls	.L10
 272:.\Generated_Source\PSoC4/cyfitter_cfg.c **** 		}
 273:.\Generated_Source\PSoC4/cyfitter_cfg.c **** 
 274:.\Generated_Source\PSoC4/cyfitter_cfg.c **** 		/* HSIOM Starting address: CYDEV_HSIOM_BASE */
 275:.\Generated_Source\PSoC4/cyfitter_cfg.c **** 		CY_SET_XTND_REG32((void CYFAR *)(CYDEV_HSIOM_BASE), 0xEE000000u);
 275              		.loc 1 275 0 is_stmt 1
 276 0120 EE22     		mov	r2, #238
 277 0122 1206     		lsl	r2, r2, #24
 278 0124 224B     		ldr	r3, .L11+8
 279 0126 1A60     		str	r2, [r3]
 276:.\Generated_Source\PSoC4/cyfitter_cfg.c **** 		CY_SET_XTND_REG32((void CYFAR *)(CYREG_HSIOM_PORT_SEL1), 0x00990000u);
 280              		.loc 1 276 0
 281 0128 9923     		mov	r3, #153
 282 012a 1B04     		lsl	r3, r3, #16
 283 012c 214A     		ldr	r2, .L11+12
 284 012e 1360     		str	r3, [r2]
 277:.\Generated_Source\PSoC4/cyfitter_cfg.c **** 		CY_SET_XTND_REG32((void CYFAR *)(CYREG_HSIOM_PORT_SEL3), 0x00EE0000u);
 285              		.loc 1 277 0
 286 0130 EE21     		mov	r1, #238
 287 0132 0904     		lsl	r1, r1, #16
 288 0134 204A     		ldr	r2, .L11+16
 289 0136 1160     		str	r1, [r2]
 278:.\Generated_Source\PSoC4/cyfitter_cfg.c **** 
 279:.\Generated_Source\PSoC4/cyfitter_cfg.c **** 		/* UDB_PA_0 Starting address: CYDEV_UDB_PA0_BASE */
 280:.\Generated_Source\PSoC4/cyfitter_cfg.c **** 		CY_SET_XTND_REG32((void CYFAR *)(CYDEV_UDB_PA0_BASE), 0x00990000u);
 290              		.loc 1 280 0
 291 0138 204A     		ldr	r2, .L11+20
 292 013a 1360     		str	r3, [r2]
 281:.\Generated_Source\PSoC4/cyfitter_cfg.c **** 
 282:.\Generated_Source\PSoC4/cyfitter_cfg.c **** 		/* UDB_PA_1 Starting address: CYDEV_UDB_PA1_BASE */
 283:.\Generated_Source\PSoC4/cyfitter_cfg.c **** 		CY_SET_XTND_REG32((void CYFAR *)(CYDEV_UDB_PA1_BASE), 0x00990000u);
 293              		.loc 1 283 0
 294 013c 204A     		ldr	r2, .L11+24
 295 013e 1360     		str	r3, [r2]
 284:.\Generated_Source\PSoC4/cyfitter_cfg.c **** 
 285:.\Generated_Source\PSoC4/cyfitter_cfg.c **** 		/* UDB_PA_2 Starting address: CYDEV_UDB_PA2_BASE */
 286:.\Generated_Source\PSoC4/cyfitter_cfg.c **** 		CY_SET_XTND_REG32((void CYFAR *)(CYDEV_UDB_PA2_BASE), 0x00990000u);
 296              		.loc 1 286 0
 297 0140 204A     		ldr	r2, .L11+28
 298 0142 1360     		str	r3, [r2]
 287:.\Generated_Source\PSoC4/cyfitter_cfg.c **** 
 288:.\Generated_Source\PSoC4/cyfitter_cfg.c **** 		/* UDB_PA_3 Starting address: CYDEV_UDB_PA3_BASE */
 289:.\Generated_Source\PSoC4/cyfitter_cfg.c **** 		CY_SET_XTND_REG32((void CYFAR *)(CYDEV_UDB_PA3_BASE), 0x00990000u);
 299              		.loc 1 289 0
 300 0144 204A     		ldr	r2, .L11+32
 301 0146 1360     		str	r3, [r2]
 290:.\Generated_Source\PSoC4/cyfitter_cfg.c **** 
 291:.\Generated_Source\PSoC4/cyfitter_cfg.c **** 		/* Enable digital routing */
 292:.\Generated_Source\PSoC4/cyfitter_cfg.c **** 		CY_SET_XTND_REG8((void *)CYREG_UDB_UDBIF_BANK_CTL, CY_GET_XTND_REG8((void *)CYREG_UDB_UDBIF_BANK_
 302              		.loc 1 292 0
 303 0148 204B     		ldr	r3, .L11+36
 304 014a 1978     		ldrb	r1, [r3]
 305 014c 0222     		mov	r2, #2
ARM GAS  C:\Users\Henny\AppData\Local\Temp\ccbFNYnw.s 			page 12


 306 014e 0A43     		orr	r2, r1
 307 0150 1A70     		strb	r2, [r3]
 293:.\Generated_Source\PSoC4/cyfitter_cfg.c **** 
 294:.\Generated_Source\PSoC4/cyfitter_cfg.c **** 		/* Enable UDB array */
 295:.\Generated_Source\PSoC4/cyfitter_cfg.c **** 		CY_SET_XTND_REG8((void *)CYREG_UDB_UDBIF_WAIT_CFG, (uint8)((CY_GET_XTND_REG8((void *)CYREG_UDB_UD
 308              		.loc 1 295 0
 309 0152 1F48     		ldr	r0, .L11+40
 310 0154 0278     		ldrb	r2, [r0]
 311 0156 3C21     		mov	r1, #60
 312 0158 8A43     		bic	r2, r1
 313 015a 2839     		sub	r1, r1, #40
 314 015c 0A43     		orr	r2, r1
 315 015e 0270     		strb	r2, [r0]
 296:.\Generated_Source\PSoC4/cyfitter_cfg.c **** 		CY_SET_XTND_REG8((void *)CYREG_UDB_UDBIF_BANK_CTL, (uint8)(CY_GET_XTND_REG8((void *)CYREG_UDB_UDB
 316              		.loc 1 296 0
 317 0160 1978     		ldrb	r1, [r3]
 318 0162 1622     		mov	r2, #22
 319 0164 0A43     		orr	r2, r1
 320 0166 1A70     		strb	r2, [r3]
 321              	.LBE2:
 297:.\Generated_Source\PSoC4/cyfitter_cfg.c **** 	}
 298:.\Generated_Source\PSoC4/cyfitter_cfg.c **** 
 299:.\Generated_Source\PSoC4/cyfitter_cfg.c **** 	/* Perform second pass device configuration. These items must be configured in specific order afte
 300:.\Generated_Source\PSoC4/cyfitter_cfg.c **** 	/* IOPINS0_0 Starting address: CYDEV_GPIO_PRT0_BASE */
 301:.\Generated_Source\PSoC4/cyfitter_cfg.c **** 	CY_SET_XTND_REG32((void CYFAR *)(CYREG_GPIO_PRT0_PC), 0x00D80000u);
 322              		.loc 1 301 0
 323 0168 D822     		mov	r2, #216
 324 016a 1204     		lsl	r2, r2, #16
 325 016c 194B     		ldr	r3, .L11+44
 326 016e 1A60     		str	r2, [r3]
 302:.\Generated_Source\PSoC4/cyfitter_cfg.c **** 
 303:.\Generated_Source\PSoC4/cyfitter_cfg.c **** 	/* IOPINS0_1 Starting address: CYDEV_GPIO_PRT1_BASE */
 304:.\Generated_Source\PSoC4/cyfitter_cfg.c **** 	CY_SET_XTND_REG32((void CYFAR *)(CYDEV_GPIO_PRT1_BASE), 0x00000020u);
 327              		.loc 1 304 0
 328 0170 2023     		mov	r3, #32
 329 0172 194A     		ldr	r2, .L11+48
 330 0174 1360     		str	r3, [r2]
 305:.\Generated_Source\PSoC4/cyfitter_cfg.c **** 	CY_SET_XTND_REG32((void CYFAR *)(CYREG_GPIO_PRT1_PC), 0x00031000u);
 331              		.loc 1 305 0
 332 0176 C421     		mov	r1, #196
 333 0178 8902     		lsl	r1, r1, #10
 334 017a 184A     		ldr	r2, .L11+52
 335 017c 1160     		str	r1, [r2]
 306:.\Generated_Source\PSoC4/cyfitter_cfg.c **** 	CY_SET_XTND_REG32((void CYFAR *)(CYREG_GPIO_PRT1_PC2), 0x00000020u);
 336              		.loc 1 306 0
 337 017e 184A     		ldr	r2, .L11+56
 338 0180 1360     		str	r3, [r2]
 307:.\Generated_Source\PSoC4/cyfitter_cfg.c **** 
 308:.\Generated_Source\PSoC4/cyfitter_cfg.c **** 	/* IOPINS0_2 Starting address: CYDEV_GPIO_PRT2_BASE */
 309:.\Generated_Source\PSoC4/cyfitter_cfg.c **** 	CY_SET_XTND_REG32((void CYFAR *)(CYDEV_GPIO_PRT2_BASE), 0x00000040u);
 339              		.loc 1 309 0
 340 0182 4022     		mov	r2, #64
 341 0184 174B     		ldr	r3, .L11+60
 342 0186 1A60     		str	r2, [r3]
 310:.\Generated_Source\PSoC4/cyfitter_cfg.c **** 	CY_SET_XTND_REG32((void CYFAR *)(CYREG_GPIO_PRT2_PC), 0x00180000u);
 343              		.loc 1 310 0
 344 0188 C022     		mov	r2, #192
ARM GAS  C:\Users\Henny\AppData\Local\Temp\ccbFNYnw.s 			page 13


 345 018a 5203     		lsl	r2, r2, #13
 346 018c 164B     		ldr	r3, .L11+64
 347 018e 1A60     		str	r2, [r3]
 311:.\Generated_Source\PSoC4/cyfitter_cfg.c **** 
 312:.\Generated_Source\PSoC4/cyfitter_cfg.c **** 	/* IOPINS0_3 Starting address: CYDEV_GPIO_PRT3_BASE */
 313:.\Generated_Source\PSoC4/cyfitter_cfg.c **** 	CY_SET_XTND_REG32((void CYFAR *)(CYDEV_GPIO_PRT3_BASE), 0x000000F0u);
 348              		.loc 1 313 0
 349 0190 F022     		mov	r2, #240
 350 0192 164B     		ldr	r3, .L11+68
 351 0194 1A60     		str	r2, [r3]
 314:.\Generated_Source\PSoC4/cyfitter_cfg.c **** 	CY_SET_XTND_REG32((void CYFAR *)(CYREG_GPIO_PRT3_PC), 0x00DA4000u);
 352              		.loc 1 314 0
 353 0196 164A     		ldr	r2, .L11+72
 354 0198 164B     		ldr	r3, .L11+76
 355 019a 1A60     		str	r2, [r3]
 315:.\Generated_Source\PSoC4/cyfitter_cfg.c **** 
 316:.\Generated_Source\PSoC4/cyfitter_cfg.c **** 
 317:.\Generated_Source\PSoC4/cyfitter_cfg.c **** 	/* Setup clocks based on selections from Clock DWR */
 318:.\Generated_Source\PSoC4/cyfitter_cfg.c **** 	ClockSetup();
 356              		.loc 1 318 0
 357 019c FFF730FF 		bl	ClockSetup
 358              	.LVL16:
 319:.\Generated_Source\PSoC4/cyfitter_cfg.c **** 
 320:.\Generated_Source\PSoC4/cyfitter_cfg.c **** 	/* Perform basic analog initialization to defaults */
 321:.\Generated_Source\PSoC4/cyfitter_cfg.c **** 	AnalogSetDefault();
 359              		.loc 1 321 0
 360 01a0 FFF7FEFF 		bl	AnalogSetDefault
 361              	.LVL17:
 322:.\Generated_Source\PSoC4/cyfitter_cfg.c **** 
 323:.\Generated_Source\PSoC4/cyfitter_cfg.c **** }
 362              		.loc 1 323 0
 363              		@ sp needed
 364              	.LVL18:
 365 01a4 10BD     		pop	{r4, pc}
 366              	.L12:
 367 01a6 C046     		.align	2
 368              	.L11:
 369 01a8 6CF02E40 		.word	1076818028
 370 01ac 00000000 		.word	.LANCHOR0
 371 01b0 00000240 		.word	1073872896
 372 01b4 00010240 		.word	1073873152
 373 01b8 00030240 		.word	1073873664
 374 01bc 00500F40 		.word	1074745344
 375 01c0 10500F40 		.word	1074745360
 376 01c4 20500F40 		.word	1074745376
 377 01c8 30500F40 		.word	1074745392
 378 01cc 00700F40 		.word	1074753536
 379 01d0 01700F40 		.word	1074753537
 380 01d4 08000440 		.word	1074003976
 381 01d8 00010440 		.word	1074004224
 382 01dc 08010440 		.word	1074004232
 383 01e0 18010440 		.word	1074004248
 384 01e4 00020440 		.word	1074004480
 385 01e8 08020440 		.word	1074004488
 386 01ec 00030440 		.word	1074004736
 387 01f0 0040DA00 		.word	14303232
 388 01f4 08030440 		.word	1074004744
ARM GAS  C:\Users\Henny\AppData\Local\Temp\ccbFNYnw.s 			page 14


 389              		.cfi_endproc
 390              	.LFE7:
 391              		.size	cyfitter_cfg, .-cyfitter_cfg
 392              		.section	.rodata
 393              		.align	2
 394              		.set	.LANCHOR0,. + 0
 395              		.type	cfg_memset_list.4742, %object
 396              		.size	cfg_memset_list.4742, 12
 397              	cfg_memset_list.4742:
 398 0000 00300F40 		.word	1074737152
 399 0004 0004     		.short	1024
 400 0006 00400F40 		.4byte	1074741248
 401 000a 0004     		.short	1024
 402              		.text
 403              	.Letext0:
 404              		.file 2 "d:\\programy\\cypress\\psoc creator\\3.3\\psoc creator\\import\\gnu\\arm\\4.9.3\\lib\\gcc
 405              		.file 3 ".\\Generated_Source\\PSoC4\\cytypes.h"
 406              		.file 4 ".\\Generated_Source\\PSoC4\\CyLib.h"
 407              		.file 5 ".\\Generated_Source\\PSoC4\\CyLFClk.h"
 408              		.section	.debug_info,"",%progbits
 409              	.Ldebug_info0:
 410 0000 6B030000 		.4byte	0x36b
 411 0004 0400     		.2byte	0x4
 412 0006 00000000 		.4byte	.Ldebug_abbrev0
 413 000a 04       		.byte	0x4
 414 000b 01       		.uleb128 0x1
 415 000c E6010000 		.4byte	.LASF34
 416 0010 01       		.byte	0x1
 417 0011 87010000 		.4byte	.LASF35
 418 0015 1B000000 		.4byte	.LASF36
 419 0019 00000000 		.4byte	.Ldebug_ranges0+0
 420 001d 00000000 		.4byte	0
 421 0021 00000000 		.4byte	.Ldebug_line0
 422 0025 02       		.uleb128 0x2
 423 0026 04       		.byte	0x4
 424 0027 05       		.byte	0x5
 425 0028 696E7400 		.ascii	"int\000"
 426 002c 03       		.uleb128 0x3
 427 002d 14000000 		.4byte	.LASF11
 428 0031 02       		.byte	0x2
 429 0032 D4       		.byte	0xd4
 430 0033 37000000 		.4byte	0x37
 431 0037 04       		.uleb128 0x4
 432 0038 04       		.byte	0x4
 433 0039 07       		.byte	0x7
 434 003a 34010000 		.4byte	.LASF0
 435 003e 04       		.uleb128 0x4
 436 003f 01       		.byte	0x1
 437 0040 06       		.byte	0x6
 438 0041 9C020000 		.4byte	.LASF1
 439 0045 04       		.uleb128 0x4
 440 0046 01       		.byte	0x1
 441 0047 08       		.byte	0x8
 442 0048 F5000000 		.4byte	.LASF2
 443 004c 04       		.uleb128 0x4
 444 004d 02       		.byte	0x2
 445 004e 05       		.byte	0x5
ARM GAS  C:\Users\Henny\AppData\Local\Temp\ccbFNYnw.s 			page 15


 446 004f 74020000 		.4byte	.LASF3
 447 0053 04       		.uleb128 0x4
 448 0054 02       		.byte	0x2
 449 0055 07       		.byte	0x7
 450 0056 87000000 		.4byte	.LASF4
 451 005a 04       		.uleb128 0x4
 452 005b 04       		.byte	0x4
 453 005c 05       		.byte	0x5
 454 005d 93020000 		.4byte	.LASF5
 455 0061 04       		.uleb128 0x4
 456 0062 04       		.byte	0x4
 457 0063 07       		.byte	0x7
 458 0064 C2000000 		.4byte	.LASF6
 459 0068 04       		.uleb128 0x4
 460 0069 08       		.byte	0x8
 461 006a 05       		.byte	0x5
 462 006b B8010000 		.4byte	.LASF7
 463 006f 04       		.uleb128 0x4
 464 0070 08       		.byte	0x8
 465 0071 07       		.byte	0x7
 466 0072 56010000 		.4byte	.LASF8
 467 0076 04       		.uleb128 0x4
 468 0077 04       		.byte	0x4
 469 0078 07       		.byte	0x7
 470 0079 AF010000 		.4byte	.LASF9
 471 007d 05       		.uleb128 0x5
 472 007e 04       		.byte	0x4
 473 007f 06       		.uleb128 0x6
 474 0080 04       		.byte	0x4
 475 0081 85000000 		.4byte	0x85
 476 0085 07       		.uleb128 0x7
 477 0086 04       		.uleb128 0x4
 478 0087 01       		.byte	0x1
 479 0088 08       		.byte	0x8
 480 0089 D0010000 		.4byte	.LASF10
 481 008d 08       		.uleb128 0x8
 482 008e D4000000 		.4byte	.LASF12
 483 0092 03       		.byte	0x3
 484 0093 3801     		.2byte	0x138
 485 0095 45000000 		.4byte	0x45
 486 0099 08       		.uleb128 0x8
 487 009a 1D010000 		.4byte	.LASF13
 488 009e 03       		.byte	0x3
 489 009f 3901     		.2byte	0x139
 490 00a1 53000000 		.4byte	0x53
 491 00a5 08       		.uleb128 0x8
 492 00a6 2D010000 		.4byte	.LASF14
 493 00aa 03       		.byte	0x3
 494 00ab 3A01     		.2byte	0x13a
 495 00ad 61000000 		.4byte	0x61
 496 00b1 04       		.uleb128 0x4
 497 00b2 04       		.byte	0x4
 498 00b3 04       		.byte	0x4
 499 00b4 9A000000 		.4byte	.LASF15
 500 00b8 04       		.uleb128 0x4
 501 00b9 08       		.byte	0x8
 502 00ba 04       		.byte	0x4
ARM GAS  C:\Users\Henny\AppData\Local\Temp\ccbFNYnw.s 			page 16


 503 00bb 0A010000 		.4byte	.LASF16
 504 00bf 08       		.uleb128 0x8
 505 00c0 24010000 		.4byte	.LASF17
 506 00c4 03       		.byte	0x3
 507 00c5 DA01     		.2byte	0x1da
 508 00c7 61000000 		.4byte	0x61
 509 00cb 08       		.uleb128 0x8
 510 00cc BD000000 		.4byte	.LASF18
 511 00d0 03       		.byte	0x3
 512 00d1 E201     		.2byte	0x1e2
 513 00d3 D7000000 		.4byte	0xd7
 514 00d7 09       		.uleb128 0x9
 515 00d8 8D000000 		.4byte	0x8d
 516 00dc 08       		.uleb128 0x8
 517 00dd 0E000000 		.4byte	.LASF19
 518 00e1 03       		.byte	0x3
 519 00e2 E401     		.2byte	0x1e4
 520 00e4 E8000000 		.4byte	0xe8
 521 00e8 09       		.uleb128 0x9
 522 00e9 A5000000 		.4byte	0xa5
 523 00ed 08       		.uleb128 0x8
 524 00ee 6D010000 		.4byte	.LASF20
 525 00f2 03       		.byte	0x3
 526 00f3 F401     		.2byte	0x1f4
 527 00f5 7F000000 		.4byte	0x7f
 528 00f9 0A       		.uleb128 0xa
 529 00fa 4C000000 		.4byte	.LASF37
 530 00fe 01       		.byte	0x1
 531 00ff DA       		.byte	0xda
 532 0100 00000000 		.4byte	.LFB6
 533 0104 20000000 		.4byte	.LFE6-.LFB6
 534 0108 01       		.uleb128 0x1
 535 0109 9C       		.byte	0x9c
 536 010a 0B       		.uleb128 0xb
 537 010b EB000000 		.4byte	.LASF21
 538 010f 01       		.byte	0x1
 539 0110 3D       		.byte	0x3d
 540 0111 00000000 		.4byte	.LFB2
 541 0115 0C000000 		.4byte	.LFE2-.LFB2
 542 0119 01       		.uleb128 0x1
 543 011a 9C       		.byte	0x9c
 544 011b 57010000 		.4byte	0x157
 545 011f 0C       		.uleb128 0xc
 546 0120 7300     		.ascii	"s\000"
 547 0122 01       		.byte	0x1
 548 0123 3D       		.byte	0x3d
 549 0124 7D000000 		.4byte	0x7d
 550 0128 00000000 		.4byte	.LLST0
 551 012c 0C       		.uleb128 0xc
 552 012d 6E00     		.ascii	"n\000"
 553 012f 01       		.byte	0x1
 554 0130 3D       		.byte	0x3d
 555 0131 2C000000 		.4byte	0x2c
 556 0135 21000000 		.4byte	.LLST1
 557 0139 0D       		.uleb128 0xd
 558 013a 0A000000 		.4byte	.LVL2
 559 013e C6020000 		.4byte	0x2c6
ARM GAS  C:\Users\Henny\AppData\Local\Temp\ccbFNYnw.s 			page 17


 560 0142 0E       		.uleb128 0xe
 561 0143 01       		.uleb128 0x1
 562 0144 52       		.byte	0x52
 563 0145 03       		.uleb128 0x3
 564 0146 F3       		.byte	0xf3
 565 0147 01       		.uleb128 0x1
 566 0148 51       		.byte	0x51
 567 0149 0E       		.uleb128 0xe
 568 014a 01       		.uleb128 0x1
 569 014b 51       		.byte	0x51
 570 014c 01       		.uleb128 0x1
 571 014d 30       		.byte	0x30
 572 014e 0E       		.uleb128 0xe
 573 014f 01       		.uleb128 0x1
 574 0150 50       		.byte	0x50
 575 0151 03       		.uleb128 0x3
 576 0152 F3       		.byte	0xf3
 577 0153 01       		.uleb128 0x1
 578 0154 50       		.byte	0x50
 579 0155 00       		.byte	0
 580 0156 00       		.byte	0
 581 0157 0B       		.uleb128 0xb
 582 0158 7C000000 		.4byte	.LASF22
 583 015c 01       		.byte	0x1
 584 015d 92       		.byte	0x92
 585 015e 00000000 		.4byte	.LFB5
 586 0162 EC000000 		.4byte	.LFE5-.LFB5
 587 0166 01       		.uleb128 0x1
 588 0167 9C       		.byte	0x9c
 589 0168 00020000 		.4byte	0x200
 590 016c 0F       		.uleb128 0xf
 591 016d 0C000000 		.4byte	.LVL3
 592 0171 E3020000 		.4byte	0x2e3
 593 0175 10       		.uleb128 0x10
 594 0176 12000000 		.4byte	.LVL4
 595 017a EA020000 		.4byte	0x2ea
 596 017e 8C010000 		.4byte	0x18c
 597 0182 0E       		.uleb128 0xe
 598 0183 01       		.uleb128 0x1
 599 0184 50       		.byte	0x50
 600 0185 05       		.uleb128 0x5
 601 0186 0C       		.byte	0xc
 602 0187 001BB700 		.4byte	0xb71b00
 603 018b 00       		.byte	0
 604 018c 10       		.uleb128 0x10
 605 018d 18000000 		.4byte	.LVL5
 606 0191 FB020000 		.4byte	0x2fb
 607 0195 9F010000 		.4byte	0x19f
 608 0199 0E       		.uleb128 0xe
 609 019a 01       		.uleb128 0x1
 610 019b 50       		.byte	0x50
 611 019c 01       		.uleb128 0x1
 612 019d 31       		.byte	0x31
 613 019e 00       		.byte	0
 614 019f 10       		.uleb128 0x10
 615 01a0 1E000000 		.4byte	.LVL6
 616 01a4 10030000 		.4byte	0x310
ARM GAS  C:\Users\Henny\AppData\Local\Temp\ccbFNYnw.s 			page 18


 617 01a8 B3010000 		.4byte	0x1b3
 618 01ac 0E       		.uleb128 0xe
 619 01ad 01       		.uleb128 0x1
 620 01ae 50       		.byte	0x50
 621 01af 02       		.uleb128 0x2
 622 01b0 08       		.byte	0x8
 623 01b1 30       		.byte	0x30
 624 01b2 00       		.byte	0
 625 01b3 10       		.uleb128 0x10
 626 01b4 4E000000 		.4byte	.LVL7
 627 01b8 21030000 		.4byte	0x321
 628 01bc C8010000 		.4byte	0x1c8
 629 01c0 0E       		.uleb128 0xe
 630 01c1 01       		.uleb128 0x1
 631 01c2 50       		.byte	0x50
 632 01c3 03       		.uleb128 0x3
 633 01c4 0A       		.byte	0xa
 634 01c5 D007     		.2byte	0x7d0
 635 01c7 00       		.byte	0
 636 01c8 10       		.uleb128 0x10
 637 01c9 54000000 		.4byte	.LVL8
 638 01cd 36030000 		.4byte	0x336
 639 01d1 DD010000 		.4byte	0x1dd
 640 01d5 0E       		.uleb128 0xe
 641 01d6 01       		.uleb128 0x1
 642 01d7 50       		.byte	0x50
 643 01d8 03       		.uleb128 0x3
 644 01d9 0A       		.byte	0xa
 645 01da DC05     		.2byte	0x5dc
 646 01dc 00       		.byte	0
 647 01dd 10       		.uleb128 0x10
 648 01de 92000000 		.4byte	.LVL9
 649 01e2 47030000 		.4byte	0x347
 650 01e6 F0010000 		.4byte	0x1f0
 651 01ea 0E       		.uleb128 0xe
 652 01eb 01       		.uleb128 0x1
 653 01ec 50       		.byte	0x50
 654 01ed 01       		.uleb128 0x1
 655 01ee 38       		.byte	0x38
 656 01ef 00       		.byte	0
 657 01f0 0D       		.uleb128 0xd
 658 01f1 98000000 		.4byte	.LVL10
 659 01f5 61030000 		.4byte	0x361
 660 01f9 0E       		.uleb128 0xe
 661 01fa 01       		.uleb128 0x1
 662 01fb 50       		.byte	0x50
 663 01fc 01       		.uleb128 0x1
 664 01fd 38       		.byte	0x38
 665 01fe 00       		.byte	0
 666 01ff 00       		.byte	0
 667 0200 11       		.uleb128 0x11
 668 0201 41010000 		.4byte	.LASF38
 669 0205 01       		.byte	0x1
 670 0206 F5       		.byte	0xf5
 671 0207 EC000000 		.4byte	.LFB7
 672 020b 0C010000 		.4byte	.LFE7-.LFB7
 673 020f 01       		.uleb128 0x1
ARM GAS  C:\Users\Henny\AppData\Local\Temp\ccbFNYnw.s 			page 19


 674 0210 9C       		.byte	0x9c
 675 0211 C6020000 		.4byte	0x2c6
 676 0215 12       		.uleb128 0x12
 677 0216 F6000000 		.4byte	.LBB2
 678 021a 72000000 		.4byte	.LBE2-.LBB2
 679 021e B3020000 		.4byte	0x2b3
 680 0222 13       		.uleb128 0x13
 681 0223 06       		.byte	0x6
 682 0224 01       		.byte	0x1
 683 0225 FE       		.byte	0xfe
 684 0226 44020000 		.4byte	0x244
 685 022a 14       		.uleb128 0x14
 686 022b 4E010000 		.4byte	.LASF23
 687 022f 01       		.byte	0x1
 688 0230 FF       		.byte	0xff
 689 0231 7D000000 		.4byte	0x7d
 690 0235 00       		.byte	0
 691 0236 15       		.uleb128 0x15
 692 0237 A0000000 		.4byte	.LASF24
 693 023b 01       		.byte	0x1
 694 023c 0001     		.2byte	0x100
 695 023e 99000000 		.4byte	0x99
 696 0242 04       		.byte	0x4
 697 0243 00       		.byte	0
 698 0244 08       		.uleb128 0x8
 699 0245 7A010000 		.4byte	.LASF25
 700 0249 01       		.byte	0x1
 701 024a 0101     		.2byte	0x101
 702 024c 22020000 		.4byte	0x222
 703 0250 16       		.uleb128 0x16
 704 0251 44020000 		.4byte	0x244
 705 0255 60020000 		.4byte	0x260
 706 0259 17       		.uleb128 0x17
 707 025a 76000000 		.4byte	0x76
 708 025e 01       		.byte	0x1
 709 025f 00       		.byte	0
 710 0260 18       		.uleb128 0x18
 711 0261 6C000000 		.4byte	.LASF26
 712 0265 01       		.byte	0x1
 713 0266 0301     		.2byte	0x103
 714 0268 72020000 		.4byte	0x272
 715 026c 05       		.uleb128 0x5
 716 026d 03       		.byte	0x3
 717 026e 00000000 		.4byte	cfg_memset_list.4742
 718 0272 19       		.uleb128 0x19
 719 0273 50020000 		.4byte	0x250
 720 0277 1A       		.uleb128 0x1a
 721 0278 6900     		.ascii	"i\000"
 722 027a 01       		.byte	0x1
 723 027b 0901     		.2byte	0x109
 724 027d 8D000000 		.4byte	0x8d
 725 0281 4D000000 		.4byte	.LLST2
 726 0285 1B       		.uleb128 0x1b
 727 0286 FA000000 		.4byte	.LBB3
 728 028a 1E000000 		.4byte	.LBE3-.LBB3
 729 028e 1A       		.uleb128 0x1a
 730 028f 6D7300   		.ascii	"ms\000"
ARM GAS  C:\Users\Henny\AppData\Local\Temp\ccbFNYnw.s 			page 20


 731 0292 01       		.byte	0x1
 732 0293 0E01     		.2byte	0x10e
 733 0295 9D020000 		.4byte	0x29d
 734 0299 77000000 		.4byte	.LLST3
 735 029d 06       		.uleb128 0x6
 736 029e 04       		.byte	0x4
 737 029f A3020000 		.4byte	0x2a3
 738 02a3 19       		.uleb128 0x19
 739 02a4 44020000 		.4byte	0x244
 740 02a8 0F       		.uleb128 0xf
 741 02a9 18010000 		.4byte	.LVL13
 742 02ad 0A010000 		.4byte	0x10a
 743 02b1 00       		.byte	0
 744 02b2 00       		.byte	0
 745 02b3 0F       		.uleb128 0xf
 746 02b4 A0010000 		.4byte	.LVL16
 747 02b8 57010000 		.4byte	0x157
 748 02bc 0F       		.uleb128 0xf
 749 02bd A4010000 		.4byte	.LVL17
 750 02c1 F9000000 		.4byte	0xf9
 751 02c5 00       		.byte	0
 752 02c6 1C       		.uleb128 0x1c
 753 02c7 03010000 		.4byte	.LASF27
 754 02cb 7D000000 		.4byte	0x7d
 755 02cf E3020000 		.4byte	0x2e3
 756 02d3 1D       		.uleb128 0x1d
 757 02d4 7D000000 		.4byte	0x7d
 758 02d8 1D       		.uleb128 0x1d
 759 02d9 25000000 		.4byte	0x25
 760 02dd 1D       		.uleb128 0x1d
 761 02de 76000000 		.4byte	0x76
 762 02e2 00       		.byte	0
 763 02e3 1E       		.uleb128 0x1e
 764 02e4 DA000000 		.4byte	.LASF39
 765 02e8 05       		.byte	0x5
 766 02e9 25       		.byte	0x25
 767 02ea 1F       		.uleb128 0x1f
 768 02eb 00000000 		.4byte	.LASF28
 769 02ef 04       		.byte	0x4
 770 02f0 5D       		.byte	0x5d
 771 02f1 FB020000 		.4byte	0x2fb
 772 02f5 1D       		.uleb128 0x1d
 773 02f6 A5000000 		.4byte	0xa5
 774 02fa 00       		.byte	0
 775 02fb 20       		.uleb128 0x20
 776 02fc A5000000 		.4byte	.LASF30
 777 0300 05       		.byte	0x5
 778 0301 27       		.byte	0x27
 779 0302 A5000000 		.4byte	0xa5
 780 0306 10030000 		.4byte	0x310
 781 030a 1D       		.uleb128 0x1d
 782 030b A5000000 		.4byte	0xa5
 783 030f 00       		.byte	0
 784 0310 1F       		.uleb128 0x1f
 785 0311 7E020000 		.4byte	.LASF29
 786 0315 04       		.byte	0x4
 787 0316 38       		.byte	0x38
ARM GAS  C:\Users\Henny\AppData\Local\Temp\ccbFNYnw.s 			page 21


 788 0317 21030000 		.4byte	0x321
 789 031b 1D       		.uleb128 0x1d
 790 031c A5000000 		.4byte	0xa5
 791 0320 00       		.byte	0
 792 0321 20       		.uleb128 0x20
 793 0322 D5010000 		.4byte	.LASF31
 794 0326 04       		.byte	0x4
 795 0327 87       		.byte	0x87
 796 0328 BF000000 		.4byte	0xbf
 797 032c 36030000 		.4byte	0x336
 798 0330 1D       		.uleb128 0x1d
 799 0331 A5000000 		.4byte	0xa5
 800 0335 00       		.byte	0
 801 0336 1F       		.uleb128 0x1f
 802 0337 C6010000 		.4byte	.LASF32
 803 033b 04       		.byte	0x4
 804 033c 5B       		.byte	0x5b
 805 033d 47030000 		.4byte	0x347
 806 0341 1D       		.uleb128 0x1d
 807 0342 99000000 		.4byte	0x99
 808 0346 00       		.byte	0
 809 0347 20       		.uleb128 0x20
 810 0348 5D000000 		.4byte	.LASF33
 811 034c 04       		.byte	0x4
 812 034d 49       		.byte	0x49
 813 034e ED000000 		.4byte	0xed
 814 0352 61030000 		.4byte	0x361
 815 0356 1D       		.uleb128 0x1d
 816 0357 8D000000 		.4byte	0x8d
 817 035b 1D       		.uleb128 0x1d
 818 035c ED000000 		.4byte	0xed
 819 0360 00       		.byte	0
 820 0361 21       		.uleb128 0x21
 821 0362 11010000 		.4byte	.LASF40
 822 0366 04       		.byte	0x4
 823 0367 4F       		.byte	0x4f
 824 0368 1D       		.uleb128 0x1d
 825 0369 8D000000 		.4byte	0x8d
 826 036d 00       		.byte	0
 827 036e 00       		.byte	0
 828              		.section	.debug_abbrev,"",%progbits
 829              	.Ldebug_abbrev0:
 830 0000 01       		.uleb128 0x1
 831 0001 11       		.uleb128 0x11
 832 0002 01       		.byte	0x1
 833 0003 25       		.uleb128 0x25
 834 0004 0E       		.uleb128 0xe
 835 0005 13       		.uleb128 0x13
 836 0006 0B       		.uleb128 0xb
 837 0007 03       		.uleb128 0x3
 838 0008 0E       		.uleb128 0xe
 839 0009 1B       		.uleb128 0x1b
 840 000a 0E       		.uleb128 0xe
 841 000b 55       		.uleb128 0x55
 842 000c 17       		.uleb128 0x17
 843 000d 11       		.uleb128 0x11
 844 000e 01       		.uleb128 0x1
ARM GAS  C:\Users\Henny\AppData\Local\Temp\ccbFNYnw.s 			page 22


 845 000f 10       		.uleb128 0x10
 846 0010 17       		.uleb128 0x17
 847 0011 00       		.byte	0
 848 0012 00       		.byte	0
 849 0013 02       		.uleb128 0x2
 850 0014 24       		.uleb128 0x24
 851 0015 00       		.byte	0
 852 0016 0B       		.uleb128 0xb
 853 0017 0B       		.uleb128 0xb
 854 0018 3E       		.uleb128 0x3e
 855 0019 0B       		.uleb128 0xb
 856 001a 03       		.uleb128 0x3
 857 001b 08       		.uleb128 0x8
 858 001c 00       		.byte	0
 859 001d 00       		.byte	0
 860 001e 03       		.uleb128 0x3
 861 001f 16       		.uleb128 0x16
 862 0020 00       		.byte	0
 863 0021 03       		.uleb128 0x3
 864 0022 0E       		.uleb128 0xe
 865 0023 3A       		.uleb128 0x3a
 866 0024 0B       		.uleb128 0xb
 867 0025 3B       		.uleb128 0x3b
 868 0026 0B       		.uleb128 0xb
 869 0027 49       		.uleb128 0x49
 870 0028 13       		.uleb128 0x13
 871 0029 00       		.byte	0
 872 002a 00       		.byte	0
 873 002b 04       		.uleb128 0x4
 874 002c 24       		.uleb128 0x24
 875 002d 00       		.byte	0
 876 002e 0B       		.uleb128 0xb
 877 002f 0B       		.uleb128 0xb
 878 0030 3E       		.uleb128 0x3e
 879 0031 0B       		.uleb128 0xb
 880 0032 03       		.uleb128 0x3
 881 0033 0E       		.uleb128 0xe
 882 0034 00       		.byte	0
 883 0035 00       		.byte	0
 884 0036 05       		.uleb128 0x5
 885 0037 0F       		.uleb128 0xf
 886 0038 00       		.byte	0
 887 0039 0B       		.uleb128 0xb
 888 003a 0B       		.uleb128 0xb
 889 003b 00       		.byte	0
 890 003c 00       		.byte	0
 891 003d 06       		.uleb128 0x6
 892 003e 0F       		.uleb128 0xf
 893 003f 00       		.byte	0
 894 0040 0B       		.uleb128 0xb
 895 0041 0B       		.uleb128 0xb
 896 0042 49       		.uleb128 0x49
 897 0043 13       		.uleb128 0x13
 898 0044 00       		.byte	0
 899 0045 00       		.byte	0
 900 0046 07       		.uleb128 0x7
 901 0047 15       		.uleb128 0x15
ARM GAS  C:\Users\Henny\AppData\Local\Temp\ccbFNYnw.s 			page 23


 902 0048 00       		.byte	0
 903 0049 27       		.uleb128 0x27
 904 004a 19       		.uleb128 0x19
 905 004b 00       		.byte	0
 906 004c 00       		.byte	0
 907 004d 08       		.uleb128 0x8
 908 004e 16       		.uleb128 0x16
 909 004f 00       		.byte	0
 910 0050 03       		.uleb128 0x3
 911 0051 0E       		.uleb128 0xe
 912 0052 3A       		.uleb128 0x3a
 913 0053 0B       		.uleb128 0xb
 914 0054 3B       		.uleb128 0x3b
 915 0055 05       		.uleb128 0x5
 916 0056 49       		.uleb128 0x49
 917 0057 13       		.uleb128 0x13
 918 0058 00       		.byte	0
 919 0059 00       		.byte	0
 920 005a 09       		.uleb128 0x9
 921 005b 35       		.uleb128 0x35
 922 005c 00       		.byte	0
 923 005d 49       		.uleb128 0x49
 924 005e 13       		.uleb128 0x13
 925 005f 00       		.byte	0
 926 0060 00       		.byte	0
 927 0061 0A       		.uleb128 0xa
 928 0062 2E       		.uleb128 0x2e
 929 0063 00       		.byte	0
 930 0064 03       		.uleb128 0x3
 931 0065 0E       		.uleb128 0xe
 932 0066 3A       		.uleb128 0x3a
 933 0067 0B       		.uleb128 0xb
 934 0068 3B       		.uleb128 0x3b
 935 0069 0B       		.uleb128 0xb
 936 006a 27       		.uleb128 0x27
 937 006b 19       		.uleb128 0x19
 938 006c 11       		.uleb128 0x11
 939 006d 01       		.uleb128 0x1
 940 006e 12       		.uleb128 0x12
 941 006f 06       		.uleb128 0x6
 942 0070 40       		.uleb128 0x40
 943 0071 18       		.uleb128 0x18
 944 0072 9742     		.uleb128 0x2117
 945 0074 19       		.uleb128 0x19
 946 0075 00       		.byte	0
 947 0076 00       		.byte	0
 948 0077 0B       		.uleb128 0xb
 949 0078 2E       		.uleb128 0x2e
 950 0079 01       		.byte	0x1
 951 007a 03       		.uleb128 0x3
 952 007b 0E       		.uleb128 0xe
 953 007c 3A       		.uleb128 0x3a
 954 007d 0B       		.uleb128 0xb
 955 007e 3B       		.uleb128 0x3b
 956 007f 0B       		.uleb128 0xb
 957 0080 27       		.uleb128 0x27
 958 0081 19       		.uleb128 0x19
ARM GAS  C:\Users\Henny\AppData\Local\Temp\ccbFNYnw.s 			page 24


 959 0082 11       		.uleb128 0x11
 960 0083 01       		.uleb128 0x1
 961 0084 12       		.uleb128 0x12
 962 0085 06       		.uleb128 0x6
 963 0086 40       		.uleb128 0x40
 964 0087 18       		.uleb128 0x18
 965 0088 9742     		.uleb128 0x2117
 966 008a 19       		.uleb128 0x19
 967 008b 01       		.uleb128 0x1
 968 008c 13       		.uleb128 0x13
 969 008d 00       		.byte	0
 970 008e 00       		.byte	0
 971 008f 0C       		.uleb128 0xc
 972 0090 05       		.uleb128 0x5
 973 0091 00       		.byte	0
 974 0092 03       		.uleb128 0x3
 975 0093 08       		.uleb128 0x8
 976 0094 3A       		.uleb128 0x3a
 977 0095 0B       		.uleb128 0xb
 978 0096 3B       		.uleb128 0x3b
 979 0097 0B       		.uleb128 0xb
 980 0098 49       		.uleb128 0x49
 981 0099 13       		.uleb128 0x13
 982 009a 02       		.uleb128 0x2
 983 009b 17       		.uleb128 0x17
 984 009c 00       		.byte	0
 985 009d 00       		.byte	0
 986 009e 0D       		.uleb128 0xd
 987 009f 898201   		.uleb128 0x4109
 988 00a2 01       		.byte	0x1
 989 00a3 11       		.uleb128 0x11
 990 00a4 01       		.uleb128 0x1
 991 00a5 31       		.uleb128 0x31
 992 00a6 13       		.uleb128 0x13
 993 00a7 00       		.byte	0
 994 00a8 00       		.byte	0
 995 00a9 0E       		.uleb128 0xe
 996 00aa 8A8201   		.uleb128 0x410a
 997 00ad 00       		.byte	0
 998 00ae 02       		.uleb128 0x2
 999 00af 18       		.uleb128 0x18
 1000 00b0 9142     		.uleb128 0x2111
 1001 00b2 18       		.uleb128 0x18
 1002 00b3 00       		.byte	0
 1003 00b4 00       		.byte	0
 1004 00b5 0F       		.uleb128 0xf
 1005 00b6 898201   		.uleb128 0x4109
 1006 00b9 00       		.byte	0
 1007 00ba 11       		.uleb128 0x11
 1008 00bb 01       		.uleb128 0x1
 1009 00bc 31       		.uleb128 0x31
 1010 00bd 13       		.uleb128 0x13
 1011 00be 00       		.byte	0
 1012 00bf 00       		.byte	0
 1013 00c0 10       		.uleb128 0x10
 1014 00c1 898201   		.uleb128 0x4109
 1015 00c4 01       		.byte	0x1
ARM GAS  C:\Users\Henny\AppData\Local\Temp\ccbFNYnw.s 			page 25


 1016 00c5 11       		.uleb128 0x11
 1017 00c6 01       		.uleb128 0x1
 1018 00c7 31       		.uleb128 0x31
 1019 00c8 13       		.uleb128 0x13
 1020 00c9 01       		.uleb128 0x1
 1021 00ca 13       		.uleb128 0x13
 1022 00cb 00       		.byte	0
 1023 00cc 00       		.byte	0
 1024 00cd 11       		.uleb128 0x11
 1025 00ce 2E       		.uleb128 0x2e
 1026 00cf 01       		.byte	0x1
 1027 00d0 3F       		.uleb128 0x3f
 1028 00d1 19       		.uleb128 0x19
 1029 00d2 03       		.uleb128 0x3
 1030 00d3 0E       		.uleb128 0xe
 1031 00d4 3A       		.uleb128 0x3a
 1032 00d5 0B       		.uleb128 0xb
 1033 00d6 3B       		.uleb128 0x3b
 1034 00d7 0B       		.uleb128 0xb
 1035 00d8 27       		.uleb128 0x27
 1036 00d9 19       		.uleb128 0x19
 1037 00da 11       		.uleb128 0x11
 1038 00db 01       		.uleb128 0x1
 1039 00dc 12       		.uleb128 0x12
 1040 00dd 06       		.uleb128 0x6
 1041 00de 40       		.uleb128 0x40
 1042 00df 18       		.uleb128 0x18
 1043 00e0 9742     		.uleb128 0x2117
 1044 00e2 19       		.uleb128 0x19
 1045 00e3 01       		.uleb128 0x1
 1046 00e4 13       		.uleb128 0x13
 1047 00e5 00       		.byte	0
 1048 00e6 00       		.byte	0
 1049 00e7 12       		.uleb128 0x12
 1050 00e8 0B       		.uleb128 0xb
 1051 00e9 01       		.byte	0x1
 1052 00ea 11       		.uleb128 0x11
 1053 00eb 01       		.uleb128 0x1
 1054 00ec 12       		.uleb128 0x12
 1055 00ed 06       		.uleb128 0x6
 1056 00ee 01       		.uleb128 0x1
 1057 00ef 13       		.uleb128 0x13
 1058 00f0 00       		.byte	0
 1059 00f1 00       		.byte	0
 1060 00f2 13       		.uleb128 0x13
 1061 00f3 13       		.uleb128 0x13
 1062 00f4 01       		.byte	0x1
 1063 00f5 0B       		.uleb128 0xb
 1064 00f6 0B       		.uleb128 0xb
 1065 00f7 3A       		.uleb128 0x3a
 1066 00f8 0B       		.uleb128 0xb
 1067 00f9 3B       		.uleb128 0x3b
 1068 00fa 0B       		.uleb128 0xb
 1069 00fb 01       		.uleb128 0x1
 1070 00fc 13       		.uleb128 0x13
 1071 00fd 00       		.byte	0
 1072 00fe 00       		.byte	0
ARM GAS  C:\Users\Henny\AppData\Local\Temp\ccbFNYnw.s 			page 26


 1073 00ff 14       		.uleb128 0x14
 1074 0100 0D       		.uleb128 0xd
 1075 0101 00       		.byte	0
 1076 0102 03       		.uleb128 0x3
 1077 0103 0E       		.uleb128 0xe
 1078 0104 3A       		.uleb128 0x3a
 1079 0105 0B       		.uleb128 0xb
 1080 0106 3B       		.uleb128 0x3b
 1081 0107 0B       		.uleb128 0xb
 1082 0108 49       		.uleb128 0x49
 1083 0109 13       		.uleb128 0x13
 1084 010a 38       		.uleb128 0x38
 1085 010b 0B       		.uleb128 0xb
 1086 010c 00       		.byte	0
 1087 010d 00       		.byte	0
 1088 010e 15       		.uleb128 0x15
 1089 010f 0D       		.uleb128 0xd
 1090 0110 00       		.byte	0
 1091 0111 03       		.uleb128 0x3
 1092 0112 0E       		.uleb128 0xe
 1093 0113 3A       		.uleb128 0x3a
 1094 0114 0B       		.uleb128 0xb
 1095 0115 3B       		.uleb128 0x3b
 1096 0116 05       		.uleb128 0x5
 1097 0117 49       		.uleb128 0x49
 1098 0118 13       		.uleb128 0x13
 1099 0119 38       		.uleb128 0x38
 1100 011a 0B       		.uleb128 0xb
 1101 011b 00       		.byte	0
 1102 011c 00       		.byte	0
 1103 011d 16       		.uleb128 0x16
 1104 011e 01       		.uleb128 0x1
 1105 011f 01       		.byte	0x1
 1106 0120 49       		.uleb128 0x49
 1107 0121 13       		.uleb128 0x13
 1108 0122 01       		.uleb128 0x1
 1109 0123 13       		.uleb128 0x13
 1110 0124 00       		.byte	0
 1111 0125 00       		.byte	0
 1112 0126 17       		.uleb128 0x17
 1113 0127 21       		.uleb128 0x21
 1114 0128 00       		.byte	0
 1115 0129 49       		.uleb128 0x49
 1116 012a 13       		.uleb128 0x13
 1117 012b 2F       		.uleb128 0x2f
 1118 012c 0B       		.uleb128 0xb
 1119 012d 00       		.byte	0
 1120 012e 00       		.byte	0
 1121 012f 18       		.uleb128 0x18
 1122 0130 34       		.uleb128 0x34
 1123 0131 00       		.byte	0
 1124 0132 03       		.uleb128 0x3
 1125 0133 0E       		.uleb128 0xe
 1126 0134 3A       		.uleb128 0x3a
 1127 0135 0B       		.uleb128 0xb
 1128 0136 3B       		.uleb128 0x3b
 1129 0137 05       		.uleb128 0x5
ARM GAS  C:\Users\Henny\AppData\Local\Temp\ccbFNYnw.s 			page 27


 1130 0138 49       		.uleb128 0x49
 1131 0139 13       		.uleb128 0x13
 1132 013a 02       		.uleb128 0x2
 1133 013b 18       		.uleb128 0x18
 1134 013c 00       		.byte	0
 1135 013d 00       		.byte	0
 1136 013e 19       		.uleb128 0x19
 1137 013f 26       		.uleb128 0x26
 1138 0140 00       		.byte	0
 1139 0141 49       		.uleb128 0x49
 1140 0142 13       		.uleb128 0x13
 1141 0143 00       		.byte	0
 1142 0144 00       		.byte	0
 1143 0145 1A       		.uleb128 0x1a
 1144 0146 34       		.uleb128 0x34
 1145 0147 00       		.byte	0
 1146 0148 03       		.uleb128 0x3
 1147 0149 08       		.uleb128 0x8
 1148 014a 3A       		.uleb128 0x3a
 1149 014b 0B       		.uleb128 0xb
 1150 014c 3B       		.uleb128 0x3b
 1151 014d 05       		.uleb128 0x5
 1152 014e 49       		.uleb128 0x49
 1153 014f 13       		.uleb128 0x13
 1154 0150 02       		.uleb128 0x2
 1155 0151 17       		.uleb128 0x17
 1156 0152 00       		.byte	0
 1157 0153 00       		.byte	0
 1158 0154 1B       		.uleb128 0x1b
 1159 0155 0B       		.uleb128 0xb
 1160 0156 01       		.byte	0x1
 1161 0157 11       		.uleb128 0x11
 1162 0158 01       		.uleb128 0x1
 1163 0159 12       		.uleb128 0x12
 1164 015a 06       		.uleb128 0x6
 1165 015b 00       		.byte	0
 1166 015c 00       		.byte	0
 1167 015d 1C       		.uleb128 0x1c
 1168 015e 2E       		.uleb128 0x2e
 1169 015f 01       		.byte	0x1
 1170 0160 3F       		.uleb128 0x3f
 1171 0161 19       		.uleb128 0x19
 1172 0162 03       		.uleb128 0x3
 1173 0163 0E       		.uleb128 0xe
 1174 0164 27       		.uleb128 0x27
 1175 0165 19       		.uleb128 0x19
 1176 0166 49       		.uleb128 0x49
 1177 0167 13       		.uleb128 0x13
 1178 0168 34       		.uleb128 0x34
 1179 0169 19       		.uleb128 0x19
 1180 016a 3C       		.uleb128 0x3c
 1181 016b 19       		.uleb128 0x19
 1182 016c 01       		.uleb128 0x1
 1183 016d 13       		.uleb128 0x13
 1184 016e 00       		.byte	0
 1185 016f 00       		.byte	0
 1186 0170 1D       		.uleb128 0x1d
ARM GAS  C:\Users\Henny\AppData\Local\Temp\ccbFNYnw.s 			page 28


 1187 0171 05       		.uleb128 0x5
 1188 0172 00       		.byte	0
 1189 0173 49       		.uleb128 0x49
 1190 0174 13       		.uleb128 0x13
 1191 0175 00       		.byte	0
 1192 0176 00       		.byte	0
 1193 0177 1E       		.uleb128 0x1e
 1194 0178 2E       		.uleb128 0x2e
 1195 0179 00       		.byte	0
 1196 017a 3F       		.uleb128 0x3f
 1197 017b 19       		.uleb128 0x19
 1198 017c 03       		.uleb128 0x3
 1199 017d 0E       		.uleb128 0xe
 1200 017e 3A       		.uleb128 0x3a
 1201 017f 0B       		.uleb128 0xb
 1202 0180 3B       		.uleb128 0x3b
 1203 0181 0B       		.uleb128 0xb
 1204 0182 27       		.uleb128 0x27
 1205 0183 19       		.uleb128 0x19
 1206 0184 3C       		.uleb128 0x3c
 1207 0185 19       		.uleb128 0x19
 1208 0186 00       		.byte	0
 1209 0187 00       		.byte	0
 1210 0188 1F       		.uleb128 0x1f
 1211 0189 2E       		.uleb128 0x2e
 1212 018a 01       		.byte	0x1
 1213 018b 3F       		.uleb128 0x3f
 1214 018c 19       		.uleb128 0x19
 1215 018d 03       		.uleb128 0x3
 1216 018e 0E       		.uleb128 0xe
 1217 018f 3A       		.uleb128 0x3a
 1218 0190 0B       		.uleb128 0xb
 1219 0191 3B       		.uleb128 0x3b
 1220 0192 0B       		.uleb128 0xb
 1221 0193 27       		.uleb128 0x27
 1222 0194 19       		.uleb128 0x19
 1223 0195 3C       		.uleb128 0x3c
 1224 0196 19       		.uleb128 0x19
 1225 0197 01       		.uleb128 0x1
 1226 0198 13       		.uleb128 0x13
 1227 0199 00       		.byte	0
 1228 019a 00       		.byte	0
 1229 019b 20       		.uleb128 0x20
 1230 019c 2E       		.uleb128 0x2e
 1231 019d 01       		.byte	0x1
 1232 019e 3F       		.uleb128 0x3f
 1233 019f 19       		.uleb128 0x19
 1234 01a0 03       		.uleb128 0x3
 1235 01a1 0E       		.uleb128 0xe
 1236 01a2 3A       		.uleb128 0x3a
 1237 01a3 0B       		.uleb128 0xb
 1238 01a4 3B       		.uleb128 0x3b
 1239 01a5 0B       		.uleb128 0xb
 1240 01a6 27       		.uleb128 0x27
 1241 01a7 19       		.uleb128 0x19
 1242 01a8 49       		.uleb128 0x49
 1243 01a9 13       		.uleb128 0x13
ARM GAS  C:\Users\Henny\AppData\Local\Temp\ccbFNYnw.s 			page 29


 1244 01aa 3C       		.uleb128 0x3c
 1245 01ab 19       		.uleb128 0x19
 1246 01ac 01       		.uleb128 0x1
 1247 01ad 13       		.uleb128 0x13
 1248 01ae 00       		.byte	0
 1249 01af 00       		.byte	0
 1250 01b0 21       		.uleb128 0x21
 1251 01b1 2E       		.uleb128 0x2e
 1252 01b2 01       		.byte	0x1
 1253 01b3 3F       		.uleb128 0x3f
 1254 01b4 19       		.uleb128 0x19
 1255 01b5 03       		.uleb128 0x3
 1256 01b6 0E       		.uleb128 0xe
 1257 01b7 3A       		.uleb128 0x3a
 1258 01b8 0B       		.uleb128 0xb
 1259 01b9 3B       		.uleb128 0x3b
 1260 01ba 0B       		.uleb128 0xb
 1261 01bb 27       		.uleb128 0x27
 1262 01bc 19       		.uleb128 0x19
 1263 01bd 3C       		.uleb128 0x3c
 1264 01be 19       		.uleb128 0x19
 1265 01bf 00       		.byte	0
 1266 01c0 00       		.byte	0
 1267 01c1 00       		.byte	0
 1268              		.section	.debug_loc,"",%progbits
 1269              	.Ldebug_loc0:
 1270              	.LLST0:
 1271 0000 00000000 		.4byte	.LVL0
 1272 0004 09000000 		.4byte	.LVL2-1
 1273 0008 0100     		.2byte	0x1
 1274 000a 50       		.byte	0x50
 1275 000b 09000000 		.4byte	.LVL2-1
 1276 000f 0C000000 		.4byte	.LFE2
 1277 0013 0400     		.2byte	0x4
 1278 0015 F3       		.byte	0xf3
 1279 0016 01       		.uleb128 0x1
 1280 0017 50       		.byte	0x50
 1281 0018 9F       		.byte	0x9f
 1282 0019 00000000 		.4byte	0
 1283 001d 00000000 		.4byte	0
 1284              	.LLST1:
 1285 0021 00000000 		.4byte	.LVL0
 1286 0025 06000000 		.4byte	.LVL1
 1287 0029 0100     		.2byte	0x1
 1288 002b 51       		.byte	0x51
 1289 002c 06000000 		.4byte	.LVL1
 1290 0030 09000000 		.4byte	.LVL2-1
 1291 0034 0100     		.2byte	0x1
 1292 0036 52       		.byte	0x52
 1293 0037 09000000 		.4byte	.LVL2-1
 1294 003b 0C000000 		.4byte	.LFE2
 1295 003f 0400     		.2byte	0x4
 1296 0041 F3       		.byte	0xf3
 1297 0042 01       		.uleb128 0x1
 1298 0043 51       		.byte	0x51
 1299 0044 9F       		.byte	0x9f
 1300 0045 00000000 		.4byte	0
ARM GAS  C:\Users\Henny\AppData\Local\Temp\ccbFNYnw.s 			page 30


 1301 0049 00000000 		.4byte	0
 1302              	.LLST2:
 1303 004d F6000000 		.4byte	.LVL11
 1304 0051 FA000000 		.4byte	.LVL12
 1305 0055 0200     		.2byte	0x2
 1306 0057 30       		.byte	0x30
 1307 0058 9F       		.byte	0x9f
 1308 0059 FA000000 		.4byte	.LVL12
 1309 005d 1A010000 		.4byte	.LVL14
 1310 0061 0100     		.2byte	0x1
 1311 0063 54       		.byte	0x54
 1312 0064 1C010000 		.4byte	.LVL15
 1313 0068 A4010000 		.4byte	.LVL18
 1314 006c 0100     		.2byte	0x1
 1315 006e 54       		.byte	0x54
 1316 006f 00000000 		.4byte	0
 1317 0073 00000000 		.4byte	0
 1318              	.LLST3:
 1319 0077 FA000000 		.4byte	.LVL12
 1320 007b 1A010000 		.4byte	.LVL14
 1321 007f 0B00     		.2byte	0xb
 1322 0081 74       		.byte	0x74
 1323 0082 00       		.sleb128 0
 1324 0083 36       		.byte	0x36
 1325 0084 1E       		.byte	0x1e
 1326 0085 03       		.byte	0x3
 1327 0086 00000000 		.4byte	cfg_memset_list.4742
 1328 008a 22       		.byte	0x22
 1329 008b 9F       		.byte	0x9f
 1330 008c 1A010000 		.4byte	.LVL14
 1331 0090 1C010000 		.4byte	.LVL15
 1332 0094 0B00     		.2byte	0xb
 1333 0096 74       		.byte	0x74
 1334 0097 7F       		.sleb128 -1
 1335 0098 36       		.byte	0x36
 1336 0099 1E       		.byte	0x1e
 1337 009a 03       		.byte	0x3
 1338 009b 00000000 		.4byte	cfg_memset_list.4742
 1339 009f 22       		.byte	0x22
 1340 00a0 9F       		.byte	0x9f
 1341 00a1 00000000 		.4byte	0
 1342 00a5 00000000 		.4byte	0
 1343              		.section	.debug_aranges,"",%progbits
 1344 0000 34000000 		.4byte	0x34
 1345 0004 0200     		.2byte	0x2
 1346 0006 00000000 		.4byte	.Ldebug_info0
 1347 000a 04       		.byte	0x4
 1348 000b 00       		.byte	0
 1349 000c 0000     		.2byte	0
 1350 000e 0000     		.2byte	0
 1351 0010 00000000 		.4byte	.LFB6
 1352 0014 20000000 		.4byte	.LFE6-.LFB6
 1353 0018 00000000 		.4byte	.LFB2
 1354 001c 0C000000 		.4byte	.LFE2-.LFB2
 1355 0020 00000000 		.4byte	.LFB5
 1356 0024 EC000000 		.4byte	.LFE5-.LFB5
 1357 0028 EC000000 		.4byte	.LFB7
ARM GAS  C:\Users\Henny\AppData\Local\Temp\ccbFNYnw.s 			page 31


 1358 002c 0C010000 		.4byte	.LFE7-.LFB7
 1359 0030 00000000 		.4byte	0
 1360 0034 00000000 		.4byte	0
 1361              		.section	.debug_ranges,"",%progbits
 1362              	.Ldebug_ranges0:
 1363 0000 00000000 		.4byte	.LFB6
 1364 0004 20000000 		.4byte	.LFE6
 1365 0008 00000000 		.4byte	.LFB2
 1366 000c 0C000000 		.4byte	.LFE2
 1367 0010 00000000 		.4byte	.LFB5
 1368 0014 EC000000 		.4byte	.LFE5
 1369 0018 EC000000 		.4byte	.LFB7
 1370 001c F8010000 		.4byte	.LFE7
 1371 0020 00000000 		.4byte	0
 1372 0024 00000000 		.4byte	0
 1373              		.section	.debug_line,"",%progbits
 1374              	.Ldebug_line0:
 1375 0000 5D010000 		.section	.debug_str,"MS",%progbits,1
 1375      0200DA00 
 1375      00000201 
 1375      FB0E0D00 
 1375      01010101 
 1376              	.LASF28:
 1377 0000 43794465 		.ascii	"CyDelayCycles\000"
 1377      6C617943 
 1377      79636C65 
 1377      7300
 1378              	.LASF19:
 1379 000e 72656733 		.ascii	"reg32\000"
 1379      3200
 1380              	.LASF11:
 1381 0014 73697A65 		.ascii	"size_t\000"
 1381      5F7400
 1382              	.LASF36:
 1383 001b 443A5C48 		.ascii	"D:\\Henny\\magisterka\\CY8KIT\\BLE\\BLE\\WaveSim.cy"
 1383      656E6E79 
 1383      5C6D6167 
 1383      69737465 
 1383      726B615C 
 1384 0048 64736E00 		.ascii	"dsn\000"
 1385              	.LASF37:
 1386 004c 416E616C 		.ascii	"AnalogSetDefault\000"
 1386      6F675365 
 1386      74446566 
 1386      61756C74 
 1386      00
 1387              	.LASF33:
 1388 005d 4379496E 		.ascii	"CyIntSetVector\000"
 1388      74536574 
 1388      56656374 
 1388      6F7200
 1389              	.LASF26:
 1390 006c 6366675F 		.ascii	"cfg_memset_list\000"
 1390      6D656D73 
 1390      65745F6C 
 1390      69737400 
 1391              	.LASF22:
ARM GAS  C:\Users\Henny\AppData\Local\Temp\ccbFNYnw.s 			page 32


 1392 007c 436C6F63 		.ascii	"ClockSetup\000"
 1392      6B536574 
 1392      757000
 1393              	.LASF4:
 1394 0087 73686F72 		.ascii	"short unsigned int\000"
 1394      7420756E 
 1394      7369676E 
 1394      65642069 
 1394      6E7400
 1395              	.LASF15:
 1396 009a 666C6F61 		.ascii	"float\000"
 1396      7400
 1397              	.LASF24:
 1398 00a0 73697A65 		.ascii	"size\000"
 1398      00
 1399              	.LASF30:
 1400 00a5 43795379 		.ascii	"CySysClkWcoSetPowerMode\000"
 1400      73436C6B 
 1400      57636F53 
 1400      6574506F 
 1400      7765724D 
 1401              	.LASF18:
 1402 00bd 72656738 		.ascii	"reg8\000"
 1402      00
 1403              	.LASF6:
 1404 00c2 6C6F6E67 		.ascii	"long unsigned int\000"
 1404      20756E73 
 1404      69676E65 
 1404      6420696E 
 1404      7400
 1405              	.LASF12:
 1406 00d4 75696E74 		.ascii	"uint8\000"
 1406      3800
 1407              	.LASF39:
 1408 00da 43795379 		.ascii	"CySysClkWcoStart\000"
 1408      73436C6B 
 1408      57636F53 
 1408      74617274 
 1408      00
 1409              	.LASF21:
 1410 00eb 43594D45 		.ascii	"CYMEMZERO\000"
 1410      4D5A4552 
 1410      4F00
 1411              	.LASF2:
 1412 00f5 756E7369 		.ascii	"unsigned char\000"
 1412      676E6564 
 1412      20636861 
 1412      7200
 1413              	.LASF27:
 1414 0103 6D656D73 		.ascii	"memset\000"
 1414      657400
 1415              	.LASF16:
 1416 010a 646F7562 		.ascii	"double\000"
 1416      6C6500
 1417              	.LASF40:
 1418 0111 4379496E 		.ascii	"CyIntEnable\000"
 1418      74456E61 
ARM GAS  C:\Users\Henny\AppData\Local\Temp\ccbFNYnw.s 			page 33


 1418      626C6500 
 1419              	.LASF13:
 1420 011d 75696E74 		.ascii	"uint16\000"
 1420      313600
 1421              	.LASF17:
 1422 0124 63797374 		.ascii	"cystatus\000"
 1422      61747573 
 1422      00
 1423              	.LASF14:
 1424 012d 75696E74 		.ascii	"uint32\000"
 1424      333200
 1425              	.LASF0:
 1426 0134 756E7369 		.ascii	"unsigned int\000"
 1426      676E6564 
 1426      20696E74 
 1426      00
 1427              	.LASF38:
 1428 0141 63796669 		.ascii	"cyfitter_cfg\000"
 1428      74746572 
 1428      5F636667 
 1428      00
 1429              	.LASF23:
 1430 014e 61646472 		.ascii	"address\000"
 1430      65737300 
 1431              	.LASF8:
 1432 0156 6C6F6E67 		.ascii	"long long unsigned int\000"
 1432      206C6F6E 
 1432      6720756E 
 1432      7369676E 
 1432      65642069 
 1433              	.LASF20:
 1434 016d 63796973 		.ascii	"cyisraddress\000"
 1434      72616464 
 1434      72657373 
 1434      00
 1435              	.LASF25:
 1436 017a 6366675F 		.ascii	"cfg_memset_t\000"
 1436      6D656D73 
 1436      65745F74 
 1436      00
 1437              	.LASF35:
 1438 0187 2E5C4765 		.ascii	".\\Generated_Source\\PSoC4\\cyfitter_cfg.c\000"
 1438      6E657261 
 1438      7465645F 
 1438      536F7572 
 1438      63655C50 
 1439              	.LASF9:
 1440 01af 73697A65 		.ascii	"sizetype\000"
 1440      74797065 
 1440      00
 1441              	.LASF7:
 1442 01b8 6C6F6E67 		.ascii	"long long int\000"
 1442      206C6F6E 
 1442      6720696E 
 1442      7400
 1443              	.LASF32:
 1444 01c6 43794465 		.ascii	"CyDelayUs\000"
ARM GAS  C:\Users\Henny\AppData\Local\Temp\ccbFNYnw.s 			page 34


 1444      6C617955 
 1444      7300
 1445              	.LASF10:
 1446 01d0 63686172 		.ascii	"char\000"
 1446      00
 1447              	.LASF31:
 1448 01d5 43795379 		.ascii	"CySysClkEcoStart\000"
 1448      73436C6B 
 1448      45636F53 
 1448      74617274 
 1448      00
 1449              	.LASF34:
 1450 01e6 474E5520 		.ascii	"GNU C 4.9.3 20150303 (release) [ARM/embedded-4_9-br"
 1450      4320342E 
 1450      392E3320 
 1450      32303135 
 1450      30333033 
 1451 0219 616E6368 		.ascii	"anch revision 221220] -mcpu=cortex-m0 -mthumb -g -O"
 1451      20726576 
 1451      6973696F 
 1451      6E203232 
 1451      31323230 
 1452 024c 67202D66 		.ascii	"g -ffunction-sections -ffat-lto-objects\000"
 1452      66756E63 
 1452      74696F6E 
 1452      2D736563 
 1452      74696F6E 
 1453              	.LASF3:
 1454 0274 73686F72 		.ascii	"short int\000"
 1454      7420696E 
 1454      7400
 1455              	.LASF29:
 1456 027e 43795379 		.ascii	"CySysClkWriteImoFreq\000"
 1456      73436C6B 
 1456      57726974 
 1456      65496D6F 
 1456      46726571 
 1457              	.LASF5:
 1458 0293 6C6F6E67 		.ascii	"long int\000"
 1458      20696E74 
 1458      00
 1459              	.LASF1:
 1460 029c 7369676E 		.ascii	"signed char\000"
 1460      65642063 
 1460      68617200 
 1461              		.ident	"GCC: (GNU Tools for ARM Embedded Processors) 4.9.3 20150303 (release) [ARM/embedded-4_9-br
