Archive member included because of file (symbol)

.\CortexM0\ARM_GCC_493\Debug\BLE_Battery_Level01.a(cyfitter_cfg.o)
                              .\CortexM0\ARM_GCC_493\Debug\Cm0Start.o (cyfitter_cfg)
.\CortexM0\ARM_GCC_493\Debug\BLE_Battery_Level01.a(BLE_bas.o)
                              .\CortexM0\ARM_GCC_493\Debug\main.o (CyBle_BasRegisterAttrCallback)
.\CortexM0\ARM_GCC_493\Debug\BLE_Battery_Level01.a(BLE.o)
                              .\CortexM0\ARM_GCC_493\Debug\BLE_Battery_Level01.a(BLE_bas.o) (cyBle_peerBonding)
.\CortexM0\ARM_GCC_493\Debug\BLE_Battery_Level01.a(BLE_gatt.o)
                              .\CortexM0\ARM_GCC_493\Debug\main.o (cyBle_state)
.\CortexM0\ARM_GCC_493\Debug\BLE_Battery_Level01.a(BLE_eventHandler.o)
                              .\CortexM0\ARM_GCC_493\Debug\bas.o (cyBle_connHandle)
.\CortexM0\ARM_GCC_493\Debug\BLE_Battery_Level01.a(BLE_dis.o)
                              .\CortexM0\ARM_GCC_493\Debug\BLE_Battery_Level01.a(BLE.o) (CyBle_DisInit)
.\CortexM0\ARM_GCC_493\Debug\BLE_Battery_Level01.a(ADC.o)
                              .\CortexM0\ARM_GCC_493\Debug\main.o (ADC_Start)
.\CortexM0\ARM_GCC_493\Debug\BLE_Battery_Level01.a(ADC_INT.o)
                              .\CortexM0\ARM_GCC_493\Debug\BLE_Battery_Level01.a(ADC.o) (ADC_ISR)
.\CortexM0\ARM_GCC_493\Debug\BLE_Battery_Level01.a(Disconnect_LED.o)
                              .\CortexM0\ARM_GCC_493\Debug\main.o (Disconnect_LED_Write)
.\CortexM0\ARM_GCC_493\Debug\BLE_Battery_Level01.a(UART_DEB.o)
                              .\CortexM0\ARM_GCC_493\Debug\main.o (UART_DEB_Start)
.\CortexM0\ARM_GCC_493\Debug\BLE_Battery_Level01.a(UART_DEB_SPI_UART.o)
                              .\CortexM0\ARM_GCC_493\Debug\debug.o (UART_DEB_SpiUartWriteTxData)
.\CortexM0\ARM_GCC_493\Debug\BLE_Battery_Level01.a(UART_DEB_UART.o)
                              .\CortexM0\ARM_GCC_493\Debug\BLE_Battery_Level01.a(UART_DEB.o) (UART_DEB_UartInit)
.\CortexM0\ARM_GCC_493\Debug\BLE_Battery_Level01.a(SW2.o)
                              .\CortexM0\ARM_GCC_493\Debug\main.o (SW2_ClearInterrupt)
.\CortexM0\ARM_GCC_493\Debug\BLE_Battery_Level01.a(LowPower_LED.o)
                              .\CortexM0\ARM_GCC_493\Debug\main.o (LowPower_LED_Write)
.\CortexM0\ARM_GCC_493\Debug\BLE_Battery_Level01.a(Advertising_LED.o)
                              .\CortexM0\ARM_GCC_493\Debug\main.o (Advertising_LED_Write)
.\CortexM0\ARM_GCC_493\Debug\BLE_Battery_Level01.a(Wakeup_Interrupt.o)
                              .\CortexM0\ARM_GCC_493\Debug\main.o (Wakeup_Interrupt_Start)
.\CortexM0\ARM_GCC_493\Debug\BLE_Battery_Level01.a(CyBootAsmGnu.o)
                              .\CortexM0\ARM_GCC_493\Debug\BLE_Battery_Level01.a(cyfitter_cfg.o) (CyDelayCycles)
.\CortexM0\ARM_GCC_493\Debug\BLE_Battery_Level01.a(CyLib.o)
                              .\CortexM0\ARM_GCC_493\Debug\BLE_Battery_Level01.a(cyfitter_cfg.o) (CySysClkWriteImoFreq)
.\CortexM0\ARM_GCC_493\Debug\BLE_Battery_Level01.a(cyPm.o)
                              .\CortexM0\ARM_GCC_493\Debug\main.o (CySysPmSleep)
.\CortexM0\ARM_GCC_493\Debug\BLE_Battery_Level01.a(CyLFClk.o)
                              .\CortexM0\ARM_GCC_493\Debug\BLE_Battery_Level01.a(cyfitter_cfg.o) (CySysClkWcoStart)
D:\programy\Cypress\PSoC Creator\3.3\PSoC Creator\psoc\content\cycomponentlibrary\CyComponentLibrary.cylib\BLE_v2_30\Library\gccCyBLEStack_BLE_SOC_PERIPHERAL.a(CyBle.o)
                              .\CortexM0\ARM_GCC_493\Debug\main.o (CyBle_EnterLPM)
D:\programy\Cypress\PSoC Creator\3.3\PSoC Creator\psoc\content\cycomponentlibrary\CyComponentLibrary.cylib\BLE_v2_30\Library\gccCyBLEStack_BLE_SOC_PERIPHERAL.a(CyBleStackMgrIP_Interface.o)
                              D:\programy\Cypress\PSoC Creator\3.3\PSoC Creator\psoc\content\cycomponentlibrary\CyComponentLibrary.cylib\BLE_v2_30\Library\gccCyBLEStack_BLE_SOC_PERIPHERAL.a(CyBle.o) (CyBleStackMgr_Init)
D:\programy\Cypress\PSoC Creator\3.3\PSoC Creator\psoc\content\cycomponentlibrary\CyComponentLibrary.cylib\BLE_v2_30\Library\gccCyBLEStack_BLE_SOC_PERIPHERAL.a(BT_os.o)
                              D:\programy\Cypress\PSoC Creator\3.3\PSoC Creator\psoc\content\cycomponentlibrary\CyComponentLibrary.cylib\BLE_v2_30\Library\gccCyBLEStack_BLE_SOC_PERIPHERAL.a(CyBleStackMgrIP_Interface.o) (cyBleStackMemoryConfig)
D:\programy\Cypress\PSoC Creator\3.3\PSoC Creator\psoc\content\cycomponentlibrary\CyComponentLibrary.cylib\BLE_v2_30\Library\gccCyBLEStack_BLE_SOC_PERIPHERAL.a(CyBleStackMgr_StackTaskHandler.o)
                              D:\programy\Cypress\PSoC Creator\3.3\PSoC Creator\psoc\content\cycomponentlibrary\CyComponentLibrary.cylib\BLE_v2_30\Library\gccCyBLEStack_BLE_SOC_PERIPHERAL.a(CyBleStackMgrIP_Interface.o) (CyBle_CreateBleStackTask)
D:\programy\Cypress\PSoC Creator\3.3\PSoC Creator\psoc\content\cycomponentlibrary\CyComponentLibrary.cylib\BLE_v2_30\Library\gccCyBLEStack_BLE_SOC_PERIPHERAL.a(transport_sf.o)
[...]
Memory Configuration

Name             Origin             Length             Attributes
rom              0x00000000         0x00020000         xr
ram              0x20000000         0x00004000         xrw
*default*        0x00000000         0xffffffff

Linker script and memory map

LOAD d:/programy/cypress/psoc creator/3.3/psoc creator/import/gnu/arm/4.9.3/bin/../lib/gcc/arm-none-eabi/4.9.3/armv6-m/crti.o
LOAD d:/programy/cypress/psoc creator/3.3/psoc creator/import/gnu/arm/4.9.3/bin/../lib/gcc/arm-none-eabi/4.9.3/armv6-m/crtbegin.o
LOAD d:/programy/cypress/psoc creator/3.3/psoc creator/import/gnu/arm/4.9.3/bin/../lib/gcc/arm-none-eabi/4.9.3/../../../../arm-none-eabi/lib/armv6-m/crt0.o
START GROUP
LOAD .\CortexM0\ARM_GCC_493\Debug\main.o
LOAD .\CortexM0\ARM_GCC_493\Debug\bas.o
LOAD .\CortexM0\ARM_GCC_493\Debug\debug.o
LOAD .\CortexM0\ARM_GCC_493\Debug\cymetadata.o
LOAD .\CortexM0\ARM_GCC_493\Debug\Cm0Start.o
LOAD .\CortexM0\ARM_GCC_493\Debug\BLE_Battery_Level01.a
LOAD D:\programy\Cypress\PSoC Creator\3.3\PSoC Creator\psoc\content\cycomponentlibrary\CyComponentLibrary.cylib\BLE_v2_30\Library\gccCyBLEStack_BLE_SOC_PERIPHERAL.a
LOAD D:\programy\Cypress\PSoC Creator\3.3\PSoC Creator\psoc\content\cycomponentlibrary\CyComponentLibrary.cylib\CortexM0\ARM_GCC_493\Debug\CyComponentLibrary.a
END GROUP
START GROUP
LOAD d:/programy/cypress/psoc creator/3.3/psoc creator/import/gnu/arm/4.9.3/bin/../lib/gcc/arm-none-eabi/4.9.3/armv6-m\libgcc.a
LOAD d:/programy/cypress/psoc creator/3.3/psoc creator/import/gnu/arm/4.9.3/bin/../lib/gcc/arm-none-eabi/4.9.3/../../../../arm-none-eabi/lib/armv6-m\libg_nano.a
LOAD d:/programy/cypress/psoc creator/3.3/psoc creator/import/gnu/arm/4.9.3/bin/../lib/gcc/arm-none-eabi/4.9.3/../../../../arm-none-eabi/lib/armv6-m\libc_nano.a
END GROUP
START GROUP
LOAD d:/programy/cypress/psoc creator/3.3/psoc creator/import/gnu/arm/4.9.3/bin/../lib/gcc/arm-none-eabi/4.9.3/armv6-m\libgcc.a
LOAD d:/programy/cypress/psoc creator/3.3/psoc creator/import/gnu/arm/4.9.3/bin/../lib/gcc/arm-none-eabi/4.9.3/../../../../arm-none-eabi/lib/armv6-m\libc_nano.a
END GROUP
LOAD d:/programy/cypress/psoc creator/3.3/psoc creator/import/gnu/arm/4.9.3/bin/../lib/gcc/arm-none-eabi/4.9.3/armv6-m/crtend.o
LOAD d:/programy/cypress/psoc creator/3.3/psoc creator/import/gnu/arm/4.9.3/bin/../lib/gcc/arm-none-eabi/4.9.3/armv6-m/crtn.o
START GROUP
LOAD d:/programy/cypress/psoc creator/3.3/psoc creator/import/gnu/arm/4.9.3/bin/../lib/gcc/arm-none-eabi/4.9.3/armv6-m\libgcc.a
LOAD d:/programy/cypress/psoc creator/3.3/psoc creator/import/gnu/arm/4.9.3/bin/../lib/gcc/arm-none-eabi/4.9.3/../../../../arm-none-eabi/lib/armv6-m\libc.a
LOAD d:/programy/cypress/psoc creator/3.3/psoc creator/import/gnu/arm/4.9.3/bin/../lib/gcc/arm-none-eabi/4.9.3/../../../../arm-none-eabi/lib/armv6-m\libnosys.a
END GROUP
                0x00000000                CY_APPL_ORIGIN = 0x0
                0x00000080                CY_FLASH_ROW_SIZE = 0x80
                0x00000001                CY_APPL_NUM = 0x1
                0x00000001                CY_APPL_MAX = 0x1
                0x00000040                CY_METADATA_SIZE = 0x40
                0x00000000                CY_APPL_LOADABLE = 0x0
                0x00000000                CY_CHECKSUM_EXCLUDE_SIZE = ALIGN (0x0, CY_FLASH_ROW_SIZE)
                0x00000000                CY_APP_FOR_STACK_AND_COPIER = 0x0
                0x20001e88                PROVIDE (__cy_heap_start, _end)
                0x00000001                PROVIDE (__cy_region_num, ((__cy_regions_end - __cy_regions) / 0x10))
                0x20004000                PROVIDE (__cy_stack, (ORIGIN (ram) + 0x4000))
                0x20003800                PROVIDE (__cy_heap_end, (__cy_stack - 0x800))

.cybootloader   0x00000000        0x0
 *(.cybootloader)
                0x00000000                appl1_start = CY_APPL_ORIGIN?CY_APPL_ORIGIN:ALIGN (CY_FLASH_ROW_SIZE)
                0x0000ff80                appl2_start = (appl1_start + ALIGN ((((0x20000 - appl1_start) - (0x2 * CY_FLASH_ROW_SIZE)) / 0x2), CY_FLASH_ROW_SIZE))
                0x00000000                appl_start = (CY_APPL_NUM == 0x1)?appl1_start:appl2_start
                0x00000001                cy_project_type_bootloader = (appl_start == 0x0)?0x1:0x0
                0x00000000                cy_project_type_app_for_stack_and_copier = (CY_APP_FOR_STACK_AND_COPIER == 0x1)?0x1:0x0

.text           0x00000000     0x3868
 CREATE_OBJECT_SYMBOLS
                0x00000000                PROVIDE (__cy_interrupt_vector, RomVectors)
 *(.romvectors)
 .romvectors    0x00000000       0x10 .\CortexM0\ARM_GCC_493\Debug\Cm0Start.o
                0x00000000                RomVectors
                0x00000001                ASSERT ((. != __cy_interrupt_vector), No interrupt vector)
                0x00000001                ASSERT (CY_APPL_ORIGIN?(SIZEOF (.cybootloader) <= CY_APPL_ORIGIN):0x1, Wrong image location)
                0x00000010                PROVIDE (__cy_reset, Reset)
 *(.text.Reset)
 .text.Reset    0x00000010        0x8 .\CortexM0\ARM_GCC_493\Debug\Cm0Start.o
                0x00000010                Reset
                0x00000001                ASSERT ((. != __cy_reset), No reset code)
 *(.psocinit)
 .psocinit      0x00000018      0x260 .\CortexM0\ARM_GCC_493\Debug\BLE_Battery_Level01.a(cyfitter_cfg.o)
                0x00000108                cyfitter_cfg
                0x00000278                . = MAX (., 0x100)
 *(.text .text.* .gnu.linkonce.t.*)
 .text          0x00000278       0x60 d:/programy/cypress/psoc creator/3.3/psoc creator/import/gnu/arm/4.9.3/bin/../lib/gcc/arm-none-eabi/4.9.3/armv6-m/crtbegin.o
 .text.AppCallBack
                0x000002d8      0x25c .\CortexM0\ARM_GCC_493\Debug\main.o
                0x000002d8                AppCallBack
 .text.HandleLeds
                0x00000534       0x4c .\CortexM0\ARM_GCC_493\Debug\main.o
                0x00000534                HandleLeds
 .text.LowPowerImplementation
                0x00000580       0x9c .\CortexM0\ARM_GCC_493\Debug\main.o
 .text.main     0x0000061c       0x68 .\CortexM0\ARM_GCC_493\Debug\main.o
                0x0000061c                main
 .text.BasCallBack
                0x00000684       0xcc .\CortexM0\ARM_GCC_493\Debug\bas.o
                0x00000684                BasCallBack
 .text.MeasureBattery
                0x00000750      0x1bc .\CortexM0\ARM_GCC_493\Debug\bas.o
                0x00000750                MeasureBattery
 .text.SimulateBattery
                0x0000090c       0xe0 .\CortexM0\ARM_GCC_493\Debug\bas.o
                0x0000090c                SimulateBattery
 .text._write   0x000009ec       0x38 .\CortexM0\ARM_GCC_493\Debug\debug.o
                0x000009ec                _write
 .text.ShowError
                0x00000a24       0x20 .\CortexM0\ARM_GCC_493\Debug\debug.o
                0x00000a24                ShowError
 .text.IntDefaultHandler
                0x00000a44        0x8 .\CortexM0\ARM_GCC_493\Debug\Cm0Start.o
                0x00000a44                IntDefaultHandler
 .text._sbrk    0x00000a4c       0x54 .\CortexM0\ARM_GCC_493\Debug\Cm0Start.o
                0x00000a4c                _sbrk
 .text.Start_c  0x00000aa0       0x98 .\CortexM0\ARM_GCC_493\Debug\Cm0Start.o
                0x00000aa0                Start_c
 .text.initialize_psoc
                0x00000b38       0x70 .\CortexM0\ARM_GCC_493\Debug\Cm0Start.o
                0x00000b38                initialize_psoc
 .text.CYMEMZERO
                0x00000ba8       0x20 .\CortexM0\ARM_GCC_493\Debug\BLE_Battery_Level01.a(cyfitter_cfg.o)
 .text.AnalogSetDefault
                0x00000bc8       0x44 .\CortexM0\ARM_GCC_493\Debug\BLE_Battery_Level01.a(cyfitter_cfg.o)
 .text.SetAnalogRoutingPumps
                0x00000c0c       0x40 .\CortexM0\ARM_GCC_493\Debug\BLE_Battery_Level01.a(cyfitter_cfg.o)
                0x00000c0c                SetAnalogRoutingPumps
 .text.CyBle_BasInit
                0x00000c4c        0x8 .\CortexM0\ARM_GCC_493\Debug\BLE_Battery_Level01.a(BLE_bas.o)
                0x00000c4c                CyBle_BasInit
 .text.CyBle_BasRegisterAttrCallback
                0x00000c54       0x18 .\CortexM0\ARM_GCC_493\Debug\BLE_Battery_Level01.a(BLE_bas.o)
                0x00000c54                CyBle_BasRegisterAttrCallback
 .text.CyBle_BassSetCharacteristicValue
                0x00000c6c       0xa8 .\CortexM0\ARM_GCC_493\Debug\BLE_Battery_Level01.a(BLE_bas.o)
                0x00000c6c                CyBle_BassSetCharacteristicValue
 .text.CyBle_BassWriteEventHandler
                0x00000d14      0x15c .\CortexM0\ARM_GCC_493\Debug\BLE_Battery_Level01.a(BLE_bas.o)
                0x00000d14                CyBle_BassWriteEventHandler
 .text.CyBle_BassSendNotification
                0x00000e70      0x100 .\CortexM0\ARM_GCC_493\Debug\BLE_Battery_Level01.a(BLE_bas.o)
                0x00000e70                CyBle_BassSendNotification
 .text.CyBle_Init
                0x00000f70       0x40 .\CortexM0\ARM_GCC_493\Debug\BLE_Battery_Level01.a(BLE.o)
                0x00000f70                CyBle_Init
 .text.CyBle_ServiceInit
                0x00000fb0       0x10 .\CortexM0\ARM_GCC_493\Debug\BLE_Battery_Level01.a(BLE.o)
                0x00000fb0                CyBle_ServiceInit
 .text.CyBle_Start
                0x00000fc0       0xd4 .\CortexM0\ARM_GCC_493\Debug\BLE_Battery_Level01.a(BLE.o)
                0x00000fc0                CyBle_Start
 .text.CyBle_GappStartAdvertisement
                0x00001094       0xd4 .\CortexM0\ARM_GCC_493\Debug\BLE_Battery_Level01.a(BLE.o)
                0x00001094                CyBle_GappStartAdvertisement
 .text.CyBle_ChangeAdDeviceAddress
                0x00001168       0x60 .\CortexM0\ARM_GCC_493\Debug\BLE_Battery_Level01.a(BLE.o)
                0x00001168                CyBle_ChangeAdDeviceAddress
 .text.CyBle_Get16ByPtr
                0x000011c8       0x28 .\CortexM0\ARM_GCC_493\Debug\BLE_Battery_Level01.a(BLE.o)
                0x000011c8                CyBle_Get16ByPtr
 .text.CyBle_GattsWriteEventHandler
                0x000011f0       0xa0 .\CortexM0\ARM_GCC_493\Debug\BLE_Battery_Level01.a(BLE_gatt.o)
                0x000011f0                CyBle_GattsWriteEventHandler
 .text.CyBle_WriteReqHandler
                0x00001290       0x98 .\CortexM0\ARM_GCC_493\Debug\BLE_Battery_Level01.a(BLE_eventHandler.o)
 .text.CyBle_ValueConfirmation
                0x00001328       0x10 .\CortexM0\ARM_GCC_493\Debug\BLE_Battery_Level01.a(BLE_eventHandler.o)
 .text.CyBle_GattDisconnectEventHandler
                0x00001338       0x18 .\CortexM0\ARM_GCC_493\Debug\BLE_Battery_Level01.a(BLE_eventHandler.o)
 .text.CyBle_TimeOutEventHandler
                0x00001350       0x10 .\CortexM0\ARM_GCC_493\Debug\BLE_Battery_Level01.a(BLE_eventHandler.o)
 .text.CyBle_GattConnectReqHandler
                0x00001360        0x8 .\CortexM0\ARM_GCC_493\Debug\BLE_Battery_Level01.a(BLE_eventHandler.o)
 .text.CyBle_IsDeviceAddressValid
                0x00001368       0x60 .\CortexM0\ARM_GCC_493\Debug\BLE_Battery_Level01.a(BLE_eventHandler.o)
 .text.CyBle_L2Cap_ConnParamUpdateRspEventHandler
                0x000013c8       0x14 .\CortexM0\ARM_GCC_493\Debug\BLE_Battery_Level01.a(BLE_eventHandler.o)
 .text.CyBle_GapConnUpdateCompleteEventHandler
                0x000013dc       0x10 .\CortexM0\ARM_GCC_493\Debug\BLE_Battery_Level01.a(BLE_eventHandler.o)
 .text.CyBle_EventHandler
                0x000013ec      0x36c .\CortexM0\ARM_GCC_493\Debug\BLE_Battery_Level01.a(BLE_eventHandler.o)
                0x000013ec                CyBle_EventHandler
 .text.CyBle_DisInit
                0x00001758        0x8 .\CortexM0\ARM_GCC_493\Debug\BLE_Battery_Level01.a(BLE_dis.o)
                0x00001758                CyBle_DisInit
 .text.ADC_Start
                0x00001760       0x24 .\CortexM0\ARM_GCC_493\Debug\BLE_Battery_Level01.a(ADC.o)
                0x00001760                ADC_Start
 .text.ADC_Init
                0x00001784      0x1d8 .\CortexM0\ARM_GCC_493\Debug\BLE_Battery_Level01.a(ADC.o)
                0x00001784                ADC_Init
 .text.ADC_Enable
                0x0000195c       0x38 .\CortexM0\ARM_GCC_493\Debug\BLE_Battery_Level01.a(ADC.o)
                0x0000195c                ADC_Enable
 .text.ADC_StartConvert
                0x00001994       0x14 .\CortexM0\ARM_GCC_493\Debug\BLE_Battery_Level01.a(ADC.o)
                0x00001994                ADC_StartConvert
 .text.ADC_IsEndConversion
                0x000019a8       0x48 .\CortexM0\ARM_GCC_493\Debug\BLE_Battery_Level01.a(ADC.o)
                0x000019a8                ADC_IsEndConversion
 .text.ADC_GetResult16
                0x000019f0       0x44 .\CortexM0\ARM_GCC_493\Debug\BLE_Battery_Level01.a(ADC.o)
                0x000019f0                ADC_GetResult16
 .text.ADC_ISR  0x00001a34       0x1c .\CortexM0\ARM_GCC_493\Debug\BLE_Battery_Level01.a(ADC_INT.o)
                0x00001a34                ADC_ISR
 .text.Disconnect_LED_Write
                0x00001a50       0x4c .\CortexM0\ARM_GCC_493\Debug\BLE_Battery_Level01.a(Disconnect_LED.o)
                0x00001a50                Disconnect_LED_Write
 .text.UART_DEB_Init
                0x00001a9c        0xc .\CortexM0\ARM_GCC_493\Debug\BLE_Battery_Level01.a(UART_DEB.o)
                0x00001a9c                UART_DEB_Init
 .text.UART_DEB_Enable
                0x00001aa8       0x24 .\CortexM0\ARM_GCC_493\Debug\BLE_Battery_Level01.a(UART_DEB.o)
                0x00001aa8                UART_DEB_Enable
 .text.UART_DEB_Start
                0x00001acc       0x24 .\CortexM0\ARM_GCC_493\Debug\BLE_Battery_Level01.a(UART_DEB.o)
                0x00001acc                UART_DEB_Start
 .text.UART_DEB_ScbEnableIntr
                0x00001af0        0x8 .\CortexM0\ARM_GCC_493\Debug\BLE_Battery_Level01.a(UART_DEB.o)
 .text.UART_DEB_ScbModePostEnable
                0x00001af8        0xc .\CortexM0\ARM_GCC_493\Debug\BLE_Battery_Level01.a(UART_DEB.o)
 .text.UART_DEB_SpiUartWriteTxData
                0x00001b04       0x2c .\CortexM0\ARM_GCC_493\Debug\BLE_Battery_Level01.a(UART_DEB_SPI_UART.o)
                0x00001b04                UART_DEB_SpiUartWriteTxData
 .text.UART_DEB_SpiUartGetTxBufferSize
                0x00001b30       0x20 .\CortexM0\ARM_GCC_493\Debug\BLE_Battery_Level01.a(UART_DEB_SPI_UART.o)
                0x00001b30                UART_DEB_SpiUartGetTxBufferSize
 .text.UART_DEB_UartInit
                0x00001b50       0xb0 .\CortexM0\ARM_GCC_493\Debug\BLE_Battery_Level01.a(UART_DEB_UART.o)
                0x00001b50                UART_DEB_UartInit
 .text.UART_DEB_UartPostEnable
                0x00001c00       0x24 .\CortexM0\ARM_GCC_493\Debug\BLE_Battery_Level01.a(UART_DEB_UART.o)
                0x00001c00                UART_DEB_UartPostEnable
 .text.SW2_ClearInterrupt
                0x00001c24       0x30 .\CortexM0\ARM_GCC_493\Debug\BLE_Battery_Level01.a(SW2.o)
                0x00001c24                SW2_ClearInterrupt
 .text.LowPower_LED_Write
                0x00001c54       0x48 .\CortexM0\ARM_GCC_493\Debug\BLE_Battery_Level01.a(LowPower_LED.o)
                0x00001c54                LowPower_LED_Write
 .text.Advertising_LED_Write
                0x00001c9c       0x4c .\CortexM0\ARM_GCC_493\Debug\BLE_Battery_Level01.a(Advertising_LED.o)
                0x00001c9c                Advertising_LED_Write
 .text.Wakeup_Interrupt_Start
                0x00001ce8       0x24 .\CortexM0\ARM_GCC_493\Debug\BLE_Battery_Level01.a(Wakeup_Interrupt.o)
                0x00001ce8                Wakeup_Interrupt_Start
 .text.Wakeup_Interrupt_Interrupt
                0x00001d0c        0x8 .\CortexM0\ARM_GCC_493\Debug\BLE_Battery_Level01.a(Wakeup_Interrupt.o)
                0x00001d0c                Wakeup_Interrupt_Interrupt
 .text.Wakeup_Interrupt_SetVector
                0x00001d14       0x18 .\CortexM0\ARM_GCC_493\Debug\BLE_Battery_Level01.a(Wakeup_Interrupt.o)
                0x00001d14                Wakeup_Interrupt_SetVector
 .text.Wakeup_Interrupt_SetPriority
                0x00001d2c       0x50 .\CortexM0\ARM_GCC_493\Debug\BLE_Battery_Level01.a(Wakeup_Interrupt.o)
                0x00001d2c                Wakeup_Interrupt_SetPriority
 .text.Wakeup_Interrupt_Enable
                0x00001d7c       0x14 .\CortexM0\ARM_GCC_493\Debug\BLE_Battery_Level01.a(Wakeup_Interrupt.o)
                0x00001d7c                Wakeup_Interrupt_Enable
 .text.Wakeup_Interrupt_Disable
                0x00001d90       0x14 .\CortexM0\ARM_GCC_493\Debug\BLE_Battery_Level01.a(Wakeup_Interrupt.o)
                0x00001d90                Wakeup_Interrupt_Disable
 .text.Wakeup_Interrupt_ClearPending
                0x00001da4       0x14 .\CortexM0\ARM_GCC_493\Debug\BLE_Battery_Level01.a(Wakeup_Interrupt.o)
                0x00001da4                Wakeup_Interrupt_ClearPending
 .text          0x00001db8       0x20 .\CortexM0\ARM_GCC_493\Debug\BLE_Battery_Level01.a(CyBootAsmGnu.o)
                0x00001db8                CyDelayCycles
                0x00001dca                CyEnterCriticalSection
                0x00001dd2                CyExitCriticalSection
 .text.CySysClkWriteSysclkDiv
                0x00001dd8       0x44 .\CortexM0\ARM_GCC_493\Debug\BLE_Battery_Level01.a(CyLib.o)
                0x00001dd8                CySysClkWriteSysclkDiv
 .text.CySysClkWriteImoFreq
                0x00001e1c       0x98 .\CortexM0\ARM_GCC_493\Debug\BLE_Battery_Level01.a(CyLib.o)
                0x00001e1c                CySysClkWriteImoFreq
 .text.CySysClkEcoStart
                0x00001eb4       0x74 .\CortexM0\ARM_GCC_493\Debug\BLE_Battery_Level01.a(CyLib.o)
                0x00001eb4                CySysClkEcoStart
 .text.CySysClkEcoReadStatus
                0x00001f28       0x20 .\CortexM0\ARM_GCC_493\Debug\BLE_Battery_Level01.a(CyLib.o)
                0x00001f28                CySysClkEcoReadStatus
 .text.CyIntSetVector
                0x00001f48       0x4c .\CortexM0\ARM_GCC_493\Debug\BLE_Battery_Level01.a(CyLib.o)
                0x00001f48                CyIntSetVector
 .text.CyIntSetPriority
                0x00001f94       0xa8 .\CortexM0\ARM_GCC_493\Debug\BLE_Battery_Level01.a(CyLib.o)
                0x00001f94                CyIntSetPriority
 .text.CyHalt   0x0000203c       0x14 .\CortexM0\ARM_GCC_493\Debug\BLE_Battery_Level01.a(CyLib.o)
                0x0000203c                CyHalt
 .text.CyDelay  0x00002050       0x48 .\CortexM0\ARM_GCC_493\Debug\BLE_Battery_Level01.a(CyLib.o)
                0x00002050                CyDelay
 .text.CyDelayUs
                0x00002098       0x28 .\CortexM0\ARM_GCC_493\Debug\BLE_Battery_Level01.a(CyLib.o)
                0x00002098                CyDelayUs
 .text.CySysPmHibPinsDisableInputBuf
                0x000020c0       0x78 .\CortexM0\ARM_GCC_493\Debug\BLE_Battery_Level01.a(cyPm.o)
 .text.CySysPmSleep
                0x00002138       0x34 .\CortexM0\ARM_GCC_493\Debug\BLE_Battery_Level01.a(cyPm.o)
                0x00002138                CySysPmSleep
 .text.CySysPmDeepSleep
                0x0000216c       0x6c .\CortexM0\ARM_GCC_493\Debug\BLE_Battery_Level01.a(cyPm.o)
                0x0000216c                CySysPmDeepSleep
 .text.CySysPmHibernate
                0x000021d8       0x70 .\CortexM0\ARM_GCC_493\Debug\BLE_Battery_Level01.a(cyPm.o)
                0x000021d8                CySysPmHibernate
 .text.CySysClkWcoSetHighPowerMode
                0x00002248       0x48 .\CortexM0\ARM_GCC_493\Debug\BLE_Battery_Level01.a(CyLFClk.o)
 .text.CySysClkWcoSetLowPowerMode
                0x00002290       0x48 .\CortexM0\ARM_GCC_493\Debug\BLE_Battery_Level01.a(CyLFClk.o)
 .text.CySysClkWcoStart
                0x000022d8       0x20 .\CortexM0\ARM_GCC_493\Debug\BLE_Battery_Level01.a(CyLFClk.o)
                0x000022d8                CySysClkWcoStart
 .text.CySysClkWcoSetPowerMode
                0x000022f8       0x40 .\CortexM0\ARM_GCC_493\Debug\BLE_Battery_Level01.a(CyLFClk.o)
                0x000022f8                CySysClkWcoSetPowerMode
 .text.CyBLE_Bless_LlRegWrite
                0x00002338       0x1c .\CortexM0\ARM_GCC_493\Debug\BLE_Battery_Level01.a(BLE_HAL_PVT.o)
                0x00002338                CyBLE_Bless_LlRegWrite
 .text.CyBLE_Bless_RfRegWrite
                0x00002354       0x1c .\CortexM0\ARM_GCC_493\Debug\BLE_Battery_Level01.a(BLE_HAL_PVT.o)
                0x00002354                CyBLE_Bless_RfRegWrite
 .text.CyBLE_BlessDeviceConfig
                0x00002370      0x110 .\CortexM0\ARM_GCC_493\Debug\BLE_Battery_Level01.a(BLE_HAL_PVT.o)
                0x00002370                CyBLE_BlessDeviceConfig
 .text.CyBleHal_DelayUs
                0x00002480       0x1c .\CortexM0\ARM_GCC_493\Debug\BLE_Battery_Level01.a(BLE_HAL_PVT.o)
                0x00002480                CyBleHal_DelayUs
 .text.CyBleHal_EnableGlobalInterrupts
                0x0000249c        0xc .\CortexM0\ARM_GCC_493\Debug\BLE_Battery_Level01.a(BLE_HAL_PVT.o)
                0x0000249c                CyBleHal_EnableGlobalInterrupts
 .text.CyBleHal_DisableGlobalInterrupts
                0x000024a8        0xc .\CortexM0\ARM_GCC_493\Debug\BLE_Battery_Level01.a(BLE_HAL_PVT.o)
                0x000024a8                CyBleHal_DisableGlobalInterrupts
 .text.CyBle_HalInit
                0x000024b4       0x20 .\CortexM0\ARM_GCC_493\Debug\BLE_Battery_Level01.a(BLE_HAL_PVT.o)
                0x000024b4                CyBle_HalInit
 .text.CYBLE_BlessStart
                0x000024d4       0x14 .\CortexM0\ARM_GCC_493\Debug\BLE_Battery_Level01.a(BLE_HAL_PVT.o)
                0x000024d4                CYBLE_BlessStart
 .text.BLE_bless_isr_StartEx
                0x000024e8       0x24 .\CortexM0\ARM_GCC_493\Debug\BLE_Battery_Level01.a(BLE_bless_isr.o)
                0x000024e8                BLE_bless_isr_StartEx
 .text.BLE_bless_isr_SetVector
                0x0000250c       0x18 .\CortexM0\ARM_GCC_493\Debug\BLE_Battery_Level01.a(BLE_bless_isr.o)
                0x0000250c                BLE_bless_isr_SetVector
 .text.BLE_bless_isr_SetPriority
                0x00002524       0x4c .\CortexM0\ARM_GCC_493\Debug\BLE_Battery_Level01.a(BLE_bless_isr.o)
                0x00002524                BLE_bless_isr_SetPriority
 .text.BLE_bless_isr_Enable
                0x00002570       0x14 .\CortexM0\ARM_GCC_493\Debug\BLE_Battery_Level01.a(BLE_bless_isr.o)
                0x00002570                BLE_bless_isr_Enable
 .text.BLE_bless_isr_Disable
                0x00002584       0x14 .\CortexM0\ARM_GCC_493\Debug\BLE_Battery_Level01.a(BLE_bless_isr.o)
                0x00002584                BLE_bless_isr_Disable
 .text.CyBLE_Bless_Interrupt
                0x00002598        0xc .\CortexM0\ARM_GCC_493\Debug\BLE_Battery_Level01.a(BLE_HAL_INT.o)
                0x00002598                CyBLE_Bless_Interrupt
 .text          0x000025a4      0x120 d:/programy/cypress/psoc creator/3.3/psoc creator/import/gnu/arm/4.9.3/bin/../lib/gcc/arm-none-eabi/4.9.3/armv6-m\libgcc.a(_udivsi3.o)
                0x000025a4                __aeabi_uidiv
                0x000025a4                __udivsi3
                0x000026b0                __aeabi_uidivmod
 .text          0x000026c4      0x1e0 d:/programy/cypress/psoc creator/3.3/psoc creator/import/gnu/arm/4.9.3/bin/../lib/gcc/arm-none-eabi/4.9.3/armv6-m\libgcc.a(_divsi3.o)
                0x000026c4                __divsi3
                0x000026c4                __aeabi_idiv
                0x00002890                __aeabi_idivmod
 .text          0x000028a4        0x4 d:/programy/cypress/psoc creator/3.3/psoc creator/import/gnu/arm/4.9.3/bin/../lib/gcc/arm-none-eabi/4.9.3/armv6-m\libgcc.a(_dvmd_tls.o)
                0x000028a4                __aeabi_idiv0
                0x000028a4                __aeabi_ldiv0
 .text.__errno  0x000028a8        0xc d:/programy/cypress/psoc creator/3.3/psoc creator/import/gnu/arm/4.9.3/bin/../lib/gcc/arm-none-eabi/4.9.3/../../../../arm-none-eabi/lib/armv6-m\libg_nano.a(lib_a-errno.o)
                0x000028a8                __errno
 .text.__libc_init_array
                0x000028b4       0x4c d:/programy/cypress/psoc creator/3.3/psoc creator/import/gnu/arm/4.9.3/bin/../lib/gcc/arm-none-eabi/4.9.3/../../../../arm-none-eabi/lib/armv6-m\libg_nano.a(lib_a-init.o)
                0x000028b4                __libc_init_array
 .text.memcmp   0x00002900       0x1e d:/programy/cypress/psoc creator/3.3/psoc creator/import/gnu/arm/4.9.3/bin/../lib/gcc/arm-none-eabi/4.9.3/../../../../arm-none-eabi/lib/armv6-m\libg_nano.a(lib_a-memcmp.o)
                0x00002900                memcmp
 .text.memcpy   0x0000291e       0x12 d:/programy/cypress/psoc creator/3.3/psoc creator/import/gnu/arm/4.9.3/bin/../lib/gcc/arm-none-eabi/4.9.3/../../../../arm-none-eabi/lib/armv6-m\libg_nano.a(lib_a-memcpy.o)
                0x0000291e                memcpy
 .text.memset   0x00002930       0x10 d:/programy/cypress/psoc creator/3.3/psoc creator/import/gnu/arm/4.9.3/bin/../lib/gcc/arm-none-eabi/4.9.3/../../../../arm-none-eabi/lib/armv6-m\libg_nano.a(lib_a-memset.o)
                0x00002930                memset
 .text.printf   0x00002940       0x34 d:/programy/cypress/psoc creator/3.3/psoc creator/import/gnu/arm/4.9.3/bin/../lib/gcc/arm-none-eabi/4.9.3/../../../../arm-none-eabi/lib/armv6-m\libg_nano.a(lib_a-printf.o)
                0x00002940                iprintf
                0x00002940                printf
 .text._puts_r  0x00002974       0xc2 d:/programy/cypress/psoc creator/3.3/psoc creator/import/gnu/arm/4.9.3/bin/../lib/gcc/arm-none-eabi/4.9.3/../../../../arm-none-eabi/lib/armv6-m\libg_nano.a(lib_a-puts.o)
                0x00002974                _puts_r
 *fill*         0x00002a36        0x2 
 .text.puts     0x00002a38       0x14 d:/programy/cypress/psoc creator/3.3/psoc creator/import/gnu/arm/4.9.3/bin/../lib/gcc/arm-none-eabi/4.9.3/../../../../arm-none-eabi/lib/armv6-m\libg_nano.a(lib_a-puts.o)
                0x00002a38                puts
 .text.__swbuf_r
                0x00002a4c       0xb0 d:/programy/cypress/psoc creator/3.3/psoc creator/import/gnu/arm/4.9.3/bin/../lib/gcc/arm-none-eabi/4.9.3/../../../../arm-none-eabi/lib/armv6-m\libg_nano.a(lib_a-wbuf.o)
                0x00002a4c                __swbuf_r
 .text.__swsetup_r
                0x00002afc       0xe8 d:/programy/cypress/psoc creator/3.3/psoc creator/import/gnu/arm/4.9.3/bin/../lib/gcc/arm-none-eabi/4.9.3/../../../../arm-none-eabi/lib/armv6-m\libg_nano.a(lib_a-wsetup.o)
                0x00002afc                __swsetup_r
 .text.__sflush_r
                0x00002be4      0x112 d:/programy/cypress/psoc creator/3.3/psoc creator/import/gnu/arm/4.9.3/bin/../lib/gcc/arm-none-eabi/4.9.3/../../../../arm-none-eabi/lib/armv6-m\libg_nano.a(lib_a-fflush.o)
                0x00002be4                __sflush_r
 *fill*         0x00002cf6        0x2 
 .text._fflush_r
                0x00002cf8       0x58 d:/programy/cypress/psoc creator/3.3/psoc creator/import/gnu/arm/4.9.3/bin/../lib/gcc/arm-none-eabi/4.9.3/../../../../arm-none-eabi/lib/armv6-m\libg_nano.a(lib_a-fflush.o)
                0x00002cf8                _fflush_r
 .text._cleanup_r
                0x00002d50       0x10 d:/programy/cypress/psoc creator/3.3/psoc creator/import/gnu/arm/4.9.3/bin/../lib/gcc/arm-none-eabi/4.9.3/../../../../arm-none-eabi/lib/armv6-m\libg_nano.a(lib_a-findfp.o)
                0x00002d50                _cleanup_r
 .text.std.isra.0
                0x00002d60       0x48 d:/programy/cypress/psoc creator/3.3/psoc creator/import/gnu/arm/4.9.3/bin/../lib/gcc/arm-none-eabi/4.9.3/../../../../arm-none-eabi/lib/armv6-m\libg_nano.a(lib_a-findfp.o)
 .text.__sfmoreglue
                0x00002da8       0x2c d:/programy/cypress/psoc creator/3.3/psoc creator/import/gnu/arm/4.9.3/bin/../lib/gcc/arm-none-eabi/4.9.3/../../../../arm-none-eabi/lib/armv6-m\libg_nano.a(lib_a-findfp.o)
                0x00002da8                __sfmoreglue
 .text.__sinit  0x00002dd4       0x64 d:/programy/cypress/psoc creator/3.3/psoc creator/import/gnu/arm/4.9.3/bin/../lib/gcc/arm-none-eabi/4.9.3/../../../../arm-none-eabi/lib/armv6-m\libg_nano.a(lib_a-findfp.o)
                0x00002dd4                __sinit
 .text.__sfp    0x00002e38       0x7c d:/programy/cypress/psoc creator/3.3/psoc creator/import/gnu/arm/4.9.3/bin/../lib/gcc/arm-none-eabi/4.9.3/../../../../arm-none-eabi/lib/armv6-m\libg_nano.a(lib_a-findfp.o)
                0x00002e38                __sfp
 .text._fwalk_reent
                0x00002eb4       0x42 d:/programy/cypress/psoc creator/3.3/psoc creator/import/gnu/arm/4.9.3/bin/../lib/gcc/arm-none-eabi/4.9.3/../../../../arm-none-eabi/lib/armv6-m\libg_nano.a(lib_a-fwalk.o)
                0x00002eb4                _fwalk_reent
 *fill*         0x00002ef6        0x2 
 .text.__smakebuf_r
                0x00002ef8       0xb0 d:/programy/cypress/psoc creator/3.3/psoc creator/import/gnu/arm/4.9.3/bin/../lib/gcc/arm-none-eabi/4.9.3/../../../../arm-none-eabi/lib/armv6-m\libg_nano.a(lib_a-makebuf.o)
                0x00002ef8                __smakebuf_r
 .text._free_r  0x00002fa8       0x8c d:/programy/cypress/psoc creator/3.3/psoc creator/import/gnu/arm/4.9.3/bin/../lib/gcc/arm-none-eabi/4.9.3/../../../../arm-none-eabi/lib/armv6-m\libg_nano.a(lib_a-nano-freer.o)
                0x00002fa8                _free_r
 .text._malloc_r
                0x00003034       0xb0 d:/programy/cypress/psoc creator/3.3/psoc creator/import/gnu/arm/4.9.3/bin/../lib/gcc/arm-none-eabi/4.9.3/../../../../arm-none-eabi/lib/armv6-m\libg_nano.a(lib_a-nano-mallocr.o)
                0x00003034                _malloc_r
 .text.__sfputc_r
                0x000030e4       0x2a d:/programy/cypress/psoc creator/3.3/psoc creator/import/gnu/arm/4.9.3/bin/../lib/gcc/arm-none-eabi/4.9.3/../../../../arm-none-eabi/lib/armv6-m\libg_nano.a(lib_a-nano-vfprintf.o)
 .text.__sfputs_r
                0x0000310e       0x24 d:/programy/cypress/psoc creator/3.3/psoc creator/import/gnu/arm/4.9.3/bin/../lib/gcc/arm-none-eabi/4.9.3/../../../../arm-none-eabi/lib/armv6-m\libg_nano.a(lib_a-nano-vfprintf.o)
                0x0000310e                __sfputs_r
 *fill*         0x00003132        0x2 
 .text._vfprintf_r
                0x00003134      0x220 d:/programy/cypress/psoc creator/3.3/psoc creator/import/gnu/arm/4.9.3/bin/../lib/gcc/arm-none-eabi/4.9.3/../../../../arm-none-eabi/lib/armv6-m\libg_nano.a(lib_a-nano-vfprintf.o)
                0x00003134                _vfprintf_r
                0x00003134                _vfiprintf_r
 .text._printf_common
                0x00003354       0xdc d:/programy/cypress/psoc creator/3.3/psoc creator/import/gnu/arm/4.9.3/bin/../lib/gcc/arm-none-eabi/4.9.3/../../../../arm-none-eabi/lib/armv6-m\libg_nano.a(lib_a-nano-vfprintf_i.o)
                0x00003354                _printf_common
 .text._printf_i
                0x00003430      0x230 d:/programy/cypress/psoc creator/3.3/psoc creator/import/gnu/arm/4.9.3/bin/../lib/gcc/arm-none-eabi/4.9.3/../../../../arm-none-eabi/lib/armv6-m\libg_nano.a(lib_a-nano-vfprintf_i.o)
                0x00003430                _printf_i
 .text._sbrk_r  0x00003660       0x24 d:/programy/cypress/psoc creator/3.3/psoc creator/import/gnu/arm/4.9.3/bin/../lib/gcc/arm-none-eabi/4.9.3/../../../../arm-none-eabi/lib/armv6-m\libg_nano.a(lib_a-sbrkr.o)
                0x00003660                _sbrk_r
 .text.__sread  0x00003684       0x28 d:/programy/cypress/psoc creator/3.3/psoc creator/import/gnu/arm/4.9.3/bin/../lib/gcc/arm-none-eabi/4.9.3/../../../../arm-none-eabi/lib/armv6-m\libg_nano.a(lib_a-stdio.o)
                0x00003684                __sread
 .text.__swrite
                0x000036ac       0x38 d:/programy/cypress/psoc creator/3.3/psoc creator/import/gnu/arm/4.9.3/bin/../lib/gcc/arm-none-eabi/4.9.3/../../../../arm-none-eabi/lib/armv6-m\libg_nano.a(lib_a-stdio.o)
                0x000036ac                __swrite
 .text.__sseek  0x000036e4       0x2c d:/programy/cypress/psoc creator/3.3/psoc creator/import/gnu/arm/4.9.3/bin/../lib/gcc/arm-none-eabi/4.9.3/../../../../arm-none-eabi/lib/armv6-m\libg_nano.a(lib_a-stdio.o)
                0x000036e4                __sseek
 .text.__sclose
                0x00003710        0xc d:/programy/cypress/psoc creator/3.3/psoc creator/import/gnu/arm/4.9.3/bin/../lib/gcc/arm-none-eabi/4.9.3/../../../../arm-none-eabi/lib/armv6-m\libg_nano.a(lib_a-stdio.o)
                0x00003710                __sclose
 .text._write_r
                0x0000371c       0x28 d:/programy/cypress/psoc creator/3.3/psoc creator/import/gnu/arm/4.9.3/bin/../lib/gcc/arm-none-eabi/4.9.3/../../../../arm-none-eabi/lib/armv6-m\libg_nano.a(lib_a-writer.o)
                0x0000371c                _write_r
 .text._close_r
                0x00003744       0x24 d:/programy/cypress/psoc creator/3.3/psoc creator/import/gnu/arm/4.9.3/bin/../lib/gcc/arm-none-eabi/4.9.3/../../../../arm-none-eabi/lib/armv6-m\libg_nano.a(lib_a-closer.o)
                0x00003744                _close_r
 .text._fstat_r
                0x00003768       0x24 d:/programy/cypress/psoc creator/3.3/psoc creator/import/gnu/arm/4.9.3/bin/../lib/gcc/arm-none-eabi/4.9.3/../../../../arm-none-eabi/lib/armv6-m\libg_nano.a(lib_a-fstatr.o)
                0x00003768                _fstat_r
 .text._isatty_r
                0x0000378c       0x24 d:/programy/cypress/psoc creator/3.3/psoc creator/import/gnu/arm/4.9.3/bin/../lib/gcc/arm-none-eabi/4.9.3/../../../../arm-none-eabi/lib/armv6-m\libg_nano.a(lib_a-isattyr.o)
                0x0000378c                _isatty_r
 .text._lseek_r
                0x000037b0       0x28 d:/programy/cypress/psoc creator/3.3/psoc creator/import/gnu/arm/4.9.3/bin/../lib/gcc/arm-none-eabi/4.9.3/../../../../arm-none-eabi/lib/armv6-m\libg_nano.a(lib_a-lseekr.o)
                0x000037b0                _lseek_r
 .text.memchr   0x000037d8       0x16 d:/programy/cypress/psoc creator/3.3/psoc creator/import/gnu/arm/4.9.3/bin/../lib/gcc/arm-none-eabi/4.9.3/../../../../arm-none-eabi/lib/armv6-m\libg_nano.a(lib_a-memchr.o)
                0x000037d8                memchr
 *fill*         0x000037ee        0x2 
 .text._read_r  0x000037f0       0x28 d:/programy/cypress/psoc creator/3.3/psoc creator/import/gnu/arm/4.9.3/bin/../lib/gcc/arm-none-eabi/4.9.3/../../../../arm-none-eabi/lib/armv6-m\libg_nano.a(lib_a-readr.o)
                0x000037f0                _read_r
 .text._close   0x00003818       0x10 d:/programy/cypress/psoc creator/3.3/psoc creator/import/gnu/arm/4.9.3/bin/../lib/gcc/arm-none-eabi/4.9.3/../../../../arm-none-eabi/lib/armv6-m\libnosys.a(close.o)
                0x00003818                _close
 .text._fstat   0x00003828       0x10 d:/programy/cypress/psoc creator/3.3/psoc creator/import/gnu/arm/4.9.3/bin/../lib/gcc/arm-none-eabi/4.9.3/../../../../arm-none-eabi/lib/armv6-m\libnosys.a(fstat.o)
                0x00003828                _fstat
 .text._isatty  0x00003838       0x10 d:/programy/cypress/psoc creator/3.3/psoc creator/import/gnu/arm/4.9.3/bin/../lib/gcc/arm-none-eabi/4.9.3/../../../../arm-none-eabi/lib/armv6-m\libnosys.a(isatty.o)
                0x00003838                _isatty
 .text._lseek   0x00003848       0x10 d:/programy/cypress/psoc creator/3.3/psoc creator/import/gnu/arm/4.9.3/bin/../lib/gcc/arm-none-eabi/4.9.3/../../../../arm-none-eabi/lib/armv6-m\libnosys.a(lseek.o)
                0x00003848                _lseek
 .text._read    0x00003858       0x10 d:/programy/cypress/psoc creator/3.3/psoc creator/import/gnu/arm/4.9.3/bin/../lib/gcc/arm-none-eabi/4.9.3/../../../../arm-none-eabi/lib/armv6-m\libnosys.a(read.o)
                0x00003858                _read
 *(.plt)
 *(.gnu.warning)
 *(.glue_7t)
 .glue_7t       0x00000000        0x0 linker stubs
 *(.glue_7)
 .glue_7        0x00000000        0x0 linker stubs
 *(.vfp11_veneer)
 .vfp11_veneer  0x00000000        0x0 linker stubs
 *(.bootloader)
 *(.ARM.extab* .gnu.linkonce.armextab.*)
 *(.gcc_except_table)

.v4_bx          0x00003868        0x0
 .v4_bx         0x00000000        0x0 linker stubs

.iplt           0x00003868        0x0
 .iplt          0x00000000        0x0 d:/programy/cypress/psoc creator/3.3/psoc creator/import/gnu/arm/4.9.3/bin/../lib/gcc/arm-none-eabi/4.9.3/armv6-m/crtbegin.o

i.CyBle_EnterLPM
                0x00003868        0x8
 i.CyBle_EnterLPM
                0x00003868        0x8 D:\programy\Cypress\PSoC Creator\3.3\PSoC Creator\psoc\content\cycomponentlibrary\CyComponentLibrary.cylib\BLE_v2_30\Library\gccCyBLEStack_BLE_SOC_PERIPHERAL.a(CyBle.o)
                0x00003868                CyBle_EnterLPM

i.CyBle_ExitLPM
                0x00003870        0x8
 i.CyBle_ExitLPM
                0x00003870        0x8 D:\programy\Cypress\PSoC Creator\3.3\PSoC Creator\psoc\content\cycomponentlibrary\CyComponentLibrary.cylib\BLE_v2_30\Library\gccCyBLEStack_BLE_SOC_PERIPHERAL.a(CyBle.o)
                0x00003870                CyBle_ExitLPM

i.CyBle_GetDeviceAddress
                0x00003878        0x8
 i.CyBle_GetDeviceAddress
                0x00003878        0x8 D:\programy\Cypress\PSoC Creator\3.3\PSoC Creator\psoc\content\cycomponentlibrary\CyComponentLibrary.cylib\BLE_v2_30\Library\gccCyBLEStack_BLE_SOC_PERIPHERAL.a(CyBle.o)
                0x00003878                CyBle_GetDeviceAddress

i.CyBle_ProcessEvents
                0x00003880        0x8
 i.CyBle_ProcessEvents
                0x00003880        0x8 D:\programy\Cypress\PSoC Creator\3.3\PSoC Creator\psoc\content\cycomponentlibrary\CyComponentLibrary.cylib\BLE_v2_30\Library\gccCyBLEStack_BLE_SOC_PERIPHERAL.a(CyBle.o)
                0x00003880                CyBle_ProcessEvents

i.CyBle_SetDeviceAddress
                0x00003888       0x24
 i.CyBle_SetDeviceAddress
                0x00003888       0x24 D:\programy\Cypress\PSoC Creator\3.3\PSoC Creator\psoc\content\cycomponentlibrary\CyComponentLibrary.cylib\BLE_v2_30\Library\gccCyBLEStack_BLE_SOC_PERIPHERAL.a(CyBle.o)
                0x00003888                CyBle_SetDeviceAddress

i.CyBle_StackInit
                0x000038ac       0xfc
 i.CyBle_StackInit
                0x000038ac       0xfc D:\programy\Cypress\PSoC Creator\3.3\PSoC Creator\psoc\content\cycomponentlibrary\CyComponentLibrary.cylib\BLE_v2_30\Library\gccCyBLEStack_BLE_SOC_PERIPHERAL.a(CyBle.o)
                0x000038ac                CyBle_StackInit

i.CyBle_StackValidateInputParams
                0x000039a8       0xf4
 i.CyBle_StackValidateInputParams
                0x000039a8       0xf4 D:\programy\Cypress\PSoC Creator\3.3\PSoC Creator\psoc\content\cycomponentlibrary\CyComponentLibrary.cylib\BLE_v2_30\Library\gccCyBLEStack_BLE_SOC_PERIPHERAL.a(CyBle.o)

i.__ARM_common_switch8
                0x00003a9c       0x1a
 i.__ARM_common_switch8
                0x00003a9c       0x1a D:\programy\Cypress\PSoC Creator\3.3\PSoC Creator\psoc\content\cycomponentlibrary\CyComponentLibrary.cylib\BLE_v2_30\Library\gccCyBLEStack_BLE_SOC_PERIPHERAL.a(CyBle.o)
                0x00003a9c                __ARM_common_switch8

i.CyBleStackMgr_Init
                0x00003ab8       0x9c
 i.CyBleStackMgr_Init
                0x00003ab8       0x9c D:\programy\Cypress\PSoC Creator\3.3\PSoC Creator\psoc\content\cycomponentlibrary\CyComponentLibrary.cylib\BLE_v2_30\Library\gccCyBLEStack_BLE_SOC_PERIPHERAL.a(CyBleStackMgrIP_Interface.o)
                0x00003ab8                CyBleStackMgr_Init

i.CyBleStackMgr_ProcessBleEvents
                0x00003b54       0x14
 i.CyBleStackMgr_ProcessBleEvents
                0x00003b54       0x14 D:\programy\Cypress\PSoC Creator\3.3\PSoC Creator\psoc\content\cycomponentlibrary\CyComponentLibrary.cylib\BLE_v2_30\Library\gccCyBLEStack_BLE_SOC_PERIPHERAL.a(CyBleStackMgrIP_Interface.o)
                0x00003b54                CyBleStackMgr_ProcessBleEvents

i.CyBle_GetHeapMemory
                0x00003b68       0x28
 i.CyBle_GetHeapMemory
                0x00003b68       0x28 D:\programy\Cypress\PSoC Creator\3.3\PSoC Creator\psoc\content\cycomponentlibrary\CyComponentLibrary.cylib\BLE_v2_30\Library\gccCyBLEStack_BLE_SOC_PERIPHERAL.a(CyBleStackMgrIP_Interface.o)
                0x00003b68                CyBle_GetHeapMemory

i.CyBle_GetNumAppBufferPools
                0x00003b90        0xc
 i.CyBle_GetNumAppBufferPools
                0x00003b90        0xc D:\programy\Cypress\PSoC Creator\3.3\PSoC Creator\psoc\content\cycomponentlibrary\CyComponentLibrary.cylib\BLE_v2_30\Library\gccCyBLEStack_BLE_SOC_PERIPHERAL.a(CyBleStackMgrIP_Interface.o)
                0x00003b90                CyBle_GetNumAppBufferPools

i.CyBle_HostStackBufferPoolInit
                0x00003b9c       0xec
 i.CyBle_HostStackBufferPoolInit
                0x00003b9c       0xec D:\programy\Cypress\PSoC Creator\3.3\PSoC Creator\psoc\content\cycomponentlibrary\CyComponentLibrary.cylib\BLE_v2_30\Library\gccCyBLEStack_BLE_SOC_PERIPHERAL.a(CyBleStackMgrIP_Interface.o)

i.ble_stack_idle_task_callback
                0x00003c88        0x2
 i.ble_stack_idle_task_callback
                0x00003c88        0x2 D:\programy\Cypress\PSoC Creator\3.3\PSoC Creator\psoc\content\cycomponentlibrary\CyComponentLibrary.cylib\BLE_v2_30\Library\gccCyBLEStack_BLE_SOC_PERIPHERAL.a(CyBleStackMgrIP_Interface.o)
                0x00003c88                ble_stack_idle_task_callback

i.BT_OSFreeBuf  0x00003c8c       0x20
 i.BT_OSFreeBuf
                0x00003c8c       0x20 D:\programy\Cypress\PSoC Creator\3.3\PSoC Creator\psoc\content\cycomponentlibrary\CyComponentLibrary.cylib\BLE_v2_30\Library\gccCyBLEStack_BLE_SOC_PERIPHERAL.a(BT_os.o)
                0x00003c8c                BT_OSFreeBuf

i.BT_OSGetBuF   0x00003cac       0x34
 i.BT_OSGetBuF  0x00003cac       0x34 D:\programy\Cypress\PSoC Creator\3.3\PSoC Creator\psoc\content\cycomponentlibrary\CyComponentLibrary.cylib\BLE_v2_30\Library\gccCyBLEStack_BLE_SOC_PERIPHERAL.a(BT_os.o)
                0x00003cac                BT_OSGetBuF

i.BT_OSMemCreate
                0x00003ce0       0x3c
 i.BT_OSMemCreate
                0x00003ce0       0x3c D:\programy\Cypress\PSoC Creator\3.3\PSoC Creator\psoc\content\cycomponentlibrary\CyComponentLibrary.cylib\BLE_v2_30\Library\gccCyBLEStack_BLE_SOC_PERIPHERAL.a(BT_os.o)
                0x00003ce0                BT_OSMemCreate

i.BT_alloc_mem_ext
                0x00003d1c       0x3c
 i.BT_alloc_mem_ext
                0x00003d1c       0x3c D:\programy\Cypress\PSoC Creator\3.3\PSoC Creator\psoc\content\cycomponentlibrary\CyComponentLibrary.cylib\BLE_v2_30\Library\gccCyBLEStack_BLE_SOC_PERIPHERAL.a(BT_os.o)
                0x00003d1c                BT_alloc_mem_ext

i.BT_free_mem   0x00003d58        0xc
 i.BT_free_mem  0x00003d58        0xc D:\programy\Cypress\PSoC Creator\3.3\PSoC Creator\psoc\content\cycomponentlibrary\CyComponentLibrary.cylib\BLE_v2_30\Library\gccCyBLEStack_BLE_SOC_PERIPHERAL.a(BT_os.o)
                0x00003d58                BT_free_mem

i.bt_stack_create_buffer_pool
                0x00003d64       0x30
 i.bt_stack_create_buffer_pool
                0x00003d64       0x30 D:\programy\Cypress\PSoC Creator\3.3\PSoC Creator\psoc\content\cycomponentlibrary\CyComponentLibrary.cylib\BLE_v2_30\Library\gccCyBLEStack_BLE_SOC_PERIPHERAL.a(BT_os.o)
                0x00003d64                bt_stack_create_buffer_pool

i.CyBle_CheckBleStackTaskStatus
                0x00003d94        0x4
 i.CyBle_CheckBleStackTaskStatus
                0x00003d94        0x4 D:\programy\Cypress\PSoC Creator\3.3\PSoC Creator\psoc\content\cycomponentlibrary\CyComponentLibrary.cylib\BLE_v2_30\Library\gccCyBLEStack_BLE_SOC_PERIPHERAL.a(CyBleStackMgr_StackTaskHandler.o)
                0x00003d94                CyBle_CheckBleStackTaskStatus

i.CyBle_CreateBleStackTask
                0x00003d98       0x2c
 i.CyBle_CreateBleStackTask
                0x00003d98       0x2c D:\programy\Cypress\PSoC Creator\3.3\PSoC Creator\psoc\content\cycomponentlibrary\CyComponentLibrary.cylib\BLE_v2_30\Library\gccCyBLEStack_BLE_SOC_PERIPHERAL.a(CyBleStackMgr_StackTaskHandler.o)
                0x00003d98                CyBle_CreateBleStackTask

i.CyBle_SignalBleStackTask
                0x00003dc4       0x50
 i.CyBle_SignalBleStackTask
                0x00003dc4       0x50 D:\programy\Cypress\PSoC Creator\3.3\PSoC Creator\psoc\content\cycomponentlibrary\CyComponentLibrary.cylib\BLE_v2_30\Library\gccCyBLEStack_BLE_SOC_PERIPHERAL.a(CyBleStackMgr_StackTaskHandler.o)
                0x00003dc4                CyBle_SignalBleStackTask

i.CyBle_StackTaskHandler
                0x00003e14       0x5c
 i.CyBle_StackTaskHandler
                0x00003e14       0x5c D:\programy\Cypress\PSoC Creator\3.3\PSoC Creator\psoc\content\cycomponentlibrary\CyComponentLibrary.cylib\BLE_v2_30\Library\gccCyBLEStack_BLE_SOC_PERIPHERAL.a(CyBleStackMgr_StackTaskHandler.o)
                0x00003e14                CyBle_StackTaskHandler

i.hci_soft_transport_notify_data_received
                0x00003e70        0xc
 i.hci_soft_transport_notify_data_received
                0x00003e70        0xc D:\programy\Cypress\PSoC Creator\3.3\PSoC Creator\psoc\content\cycomponentlibrary\CyComponentLibrary.cylib\BLE_v2_30\Library\gccCyBLEStack_BLE_SOC_PERIPHERAL.a(transport_sf.o)
                0x00003e70                hci_soft_transport_notify_data_received

i.hci_soft_transport_rx_data
                0x00003e7c       0x40
 i.hci_soft_transport_rx_data
                0x00003e7c       0x40 D:\programy\Cypress\PSoC Creator\3.3\PSoC Creator\psoc\content\cycomponentlibrary\CyComponentLibrary.cylib\BLE_v2_30\Library\gccCyBLEStack_BLE_SOC_PERIPHERAL.a(transport_sf.o)
                0x00003e7c                hci_soft_transport_rx_data

i.hci_transport_bt_init
                0x00003ebc        0x2
 i.hci_transport_bt_init
                0x00003ebc        0x2 D:\programy\Cypress\PSoC Creator\3.3\PSoC Creator\psoc\content\cycomponentlibrary\CyComponentLibrary.cylib\BLE_v2_30\Library\gccCyBLEStack_BLE_SOC_PERIPHERAL.a(transport_sf.o)
                0x00003ebc                hci_transport_bt_init

i.hci_transport_init
                0x00003ec0       0x10
 i.hci_transport_init
                0x00003ec0       0x10 D:\programy\Cypress\PSoC Creator\3.3\PSoC Creator\psoc\content\cycomponentlibrary\CyComponentLibrary.cylib\BLE_v2_30\Library\gccCyBLEStack_BLE_SOC_PERIPHERAL.a(transport_sf.o)
                0x00003ec0                hci_transport_init

i.hci_transport_write_data
                0x00003ed0       0xd4
 i.hci_transport_write_data
                0x00003ed0       0xd4 D:\programy\Cypress\PSoC Creator\3.3\PSoC Creator\psoc\content\cycomponentlibrary\CyComponentLibrary.cylib\BLE_v2_30\Library\gccCyBLEStack_BLE_SOC_PERIPHERAL.a(transport_sf.o)
                0x00003ed0                hci_transport_write_data

i.pf_hci_soft_transport_write
                0x00003fa4       0x44
 i.pf_hci_soft_transport_write
                0x00003fa4       0x44 D:\programy\Cypress\PSoC Creator\3.3\PSoC Creator\psoc\content\cycomponentlibrary\CyComponentLibrary.cylib\BLE_v2_30\Library\gccCyBLEStack_BLE_SOC_PERIPHERAL.a(transport_sf.o)
                0x00003fa4                pf_hci_soft_transport_write

i.pf_soft_hci_transport_init
                0x00003fe8        0xc
 i.pf_soft_hci_transport_init
                0x00003fe8        0xc D:\programy\Cypress\PSoC Creator\3.3\PSoC Creator\psoc\content\cycomponentlibrary\CyComponentLibrary.cylib\BLE_v2_30\Library\gccCyBLEStack_BLE_SOC_PERIPHERAL.a(transport_sf.o)
                0x00003fe8                pf_soft_hci_transport_init

i.CyBleStackMgr_GetTime
                0x00003ff4       0x14
 i.CyBleStackMgr_GetTime
                0x00003ff4       0x14 D:\programy\Cypress\PSoC Creator\3.3\PSoC Creator\psoc\content\cycomponentlibrary\CyComponentLibrary.cylib\BLE_v2_30\Library\gccCyBLEStack_BLE_SOC_PERIPHERAL.a(CyBleStackMgr_PSoCHal.o)
                0x00003ff4                CyBleStackMgr_GetTime

i.CyBleStackMgr_HalInit
                0x00004008       0x24
 i.CyBleStackMgr_HalInit
                0x00004008       0x24 D:\programy\Cypress\PSoC Creator\3.3\PSoC Creator\psoc\content\cycomponentlibrary\CyComponentLibrary.cylib\BLE_v2_30\Library\gccCyBLEStack_BLE_SOC_PERIPHERAL.a(CyBleStackMgr_PSoCHal.o)
                0x00004008                CyBleStackMgr_HalInit

i.CyBleStackMgr_HalIntrEnable
                0x0000402c        0x8
 i.CyBleStackMgr_HalIntrEnable
                0x0000402c        0x8 D:\programy\Cypress\PSoC Creator\3.3\PSoC Creator\psoc\content\cycomponentlibrary\CyComponentLibrary.cylib\BLE_v2_30\Library\gccCyBLEStack_BLE_SOC_PERIPHERAL.a(CyBleStackMgr_PSoCHal.o)
                0x0000402c                CyBleStackMgr_HalIntrEnable

i.CyBleStackMgr_HandleLinkLayerTick
                0x00004034       0x5c
 i.CyBleStackMgr_HandleLinkLayerTick
                0x00004034       0x5c D:\programy\Cypress\PSoC Creator\3.3\PSoC Creator\psoc\content\cycomponentlibrary\CyComponentLibrary.cylib\BLE_v2_30\Library\gccCyBLEStack_BLE_SOC_PERIPHERAL.a(CyBleStackMgr_PSoCHal.o)
                0x00004034                CyBleStackMgr_HandleLinkLayerTick

i.CyBleStackMgr_HciPortInit
                0x00004090        0xc
 i.CyBleStackMgr_HciPortInit
                0x00004090        0xc D:\programy\Cypress\PSoC Creator\3.3\PSoC Creator\psoc\content\cycomponentlibrary\CyComponentLibrary.cylib\BLE_v2_30\Library\gccCyBLEStack_BLE_SOC_PERIPHERAL.a(CyBleStackMgr_PSoCHal.o)
                0x00004090                CyBleStackMgr_HciPortInit

i.CyBleStackMgr_HciPortReset
                0x0000409c        0x2
 i.CyBleStackMgr_HciPortReset
                0x0000409c        0x2 D:\programy\Cypress\PSoC Creator\3.3\PSoC Creator\psoc\content\cycomponentlibrary\CyComponentLibrary.cylib\BLE_v2_30\Library\gccCyBLEStack_BLE_SOC_PERIPHERAL.a(CyBleStackMgr_PSoCHal.o)
                0x0000409c                CyBleStackMgr_HciPortReset

i.CyBleStackMgr_HciPortWrite
                0x0000409e        0x8
 i.CyBleStackMgr_HciPortWrite
                0x0000409e        0x8 D:\programy\Cypress\PSoC Creator\3.3\PSoC Creator\psoc\content\cycomponentlibrary\CyComponentLibrary.cylib\BLE_v2_30\Library\gccCyBLEStack_BLE_SOC_PERIPHERAL.a(CyBleStackMgr_PSoCHal.o)
                0x0000409e                CyBleStackMgr_HciPortWrite

i.CyBleStackMgr_ResetLinkLayerTimerEntity
                0x000040a8       0x14
 i.CyBleStackMgr_ResetLinkLayerTimerEntity
                0x000040a8       0x14 D:\programy\Cypress\PSoC Creator\3.3\PSoC Creator\psoc\content\cycomponentlibrary\CyComponentLibrary.cylib\BLE_v2_30\Library\gccCyBLEStack_BLE_SOC_PERIPHERAL.a(CyBleStackMgr_PSoCHal.o)
                0x000040a8                CyBleStackMgr_ResetLinkLayerTimerEntity

i.CyBleStackMgr_TimerStart
                0x000040bc       0x2c
 i.CyBleStackMgr_TimerStart
                0x000040bc       0x2c D:\programy\Cypress\PSoC Creator\3.3\PSoC Creator\psoc\content\cycomponentlibrary\CyComponentLibrary.cylib\BLE_v2_30\Library\gccCyBLEStack_BLE_SOC_PERIPHERAL.a(CyBleStackMgr_PSoCHal.o)
                0x000040bc                CyBleStackMgr_TimerStart

i.CyBleStackMgr_TimerStop
                0x000040e8       0x18
 i.CyBleStackMgr_TimerStop
                0x000040e8       0x18 D:\programy\Cypress\PSoC Creator\3.3\PSoC Creator\psoc\content\cycomponentlibrary\CyComponentLibrary.cylib\BLE_v2_30\Library\gccCyBLEStack_BLE_SOC_PERIPHERAL.a(CyBleStackMgr_PSoCHal.o)
                0x000040e8                CyBleStackMgr_TimerStop

i.CyBleStackMgr_isTimerRunning
                0x00004100       0x10
 i.CyBleStackMgr_isTimerRunning
                0x00004100       0x10 D:\programy\Cypress\PSoC Creator\3.3\PSoC Creator\psoc\content\cycomponentlibrary\CyComponentLibrary.cylib\BLE_v2_30\Library\gccCyBLEStack_BLE_SOC_PERIPHERAL.a(CyBleStackMgr_PSoCHal.o)
                0x00004100                CyBleStackMgr_isTimerRunning

i.CyBleAtlantisRadioInit
                0x00004110      0x110
 i.CyBleAtlantisRadioInit
                0x00004110      0x110 D:\programy\Cypress\PSoC Creator\3.3\PSoC Creator\psoc\content\cycomponentlibrary\CyComponentLibrary.cylib\BLE_v2_30\Library\gccCyBLEStack_BLE_SOC_PERIPHERAL.a(CyBleStackMgr_BleSSDriver.o)

i.CyBleStackMgr_BleSSFifoRead
                0x00004220       0x38
 i.CyBleStackMgr_BleSSFifoRead
                0x00004220       0x38 D:\programy\Cypress\PSoC Creator\3.3\PSoC Creator\psoc\content\cycomponentlibrary\CyComponentLibrary.cylib\BLE_v2_30\Library\gccCyBLEStack_BLE_SOC_PERIPHERAL.a(CyBleStackMgr_BleSSDriver.o)
                0x00004220                CyBleStackMgr_BleSSFifoRead

i.CyBleStackMgr_BleSSFifoWrite
                0x00004258       0x30
 i.CyBleStackMgr_BleSSFifoWrite
                0x00004258       0x30 D:\programy\Cypress\PSoC Creator\3.3\PSoC Creator\psoc\content\cycomponentlibrary\CyComponentLibrary.cylib\BLE_v2_30\Library\gccCyBLEStack_BLE_SOC_PERIPHERAL.a(CyBleStackMgr_BleSSDriver.o)
                0x00004258                CyBleStackMgr_BleSSFifoWrite

i.CyBleStackMgr_BleSSInit
                0x00004288       0x50
 i.CyBleStackMgr_BleSSInit
                0x00004288       0x50 D:\programy\Cypress\PSoC Creator\3.3\PSoC Creator\psoc\content\cycomponentlibrary\CyComponentLibrary.cylib\BLE_v2_30\Library\gccCyBLEStack_BLE_SOC_PERIPHERAL.a(CyBleStackMgr_BleSSDriver.o)
                0x00004288                CyBleStackMgr_BleSSInit

i.CyBleStackMgr_BleSSMemRead
                0x000042d8       0x26
 i.CyBleStackMgr_BleSSMemRead
                0x000042d8       0x26 D:\programy\Cypress\PSoC Creator\3.3\PSoC Creator\psoc\content\cycomponentlibrary\CyComponentLibrary.cylib\BLE_v2_30\Library\gccCyBLEStack_BLE_SOC_PERIPHERAL.a(CyBleStackMgr_BleSSDriver.o)
                0x000042d8                CyBleStackMgr_BleSSMemRead

i.CyBleStackMgr_BleSSMemWrite
                0x00004300       0x34
 i.CyBleStackMgr_BleSSMemWrite
                0x00004300       0x34 D:\programy\Cypress\PSoC Creator\3.3\PSoC Creator\psoc\content\cycomponentlibrary\CyComponentLibrary.cylib\BLE_v2_30\Library\gccCyBLEStack_BLE_SOC_PERIPHERAL.a(CyBleStackMgr_BleSSDriver.o)
                0x00004300                CyBleStackMgr_BleSSMemWrite

i.CyBleStackMgr_BleSSRegRead
                0x00004334        0xc
 i.CyBleStackMgr_BleSSRegRead
                0x00004334        0xc D:\programy\Cypress\PSoC Creator\3.3\PSoC Creator\psoc\content\cycomponentlibrary\CyComponentLibrary.cylib\BLE_v2_30\Library\gccCyBLEStack_BLE_SOC_PERIPHERAL.a(CyBleStackMgr_BleSSDriver.o)
                0x00004334                CyBleStackMgr_BleSSRegRead

i.CyBleStackMgr_BleSSRegWrite
                0x00004340        0xc
 i.CyBleStackMgr_BleSSRegWrite
                0x00004340        0xc D:\programy\Cypress\PSoC Creator\3.3\PSoC Creator\psoc\content\cycomponentlibrary\CyComponentLibrary.cylib\BLE_v2_30\Library\gccCyBLEStack_BLE_SOC_PERIPHERAL.a(CyBleStackMgr_BleSSDriver.o)
                0x00004340                CyBleStackMgr_BleSSRegWrite

i.CyBleStackMgr_BleSSReset
                0x0000434c       0x38
 i.CyBleStackMgr_BleSSReset
                0x0000434c       0x38 D:\programy\Cypress\PSoC Creator\3.3\PSoC Creator\psoc\content\cycomponentlibrary\CyComponentLibrary.cylib\BLE_v2_30\Library\gccCyBLEStack_BLE_SOC_PERIPHERAL.a(CyBleStackMgr_BleSSDriver.o)
                0x0000434c                CyBleStackMgr_BleSSReset

i.CyBleStackMgr_BleSSShutdown
                0x00004384       0x24
 i.CyBleStackMgr_BleSSShutdown
                0x00004384       0x24 D:\programy\Cypress\PSoC Creator\3.3\PSoC Creator\psoc\content\cycomponentlibrary\CyComponentLibrary.cylib\BLE_v2_30\Library\gccCyBLEStack_BLE_SOC_PERIPHERAL.a(CyBleStackMgr_BleSSDriver.o)
                0x00004384                CyBleStackMgr_BleSSShutdown

i.CyBleStackMgr_GenericIface
                0x000043a8       0x3c
 i.CyBleStackMgr_GenericIface
                0x000043a8       0x3c D:\programy\Cypress\PSoC Creator\3.3\PSoC Creator\psoc\content\cycomponentlibrary\CyComponentLibrary.cylib\BLE_v2_30\Library\gccCyBLEStack_BLE_SOC_PERIPHERAL.a(CyBleStackMgr_BleSSDriver.o)
                0x000043a8                CyBleStackMgr_GenericIface

i.CyBleStackMgr_HandleBleSSIntr
                0x000043e4       0x90
 i.CyBleStackMgr_HandleBleSSIntr
                0x000043e4       0x90 D:\programy\Cypress\PSoC Creator\3.3\PSoC Creator\psoc\content\cycomponentlibrary\CyComponentLibrary.cylib\BLE_v2_30\Library\gccCyBLEStack_BLE_SOC_PERIPHERAL.a(CyBleStackMgr_BleSSDriver.o)
                0x000043e4                CyBleStackMgr_HandleBleSSIntr

i.CyBleStackMgr_SetClockParam
                0x00004474       0xb4
 i.CyBleStackMgr_SetClockParam
                0x00004474       0xb4 D:\programy\Cypress\PSoC Creator\3.3\PSoC Creator\psoc\content\cycomponentlibrary\CyComponentLibrary.cylib\BLE_v2_30\Library\gccCyBLEStack_BLE_SOC_PERIPHERAL.a(CyBleStackMgr_BleSSDriver.o)

i.CyBleStackMgr_isXtalCpuClkSource
                0x00004528       0x18
 i.CyBleStackMgr_isXtalCpuClkSource
                0x00004528       0x18 D:\programy\Cypress\PSoC Creator\3.3\PSoC Creator\psoc\content\cycomponentlibrary\CyComponentLibrary.cylib\BLE_v2_30\Library\gccCyBLEStack_BLE_SOC_PERIPHERAL.a(CyBleStackMgr_BleSSDriver.o)
                0x00004528                CyBleStackMgr_isXtalCpuClkSource

i.CyBle_EnterDsmMode
                0x00004540       0x3c
 i.CyBle_EnterDsmMode
                0x00004540       0x3c D:\programy\Cypress\PSoC Creator\3.3\PSoC Creator\psoc\content\cycomponentlibrary\CyComponentLibrary.cylib\BLE_v2_30\Library\gccCyBLEStack_BLE_SOC_PERIPHERAL.a(CyBleStackMgr_BleSSDriver.o)
                0x00004540                CyBle_EnterDsmMode

i.CyBle_ExitDsmMode
                0x0000457c       0x2c
 i.CyBle_ExitDsmMode
                0x0000457c       0x2c D:\programy\Cypress\PSoC Creator\3.3\PSoC Creator\psoc\content\cycomponentlibrary\CyComponentLibrary.cylib\BLE_v2_30\Library\gccCyBLEStack_BLE_SOC_PERIPHERAL.a(CyBleStackMgr_BleSSDriver.o)
                0x0000457c                CyBle_ExitDsmMode

i.CyBle_GetBleSsOperationalMode
                0x000045a8        0xc
 i.CyBle_GetBleSsOperationalMode
                0x000045a8        0xc D:\programy\Cypress\PSoC Creator\3.3\PSoC Creator\psoc\content\cycomponentlibrary\CyComponentLibrary.cylib\BLE_v2_30\Library\gccCyBLEStack_BLE_SOC_PERIPHERAL.a(CyBleStackMgr_BleSSDriver.o)
                0x000045a8                CyBle_GetBleSsOperationalMode

i.CyBle_GetEventCloseState
                0x000045b4       0x10
 i.CyBle_GetEventCloseState
                0x000045b4       0x10 D:\programy\Cypress\PSoC Creator\3.3\PSoC Creator\psoc\content\cycomponentlibrary\CyComponentLibrary.cylib\BLE_v2_30\Library\gccCyBLEStack_BLE_SOC_PERIPHERAL.a(CyBleStackMgr_BleSSDriver.o)
                0x000045b4                CyBle_GetEventCloseState

i.CyBle_GetLpMode
                0x000045c4       0x26
 i.CyBle_GetLpMode
                0x000045c4       0x26 D:\programy\Cypress\PSoC Creator\3.3\PSoC Creator\psoc\content\cycomponentlibrary\CyComponentLibrary.cylib\BLE_v2_30\Library\gccCyBLEStack_BLE_SOC_PERIPHERAL.a(CyBleStackMgr_BleSSDriver.o)
                0x000045c4                CyBle_GetLpMode

i.CyBle_GetTxGainMode
                0x000045ec       0x2c
 i.CyBle_GetTxGainMode
                0x000045ec       0x2c D:\programy\Cypress\PSoC Creator\3.3\PSoC Creator\psoc\content\cycomponentlibrary\CyComponentLibrary.cylib\BLE_v2_30\Library\gccCyBLEStack_BLE_SOC_PERIPHERAL.a(CyBleStackMgr_BleSSDriver.o)
                0x000045ec                CyBle_GetTxGainMode

i.CyBle_SetAutoWakeUp
                0x00004618        0xc
 i.CyBle_SetAutoWakeUp
                0x00004618        0xc D:\programy\Cypress\PSoC Creator\3.3\PSoC Creator\psoc\content\cycomponentlibrary\CyComponentLibrary.cylib\BLE_v2_30\Library\gccCyBLEStack_BLE_SOC_PERIPHERAL.a(CyBleStackMgr_BleSSDriver.o)
                0x00004618                CyBle_SetAutoWakeUp

i.CyBle_SetBleSsOperationalMode
                0x00004624       0x20
 i.CyBle_SetBleSsOperationalMode
                0x00004624       0x20 D:\programy\Cypress\PSoC Creator\3.3\PSoC Creator\psoc\content\cycomponentlibrary\CyComponentLibrary.cylib\BLE_v2_30\Library\gccCyBLEStack_BLE_SOC_PERIPHERAL.a(CyBleStackMgr_BleSSDriver.o)
                0x00004624                CyBle_SetBleSsOperationalMode

i.CyBle_SetEventCloseState
                0x00004644        0xc
 i.CyBle_SetEventCloseState
                0x00004644        0xc D:\programy\Cypress\PSoC Creator\3.3\PSoC Creator\psoc\content\cycomponentlibrary\CyComponentLibrary.cylib\BLE_v2_30\Library\gccCyBLEStack_BLE_SOC_PERIPHERAL.a(CyBleStackMgr_BleSSDriver.o)
                0x00004644                CyBle_SetEventCloseState

i.CyBle_SetRxGainMode
                0x00004650       0x20
 i.CyBle_SetRxGainMode
                0x00004650       0x20 D:\programy\Cypress\PSoC Creator\3.3\PSoC Creator\psoc\content\cycomponentlibrary\CyComponentLibrary.cylib\BLE_v2_30\Library\gccCyBLEStack_BLE_SOC_PERIPHERAL.a(CyBleStackMgr_BleSSDriver.o)
                0x00004650                CyBle_SetRxGainMode

i.CyBle_SetTxGainMode
                0x00004670       0x38
 i.CyBle_SetTxGainMode
                0x00004670       0x38 D:\programy\Cypress\PSoC Creator\3.3\PSoC Creator\psoc\content\cycomponentlibrary\CyComponentLibrary.cylib\BLE_v2_30\Library\gccCyBLEStack_BLE_SOC_PERIPHERAL.a(CyBleStackMgr_BleSSDriver.o)
                0x00004670                CyBle_SetTxGainMode

i.pf_rf_get_abs_rssi
                0x000046a8       0x24
 i.pf_rf_get_abs_rssi
                0x000046a8       0x24 D:\programy\Cypress\PSoC Creator\3.3\PSoC Creator\psoc\content\cycomponentlibrary\CyComponentLibrary.cylib\BLE_v2_30\Library\gccCyBLEStack_BLE_SOC_PERIPHERAL.a(CyBleStackMgr_BleSSDriver.o)
                0x000046a8                pf_rf_get_abs_rssi

i.BleStackFlashStorageInit
                0x000046cc       0x74
 i.BleStackFlashStorageInit
                0x000046cc       0x74 D:\programy\Cypress\PSoC Creator\3.3\PSoC Creator\psoc\content\cycomponentlibrary\CyComponentLibrary.cylib\BLE_v2_30\Library\gccCyBLEStack_BLE_SOC_PERIPHERAL.a(storage_pl.o)
                0x000046cc                BleStackFlashStorageInit

i.BleStackWriteToFlashPending
                0x00004740       0x24
 i.BleStackWriteToFlashPending
                0x00004740       0x24 D:\programy\Cypress\PSoC Creator\3.3\PSoC Creator\psoc\content\cycomponentlibrary\CyComponentLibrary.cylib\BLE_v2_30\Library\gccCyBLEStack_BLE_SOC_PERIPHERAL.a(storage_pl.o)
                0x00004740                BleStackWriteToFlashPending

i.BleStackWriteToFlashRam
                0x00004764       0x70
 i.BleStackWriteToFlashRam
                0x00004764       0x70 D:\programy\Cypress\PSoC Creator\3.3\PSoC Creator\psoc\content\cycomponentlibrary\CyComponentLibrary.cylib\BLE_v2_30\Library\gccCyBLEStack_BLE_SOC_PERIPHERAL.a(storage_pl.o)
                0x00004764                BleStackWriteToFlashRam

i.storage_bt_init_pl
                0x000047d4       0x28
 i.storage_bt_init_pl
                0x000047d4       0x28 D:\programy\Cypress\PSoC Creator\3.3\PSoC Creator\psoc\content\cycomponentlibrary\CyComponentLibrary.cylib\BLE_v2_30\Library\gccCyBLEStack_BLE_SOC_PERIPHERAL.a(storage_pl.o)
                0x000047d4                storage_bt_init_pl

i.storage_close_pl
                0x000047fc        0x4
 i.storage_close_pl
                0x000047fc        0x4 D:\programy\Cypress\PSoC Creator\3.3\PSoC Creator\psoc\content\cycomponentlibrary\CyComponentLibrary.cylib\BLE_v2_30\Library\gccCyBLEStack_BLE_SOC_PERIPHERAL.a(storage_pl.o)
                0x000047fc                storage_close_pl

i.storage_open_pl
                0x00004800       0x1c
 i.storage_open_pl
                0x00004800       0x1c D:\programy\Cypress\PSoC Creator\3.3\PSoC Creator\psoc\content\cycomponentlibrary\CyComponentLibrary.cylib\BLE_v2_30\Library\gccCyBLEStack_BLE_SOC_PERIPHERAL.a(storage_pl.o)
                0x00004800                storage_open_pl

i.storage_read_pl
                0x0000481c       0x28
 i.storage_read_pl
                0x0000481c       0x28 D:\programy\Cypress\PSoC Creator\3.3\PSoC Creator\psoc\content\cycomponentlibrary\CyComponentLibrary.cylib\BLE_v2_30\Library\gccCyBLEStack_BLE_SOC_PERIPHERAL.a(storage_pl.o)
                0x0000481c                storage_read_pl

i.storage_read_signature_pl
                0x00004844       0x2c
 i.storage_read_signature_pl
                0x00004844       0x2c D:\programy\Cypress\PSoC Creator\3.3\PSoC Creator\psoc\content\cycomponentlibrary\CyComponentLibrary.cylib\BLE_v2_30\Library\gccCyBLEStack_BLE_SOC_PERIPHERAL.a(storage_pl.o)
                0x00004844                storage_read_signature_pl

i.storage_register_flash_pointer
                0x00004870       0x20
 i.storage_register_flash_pointer
                0x00004870       0x20 D:\programy\Cypress\PSoC Creator\3.3\PSoC Creator\psoc\content\cycomponentlibrary\CyComponentLibrary.cylib\BLE_v2_30\Library\gccCyBLEStack_BLE_SOC_PERIPHERAL.a(storage_pl.o)
                0x00004870                storage_register_flash_pointer

i.storage_reset_storage_offset
                0x00004890       0x10
 i.storage_reset_storage_offset
                0x00004890       0x10 D:\programy\Cypress\PSoC Creator\3.3\PSoC Creator\psoc\content\cycomponentlibrary\CyComponentLibrary.cylib\BLE_v2_30\Library\gccCyBLEStack_BLE_SOC_PERIPHERAL.a(storage_pl.o)

i.storage_write_pl
                0x000048a0       0x24
 i.storage_write_pl
                0x000048a0       0x24 D:\programy\Cypress\PSoC Creator\3.3\PSoC Creator\psoc\content\cycomponentlibrary\CyComponentLibrary.cylib\BLE_v2_30\Library\gccCyBLEStack_BLE_SOC_PERIPHERAL.a(storage_pl.o)
                0x000048a0                storage_write_pl

i.storage_write_signature_pl
                0x000048c4       0x14
 i.storage_write_signature_pl
                0x000048c4       0x14 D:\programy\Cypress\PSoC Creator\3.3\PSoC Creator\psoc\content\cycomponentlibrary\CyComponentLibrary.cylib\BLE_v2_30\Library\gccCyBLEStack_BLE_SOC_PERIPHERAL.a(storage_pl.o)
                0x000048c4                storage_write_signature_pl

i.OS_init       0x000048d8       0x64
 i.OS_init      0x000048d8       0x64 D:\programy\Cypress\PSoC Creator\3.3\PSoC Creator\psoc\content\cycomponentlibrary\CyComponentLibrary.cylib\BLE_v2_30\Library\gccCyBLEStack_BLE_SOC_PERIPHERAL.a(mint_os.o)
                0x000048d8                OS_init

i.mintos_malloc
                0x0000493c       0x34
 i.mintos_malloc
                0x0000493c       0x34 D:\programy\Cypress\PSoC Creator\3.3\PSoC Creator\psoc\content\cycomponentlibrary\CyComponentLibrary.cylib\BLE_v2_30\Library\gccCyBLEStack_BLE_SOC_PERIPHERAL.a(mint_os.o)
                0x0000493c                mintos_malloc

i.OS_create_queue
                0x00004970       0x64
 i.OS_create_queue
                0x00004970       0x64 D:\programy\Cypress\PSoC Creator\3.3\PSoC Creator\psoc\content\cycomponentlibrary\CyComponentLibrary.cylib\BLE_v2_30\Library\gccCyBLEStack_BLE_SOC_PERIPHERAL.a(mint_os_queue.o)
                0x00004970                OS_create_queue

i.OS_enqueue_item
                0x000049d4       0x8c
 i.OS_enqueue_item
                0x000049d4       0x8c D:\programy\Cypress\PSoC Creator\3.3\PSoC Creator\psoc\content\cycomponentlibrary\CyComponentLibrary.cylib\BLE_v2_30\Library\gccCyBLEStack_BLE_SOC_PERIPHERAL.a(mint_os_queue.o)
                0x000049d4                OS_enqueue_item

i.OS_queue_get_num_of_items
                0x00004a60       0x28
 i.OS_queue_get_num_of_items
                0x00004a60       0x28 D:\programy\Cypress\PSoC Creator\3.3\PSoC Creator\psoc\content\cycomponentlibrary\CyComponentLibrary.cylib\BLE_v2_30\Library\gccCyBLEStack_BLE_SOC_PERIPHERAL.a(mint_os_queue.o)
                0x00004a60                OS_queue_get_num_of_items

i.OS_queue_mgmt_init
                0x00004a88       0x40
 i.OS_queue_mgmt_init
                0x00004a88       0x40 D:\programy\Cypress\PSoC Creator\3.3\PSoC Creator\psoc\content\cycomponentlibrary\CyComponentLibrary.cylib\BLE_v2_30\Library\gccCyBLEStack_BLE_SOC_PERIPHERAL.a(mint_os_queue.o)
                0x00004a88                OS_queue_mgmt_init

i.OS_remove_item
                0x00004ac8       0xa0
 i.OS_remove_item
                0x00004ac8       0xa0 D:\programy\Cypress\PSoC Creator\3.3\PSoC Creator\psoc\content\cycomponentlibrary\CyComponentLibrary.cylib\BLE_v2_30\Library\gccCyBLEStack_BLE_SOC_PERIPHERAL.a(mint_os_queue.o)
                0x00004ac8                OS_remove_item

i.OS_create_task
                0x00004b68       0x88
 i.OS_create_task
                0x00004b68       0x88 D:\programy\Cypress\PSoC Creator\3.3\PSoC Creator\psoc\content\cycomponentlibrary\CyComponentLibrary.cylib\BLE_v2_30\Library\gccCyBLEStack_BLE_SOC_PERIPHERAL.a(mint_os_task.o)
                0x00004b68                OS_create_task

i.OS_isr_send_signal_to_task
                0x00004bf0        0xc
 i.OS_isr_send_signal_to_task
                0x00004bf0        0xc D:\programy\Cypress\PSoC Creator\3.3\PSoC Creator\psoc\content\cycomponentlibrary\CyComponentLibrary.cylib\BLE_v2_30\Library\gccCyBLEStack_BLE_SOC_PERIPHERAL.a(mint_os_task.o)
                0x00004bf0                OS_isr_send_signal_to_task

i.OS_scheduler  0x00004bfc       0x64
 i.OS_scheduler
                0x00004bfc       0x64 D:\programy\Cypress\PSoC Creator\3.3\PSoC Creator\psoc\content\cycomponentlibrary\CyComponentLibrary.cylib\BLE_v2_30\Library\gccCyBLEStack_BLE_SOC_PERIPHERAL.a(mint_os_task.o)
                0x00004bfc                OS_scheduler

i.OS_send_signal_to_task
                0x00004c60        0xc
 i.OS_send_signal_to_task
                0x00004c60        0xc D:\programy\Cypress\PSoC Creator\3.3\PSoC Creator\psoc\content\cycomponentlibrary\CyComponentLibrary.cylib\BLE_v2_30\Library\gccCyBLEStack_BLE_SOC_PERIPHERAL.a(mint_os_task.o)
                0x00004c60                OS_send_signal_to_task

i.OS_send_signal_to_task_context
                0x00004c6c       0x3c
 i.OS_send_signal_to_task_context
                0x00004c6c       0x3c D:\programy\Cypress\PSoC Creator\3.3\PSoC Creator\psoc\content\cycomponentlibrary\CyComponentLibrary.cylib\BLE_v2_30\Library\gccCyBLEStack_BLE_SOC_PERIPHERAL.a(mint_os_task.o)

i.OS_task_mgmt_init
                0x00004ca8       0x50
 i.OS_task_mgmt_init
                0x00004ca8       0x50 D:\programy\Cypress\PSoC Creator\3.3\PSoC Creator\psoc\content\cycomponentlibrary\CyComponentLibrary.cylib\BLE_v2_30\Library\gccCyBLEStack_BLE_SOC_PERIPHERAL.a(mint_os_task.o)
                0x00004ca8                OS_task_mgmt_init

i.mint_buf_mgmt_allocate_buffer
                0x00004cf8       0x4c
 i.mint_buf_mgmt_allocate_buffer
                0x00004cf8       0x4c D:\programy\Cypress\PSoC Creator\3.3\PSoC Creator\psoc\content\cycomponentlibrary\CyComponentLibrary.cylib\BLE_v2_30\Library\gccCyBLEStack_BLE_SOC_PERIPHERAL.a(mint_buf_mgmt.o)
                0x00004cf8                mint_buf_mgmt_allocate_buffer

i.mint_buf_mgmt_create_pool
                0x00004d44       0xd0
 i.mint_buf_mgmt_create_pool
                0x00004d44       0xd0 D:\programy\Cypress\PSoC Creator\3.3\PSoC Creator\psoc\content\cycomponentlibrary\CyComponentLibrary.cylib\BLE_v2_30\Library\gccCyBLEStack_BLE_SOC_PERIPHERAL.a(mint_buf_mgmt.o)
                0x00004d44                mint_buf_mgmt_create_pool

i.mint_buf_mgmt_free_buffer
                0x00004e14       0xa4
 i.mint_buf_mgmt_free_buffer
                0x00004e14       0xa4 D:\programy\Cypress\PSoC Creator\3.3\PSoC Creator\psoc\content\cycomponentlibrary\CyComponentLibrary.cylib\BLE_v2_30\Library\gccCyBLEStack_BLE_SOC_PERIPHERAL.a(mint_buf_mgmt.o)
                0x00004e14                mint_buf_mgmt_free_buffer

i.mint_buf_mgmt_init
                0x00004eb8       0x44
 i.mint_buf_mgmt_init
                0x00004eb8       0x44 D:\programy\Cypress\PSoC Creator\3.3\PSoC Creator\psoc\content\cycomponentlibrary\CyComponentLibrary.cylib\BLE_v2_30\Library\gccCyBLEStack_BLE_SOC_PERIPHERAL.a(mint_buf_mgmt.o)
                0x00004eb8                mint_buf_mgmt_init

i.mint_buf_mgmt_malloc
                0x00004efc       0x2c
 i.mint_buf_mgmt_malloc
                0x00004efc       0x2c D:\programy\Cypress\PSoC Creator\3.3\PSoC Creator\psoc\content\cycomponentlibrary\CyComponentLibrary.cylib\BLE_v2_30\Library\gccCyBLEStack_BLE_SOC_PERIPHERAL.a(mint_buf_mgmt.o)
                0x00004efc                mint_buf_mgmt_malloc

i.mint_buf_mgmt_pl_init
                0x00004f28       0x48
 i.mint_buf_mgmt_pl_init
                0x00004f28       0x48 D:\programy\Cypress\PSoC Creator\3.3\PSoC Creator\psoc\content\cycomponentlibrary\CyComponentLibrary.cylib\BLE_v2_30\Library\gccCyBLEStack_BLE_SOC_PERIPHERAL.a(mint_buf_mgmt.o)
                0x00004f28                mint_buf_mgmt_pl_init

i.mint_buf_mgmt_reset_pool
                0x00004f70       0x70
 i.mint_buf_mgmt_reset_pool
                0x00004f70       0x70 D:\programy\Cypress\PSoC Creator\3.3\PSoC Creator\psoc\content\cycomponentlibrary\CyComponentLibrary.cylib\BLE_v2_30\Library\gccCyBLEStack_BLE_SOC_PERIPHERAL.a(mint_buf_mgmt.o)
                0x00004f70                mint_buf_mgmt_reset_pool

i.mint_buf_mgmt_stack_init
                0x00004fe0       0x24
 i.mint_buf_mgmt_stack_init
                0x00004fe0       0x24 D:\programy\Cypress\PSoC Creator\3.3\PSoC Creator\psoc\content\cycomponentlibrary\CyComponentLibrary.cylib\BLE_v2_30\Library\gccCyBLEStack_BLE_SOC_PERIPHERAL.a(mint_buf_mgmt.o)
                0x00004fe0                mint_buf_mgmt_stack_init

i.mint_buf_mgmt_stack_pop
                0x00005004       0x36
 i.mint_buf_mgmt_stack_pop
                0x00005004       0x36 D:\programy\Cypress\PSoC Creator\3.3\PSoC Creator\psoc\content\cycomponentlibrary\CyComponentLibrary.cylib\BLE_v2_30\Library\gccCyBLEStack_BLE_SOC_PERIPHERAL.a(mint_buf_mgmt.o)
                0x00005004                mint_buf_mgmt_stack_pop

i.mint_buf_mgmt_stack_push
                0x0000503a       0x36
 i.mint_buf_mgmt_stack_push
                0x0000503a       0x36 D:\programy\Cypress\PSoC Creator\3.3\PSoC Creator\psoc\content\cycomponentlibrary\CyComponentLibrary.cylib\BLE_v2_30\Library\gccCyBLEStack_BLE_SOC_PERIPHERAL.a(mint_buf_mgmt.o)
                0x0000503a                mint_buf_mgmt_stack_push

i.mint_buf_mgmt_stack_reset
                0x00005070       0x1e
 i.mint_buf_mgmt_stack_reset
                0x00005070       0x1e D:\programy\Cypress\PSoC Creator\3.3\PSoC Creator\psoc\content\cycomponentlibrary\CyComponentLibrary.cylib\BLE_v2_30\Library\gccCyBLEStack_BLE_SOC_PERIPHERAL.a(mint_buf_mgmt.o)
                0x00005070                mint_buf_mgmt_stack_reset

i.mint_buf_mgmt_stack_search_item
                0x0000508e       0x30
 i.mint_buf_mgmt_stack_search_item
                0x0000508e       0x30 D:\programy\Cypress\PSoC Creator\3.3\PSoC Creator\psoc\content\cycomponentlibrary\CyComponentLibrary.cylib\BLE_v2_30\Library\gccCyBLEStack_BLE_SOC_PERIPHERAL.a(mint_buf_mgmt.o)
                0x0000508e                mint_buf_mgmt_stack_search_item

i.CyBleControllerIP_GetPingState
                0x000050c0        0xc
 i.CyBleControllerIP_GetPingState
                0x000050c0        0xc D:\programy\Cypress\PSoC Creator\3.3\PSoC Creator\psoc\content\cycomponentlibrary\CyComponentLibrary.cylib\BLE_v2_30\Library\gccCyBLEStack_BLE_SOC_PERIPHERAL.a(CyBleControllerIP_Interface.o)
                0x000050c0                CyBleControllerIP_GetPingState

i.CyBleController_AddDeviceToWhiteList
                0x000050cc       0x40
 i.CyBleController_AddDeviceToWhiteList
                0x000050cc       0x40 D:\programy\Cypress\PSoC Creator\3.3\PSoC Creator\psoc\content\cycomponentlibrary\CyComponentLibrary.cylib\BLE_v2_30\Library\gccCyBLEStack_BLE_SOC_PERIPHERAL.a(CyBleControllerIP_Interface.o)
                0x000050cc                CyBleController_AddDeviceToWhiteList

i.CyBleController_EnterLowPowerMode
                0x0000510c       0x2c
 i.CyBleController_EnterLowPowerMode
                0x0000510c       0x2c D:\programy\Cypress\PSoC Creator\3.3\PSoC Creator\psoc\content\cycomponentlibrary\CyComponentLibrary.cylib\BLE_v2_30\Library\gccCyBLEStack_BLE_SOC_PERIPHERAL.a(CyBleControllerIP_Interface.o)
                0x0000510c                CyBleController_EnterLowPowerMode

i.CyBleController_ExitLowPowerMode
                0x00005138       0x10
 i.CyBleController_ExitLowPowerMode
                0x00005138       0x10 D:\programy\Cypress\PSoC Creator\3.3\PSoC Creator\psoc\content\cycomponentlibrary\CyComponentLibrary.cylib\BLE_v2_30\Library\gccCyBLEStack_BLE_SOC_PERIPHERAL.a(CyBleControllerIP_Interface.o)
                0x00005138                CyBleController_ExitLowPowerMode

i.CyBleController_GetDeviceAddress
                0x00005148       0x22
 i.CyBleController_GetDeviceAddress
                0x00005148       0x22 D:\programy\Cypress\PSoC Creator\3.3\PSoC Creator\psoc\content\cycomponentlibrary\CyComponentLibrary.cylib\BLE_v2_30\Library\gccCyBLEStack_BLE_SOC_PERIPHERAL.a(CyBleControllerIP_Interface.o)
                0x00005148                CyBleController_GetDeviceAddress

i.CyBleController_Init
                0x0000516a       0x32
 i.CyBleController_Init
                0x0000516a       0x32 D:\programy\Cypress\PSoC Creator\3.3\PSoC Creator\psoc\content\cycomponentlibrary\CyComponentLibrary.cylib\BLE_v2_30\Library\gccCyBLEStack_BLE_SOC_PERIPHERAL.a(CyBleControllerIP_Interface.o)
                0x0000516a                CyBleController_Init

i.CyBleController_SetDeviceAddress
                0x0000519c       0x2e
 i.CyBleController_SetDeviceAddress
                0x0000519c       0x2e D:\programy\Cypress\PSoC Creator\3.3\PSoC Creator\psoc\content\cycomponentlibrary\CyComponentLibrary.cylib\BLE_v2_30\Library\gccCyBLEStack_BLE_SOC_PERIPHERAL.a(CyBleControllerIP_Interface.o)
                0x0000519c                CyBleController_SetDeviceAddress

i.CyBle_GetBleSsState
                0x000051ca       0x10
 i.CyBle_GetBleSsState
                0x000051ca       0x10 D:\programy\Cypress\PSoC Creator\3.3\PSoC Creator\psoc\content\cycomponentlibrary\CyComponentLibrary.cylib\BLE_v2_30\Library\gccCyBLEStack_BLE_SOC_PERIPHERAL.a(CyBleControllerIP_Interface.o)
                0x000051ca                CyBle_GetBleSsState

i.CyBle_GetTxPowerLevel
                0x000051da       0x4e
 i.CyBle_GetTxPowerLevel
                0x000051da       0x4e D:\programy\Cypress\PSoC Creator\3.3\PSoC Creator\psoc\content\cycomponentlibrary\CyComponentLibrary.cylib\BLE_v2_30\Library\gccCyBLEStack_BLE_SOC_PERIPHERAL.a(CyBleControllerIP_Interface.o)
                0x000051da                CyBle_GetTxPowerLevel

i.CyBle_SetTxPowerLevel
                0x00005228       0x56
 i.CyBle_SetTxPowerLevel
                0x00005228       0x56 D:\programy\Cypress\PSoC Creator\3.3\PSoC Creator\psoc\content\cycomponentlibrary\CyComponentLibrary.cylib\BLE_v2_30\Library\gccCyBLEStack_BLE_SOC_PERIPHERAL.a(CyBleControllerIP_Interface.o)
                0x00005228                CyBle_SetTxPowerLevel

i.ll_check_and_mark_packet_ready_for_transmission
                0x00005280       0x28
 i.ll_check_and_mark_packet_ready_for_transmission
                0x00005280       0x28 D:\programy\Cypress\PSoC Creator\3.3\PSoC Creator\psoc\content\cycomponentlibrary\CyComponentLibrary.cylib\BLE_v2_30\Library\gccCyBLEStack_BLE_SOC_PERIPHERAL.a(ll.o)
                0x00005280                ll_check_and_mark_packet_ready_for_transmission

i.ll_cleanup_pending_data_pdu
                0x000052a8       0x38
 i.ll_cleanup_pending_data_pdu
                0x000052a8       0x38 D:\programy\Cypress\PSoC Creator\3.3\PSoC Creator\psoc\content\cycomponentlibrary\CyComponentLibrary.cylib\BLE_v2_30\Library\gccCyBLEStack_BLE_SOC_PERIPHERAL.a(ll.o)
                0x000052a8                ll_cleanup_pending_data_pdu

i.ll_enter_dsm_mode
                0x000052e0      0x1a4
 i.ll_enter_dsm_mode
                0x000052e0      0x1a4 D:\programy\Cypress\PSoC Creator\3.3\PSoC Creator\psoc\content\cycomponentlibrary\CyComponentLibrary.cylib\BLE_v2_30\Library\gccCyBLEStack_BLE_SOC_PERIPHERAL.a(ll.o)
                0x000052e0                ll_enter_dsm_mode

i.ll_enter_hibernate_mode
                0x00005484       0x28
 i.ll_enter_hibernate_mode
                0x00005484       0x28 D:\programy\Cypress\PSoC Creator\3.3\PSoC Creator\psoc\content\cycomponentlibrary\CyComponentLibrary.cylib\BLE_v2_30\Library\gccCyBLEStack_BLE_SOC_PERIPHERAL.a(ll.o)
                0x00005484                ll_enter_hibernate_mode

i.ll_enter_sm_mode
                0x000054ac       0x60
 i.ll_enter_sm_mode
                0x000054ac       0x60 D:\programy\Cypress\PSoC Creator\3.3\PSoC Creator\psoc\content\cycomponentlibrary\CyComponentLibrary.cylib\BLE_v2_30\Library\gccCyBLEStack_BLE_SOC_PERIPHERAL.a(ll.o)
                0x000054ac                ll_enter_sm_mode

i.ll_exit_low_power_mode
                0x0000550c       0xac
 i.ll_exit_low_power_mode
                0x0000550c       0xac D:\programy\Cypress\PSoC Creator\3.3\PSoC Creator\psoc\content\cycomponentlibrary\CyComponentLibrary.cylib\BLE_v2_30\Library\gccCyBLEStack_BLE_SOC_PERIPHERAL.a(ll.o)
                0x0000550c                ll_exit_low_power_mode

i.ll_get_ack_status
                0x000055b8       0x3c
 i.ll_get_ack_status
                0x000055b8       0x3c D:\programy\Cypress\PSoC Creator\3.3\PSoC Creator\psoc\content\cycomponentlibrary\CyComponentLibrary.cylib\BLE_v2_30\Library\gccCyBLEStack_BLE_SOC_PERIPHERAL.a(ll.o)
                0x000055b8                ll_get_ack_status

i.ll_get_ack_status_for_all_connections
                0x000055f4       0x34
 i.ll_get_ack_status_for_all_connections
                0x000055f4       0x34 D:\programy\Cypress\PSoC Creator\3.3\PSoC Creator\psoc\content\cycomponentlibrary\CyComponentLibrary.cylib\BLE_v2_30\Library\gccCyBLEStack_BLE_SOC_PERIPHERAL.a(ll.o)
                0x000055f4                ll_get_ack_status_for_all_connections

i.ll_get_adv_ch_tx_power
                0x00005628       0x20
 i.ll_get_adv_ch_tx_power
                0x00005628       0x20 D:\programy\Cypress\PSoC Creator\3.3\PSoC Creator\psoc\content\cycomponentlibrary\CyComponentLibrary.cylib\BLE_v2_30\Library\gccCyBLEStack_BLE_SOC_PERIPHERAL.a(ll.o)
                0x00005628                ll_get_adv_ch_tx_power

i.ll_get_data_channel_map
                0x00005648       0x24
 i.ll_get_data_channel_map
                0x00005648       0x24 D:\programy\Cypress\PSoC Creator\3.3\PSoC Creator\psoc\content\cycomponentlibrary\CyComponentLibrary.cylib\BLE_v2_30\Library\gccCyBLEStack_BLE_SOC_PERIPHERAL.a(ll.o)
                0x00005648                ll_get_data_channel_map

i.ll_get_max_white_list_size
                0x0000566c        0xc
 i.ll_get_max_white_list_size
                0x0000566c        0xc D:\programy\Cypress\PSoC Creator\3.3\PSoC Creator\psoc\content\cycomponentlibrary\CyComponentLibrary.cylib\BLE_v2_30\Library\gccCyBLEStack_BLE_SOC_PERIPHERAL.a(ll.o)
                0x0000566c                ll_get_max_white_list_size

i.ll_get_my_role
                0x00005678        0xc
 i.ll_get_my_role
                0x00005678        0xc D:\programy\Cypress\PSoC Creator\3.3\PSoC Creator\psoc\content\cycomponentlibrary\CyComponentLibrary.cylib\BLE_v2_30\Library\gccCyBLEStack_BLE_SOC_PERIPHERAL.a(ll.o)
                0x00005678                ll_get_my_role

i.ll_get_next_available_fifo_for_data_pdu
                0x00005684        0x8
 i.ll_get_next_available_fifo_for_data_pdu
                0x00005684        0x8 D:\programy\Cypress\PSoC Creator\3.3\PSoC Creator\psoc\content\cycomponentlibrary\CyComponentLibrary.cylib\BLE_v2_30\Library\gccCyBLEStack_BLE_SOC_PERIPHERAL.a(ll.o)
                0x00005684                ll_get_next_available_fifo_for_data_pdu

i.ll_get_next_available_fifo_for_ll_pdu
                0x0000568c       0x24
 i.ll_get_next_available_fifo_for_ll_pdu
                0x0000568c       0x24 D:\programy\Cypress\PSoC Creator\3.3\PSoC Creator\psoc\content\cycomponentlibrary\CyComponentLibrary.cylib\BLE_v2_30\Library\gccCyBLEStack_BLE_SOC_PERIPHERAL.a(ll.o)
                0x0000568c                ll_get_next_available_fifo_for_ll_pdu

i.ll_get_rssi_value
                0x000056b0       0x26
 i.ll_get_rssi_value
                0x000056b0       0x26 D:\programy\Cypress\PSoC Creator\3.3\PSoC Creator\psoc\content\cycomponentlibrary\CyComponentLibrary.cylib\BLE_v2_30\Library\gccCyBLEStack_BLE_SOC_PERIPHERAL.a(ll.o)
                0x000056b0                ll_get_rssi_value

i.ll_get_transmit_power_level
                0x000056d8       0x2c
 i.ll_get_transmit_power_level
                0x000056d8       0x2c D:\programy\Cypress\PSoC Creator\3.3\PSoC Creator\psoc\content\cycomponentlibrary\CyComponentLibrary.cylib\BLE_v2_30\Library\gccCyBLEStack_BLE_SOC_PERIPHERAL.a(ll.o)
                0x000056d8                ll_get_transmit_power_level

i.ll_handle_ack_received
                0x00005704       0x74
 i.ll_handle_ack_received
                0x00005704       0x74 D:\programy\Cypress\PSoC Creator\3.3\PSoC Creator\psoc\content\cycomponentlibrary\CyComponentLibrary.cylib\BLE_v2_30\Library\gccCyBLEStack_BLE_SOC_PERIPHERAL.a(ll.o)
                0x00005704                ll_handle_ack_received

i.ll_handle_add_device_in_whitelist
                0x00005778       0x3a
 i.ll_handle_add_device_in_whitelist
                0x00005778       0x3a D:\programy\Cypress\PSoC Creator\3.3\PSoC Creator\psoc\content\cycomponentlibrary\CyComponentLibrary.cylib\BLE_v2_30\Library\gccCyBLEStack_BLE_SOC_PERIPHERAL.a(ll.o)
                0x00005778                ll_handle_add_device_in_whitelist

i.ll_handle_clear_whitelist
                0x000057b2       0x16
 i.ll_handle_clear_whitelist
                0x000057b2       0x16 D:\programy\Cypress\PSoC Creator\3.3\PSoC Creator\psoc\content\cycomponentlibrary\CyComponentLibrary.cylib\BLE_v2_30\Library\gccCyBLEStack_BLE_SOC_PERIPHERAL.a(ll.o)
                0x000057b2                ll_handle_clear_whitelist

i.ll_handle_encrypt_host_data
                0x000057c8       0x36
 i.ll_handle_encrypt_host_data
                0x000057c8       0x36 D:\programy\Cypress\PSoC Creator\3.3\PSoC Creator\psoc\content\cycomponentlibrary\CyComponentLibrary.cylib\BLE_v2_30\Library\gccCyBLEStack_BLE_SOC_PERIPHERAL.a(ll.o)
                0x000057c8                ll_handle_encrypt_host_data

i.ll_handle_host_data_packet
                0x000057fe       0x54
 i.ll_handle_host_data_packet
                0x000057fe       0x54 D:\programy\Cypress\PSoC Creator\3.3\PSoC Creator\psoc\content\cycomponentlibrary\CyComponentLibrary.cylib\BLE_v2_30\Library\gccCyBLEStack_BLE_SOC_PERIPHERAL.a(ll.o)
                0x000057fe                ll_handle_host_data_packet

i.ll_handle_read_host_channel_map
                0x00005852        0x4
 i.ll_handle_read_host_channel_map
                0x00005852        0x4 D:\programy\Cypress\PSoC Creator\3.3\PSoC Creator\psoc\content\cycomponentlibrary\CyComponentLibrary.cylib\BLE_v2_30\Library\gccCyBLEStack_BLE_SOC_PERIPHERAL.a(ll.o)
                0x00005852                ll_handle_read_host_channel_map

i.ll_handle_remove_device_in_whitelist
                0x00005856       0x2a
 i.ll_handle_remove_device_in_whitelist
                0x00005856       0x2a D:\programy\Cypress\PSoC Creator\3.3\PSoC Creator\psoc\content\cycomponentlibrary\CyComponentLibrary.cylib\BLE_v2_30\Library\gccCyBLEStack_BLE_SOC_PERIPHERAL.a(ll.o)
                0x00005856                ll_handle_remove_device_in_whitelist

i.ll_handle_reset
                0x00005880        0xe
 i.ll_handle_reset
                0x00005880        0xe D:\programy\Cypress\PSoC Creator\3.3\PSoC Creator\psoc\content\cycomponentlibrary\CyComponentLibrary.cylib\BLE_v2_30\Library\gccCyBLEStack_BLE_SOC_PERIPHERAL.a(ll.o)
                0x00005880                ll_handle_reset

i.ll_handle_set_random_address
                0x0000588e       0x36
 i.ll_handle_set_random_address
                0x0000588e       0x36 D:\programy\Cypress\PSoC Creator\3.3\PSoC Creator\psoc\content\cycomponentlibrary\CyComponentLibrary.cylib\BLE_v2_30\Library\gccCyBLEStack_BLE_SOC_PERIPHERAL.a(ll.o)
                0x0000588e                ll_handle_set_random_address

i.ll_init       0x000058c4       0x18
 i.ll_init      0x000058c4       0x18 D:\programy\Cypress\PSoC Creator\3.3\PSoC Creator\psoc\content\cycomponentlibrary\CyComponentLibrary.cylib\BLE_v2_30\Library\gccCyBLEStack_BLE_SOC_PERIPHERAL.a(ll.o)
                0x000058c4                ll_init

i.ll_initialize_device_attributes
                0x000058dc       0x4c
 i.ll_initialize_device_attributes
                0x000058dc       0x4c D:\programy\Cypress\PSoC Creator\3.3\PSoC Creator\psoc\content\cycomponentlibrary\CyComponentLibrary.cylib\BLE_v2_30\Library\gccCyBLEStack_BLE_SOC_PERIPHERAL.a(ll.o)
                0x000058dc                ll_initialize_device_attributes

i.ll_is_pkt_pending
                0x00005928       0x2a
 i.ll_is_pkt_pending
                0x00005928       0x2a D:\programy\Cypress\PSoC Creator\3.3\PSoC Creator\psoc\content\cycomponentlibrary\CyComponentLibrary.cylib\BLE_v2_30\Library\gccCyBLEStack_BLE_SOC_PERIPHERAL.a(ll.o)
                0x00005928                ll_is_pkt_pending

i.ll_is_sent_pkt_pending
                0x00005952       0x1a
 i.ll_is_sent_pkt_pending
                0x00005952       0x1a D:\programy\Cypress\PSoC Creator\3.3\PSoC Creator\psoc\content\cycomponentlibrary\CyComponentLibrary.cylib\BLE_v2_30\Library\gccCyBLEStack_BLE_SOC_PERIPHERAL.a(ll.o)
                0x00005952                ll_is_sent_pkt_pending

i.ll_isr_exit_low_power_mode
                0x0000596c       0x16
 i.ll_isr_exit_low_power_mode
                0x0000596c       0x16 D:\programy\Cypress\PSoC Creator\3.3\PSoC Creator\psoc\content\cycomponentlibrary\CyComponentLibrary.cylib\BLE_v2_30\Library\gccCyBLEStack_BLE_SOC_PERIPHERAL.a(ll.o)
                0x0000596c                ll_isr_exit_low_power_mode

i.ll_load_host_data_packet
                0x00005982       0x4a
 i.ll_load_host_data_packet
                0x00005982       0x4a D:\programy\Cypress\PSoC Creator\3.3\PSoC Creator\psoc\content\cycomponentlibrary\CyComponentLibrary.cylib\BLE_v2_30\Library\gccCyBLEStack_BLE_SOC_PERIPHERAL.a(ll.o)
                0x00005982                ll_load_host_data_packet

i.ll_load_packet_to_fifo
                0x000059cc       0x6e
 i.ll_load_packet_to_fifo
                0x000059cc       0x6e D:\programy\Cypress\PSoC Creator\3.3\PSoC Creator\psoc\content\cycomponentlibrary\CyComponentLibrary.cylib\BLE_v2_30\Library\gccCyBLEStack_BLE_SOC_PERIPHERAL.a(ll.o)
                0x000059cc                ll_load_packet_to_fifo

i.ll_process_acks
                0x00005a3a       0x3c
 i.ll_process_acks
                0x00005a3a       0x3c D:\programy\Cypress\PSoC Creator\3.3\PSoC Creator\psoc\content\cycomponentlibrary\CyComponentLibrary.cylib\BLE_v2_30\Library\gccCyBLEStack_BLE_SOC_PERIPHERAL.a(ll.o)
                0x00005a3a                ll_process_acks

i.ll_reset      0x00005a76       0x12
 i.ll_reset     0x00005a76       0x12 D:\programy\Cypress\PSoC Creator\3.3\PSoC Creator\psoc\content\cycomponentlibrary\CyComponentLibrary.cylib\BLE_v2_30\Library\gccCyBLEStack_BLE_SOC_PERIPHERAL.a(ll.o)
                0x00005a76                ll_reset

i.ll_update_active_features
                0x00005a88       0x58
 i.ll_update_active_features
                0x00005a88       0x58 D:\programy\Cypress\PSoC Creator\3.3\PSoC Creator\psoc\content\cycomponentlibrary\CyComponentLibrary.cylib\BLE_v2_30\Library\gccCyBLEStack_BLE_SOC_PERIPHERAL.a(ll.o)
                0x00005a88                ll_update_active_features

i.ll_update_device_fsm
                0x00005ae0        0x8
 i.ll_update_device_fsm
                0x00005ae0        0x8 D:\programy\Cypress\PSoC Creator\3.3\PSoC Creator\psoc\content\cycomponentlibrary\CyComponentLibrary.cylib\BLE_v2_30\Library\gccCyBLEStack_BLE_SOC_PERIPHERAL.a(ll.o)
                0x00005ae0                ll_update_device_fsm

i.pf_le_start_timer
                0x00005ae8       0x16
 i.pf_le_start_timer
                0x00005ae8       0x16 D:\programy\Cypress\PSoC Creator\3.3\PSoC Creator\psoc\content\cycomponentlibrary\CyComponentLibrary.cylib\BLE_v2_30\Library\gccCyBLEStack_BLE_SOC_PERIPHERAL.a(ll.o)
                0x00005ae8                pf_le_start_timer

i.pf_le_stop_timer
                0x00005afe       0x12
 i.pf_le_stop_timer
                0x00005afe       0x12 D:\programy\Cypress\PSoC Creator\3.3\PSoC Creator\psoc\content\cycomponentlibrary\CyComponentLibrary.cylib\BLE_v2_30\Library\gccCyBLEStack_BLE_SOC_PERIPHERAL.a(ll.o)
                0x00005afe                pf_le_stop_timer

i.CyBleControllerIP_TuneAdvEventInterPktSlots
                0x00005b10       0x44
 i.CyBleControllerIP_TuneAdvEventInterPktSlots
                0x00005b10       0x44 D:\programy\Cypress\PSoC Creator\3.3\PSoC Creator\psoc\content\cycomponentlibrary\CyComponentLibrary.cylib\BLE_v2_30\Library\gccCyBLEStack_BLE_SOC_PERIPHERAL.a(ll_advertiser.o)
                0x00005b10                CyBleControllerIP_TuneAdvEventInterPktSlots

i.ll_adv_is_configured_connection_adv
                0x00005b54       0x1e
 i.ll_adv_is_configured_connection_adv
                0x00005b54       0x1e D:\programy\Cypress\PSoC Creator\3.3\PSoC Creator\psoc\content\cycomponentlibrary\CyComponentLibrary.cylib\BLE_v2_30\Library\gccCyBLEStack_BLE_SOC_PERIPHERAL.a(ll_advertiser.o)
                0x00005b54                ll_adv_is_configured_connection_adv

i.ll_check_random_address_in_use_by_advertiser
                0x00005b72       0x10
 i.ll_check_random_address_in_use_by_advertiser
                0x00005b72       0x10 D:\programy\Cypress\PSoC Creator\3.3\PSoC Creator\psoc\content\cycomponentlibrary\CyComponentLibrary.cylib\BLE_v2_30\Library\gccCyBLEStack_BLE_SOC_PERIPHERAL.a(ll_advertiser.o)
                0x00005b72                ll_check_random_address_in_use_by_advertiser

i.ll_check_whitelist_in_use_by_advertiser
                0x00005b82       0x10
 i.ll_check_whitelist_in_use_by_advertiser
                0x00005b82       0x10 D:\programy\Cypress\PSoC Creator\3.3\PSoC Creator\psoc\content\cycomponentlibrary\CyComponentLibrary.cylib\BLE_v2_30\Library\gccCyBLEStack_BLE_SOC_PERIPHERAL.a(ll_advertiser.o)
                0x00005b82                ll_check_whitelist_in_use_by_advertiser

i.ll_get_adv_status
                0x00005b92        0xc
 i.ll_get_adv_status
                0x00005b92        0xc D:\programy\Cypress\PSoC Creator\3.3\PSoC Creator\psoc\content\cycomponentlibrary\CyComponentLibrary.cylib\BLE_v2_30\Library\gccCyBLEStack_BLE_SOC_PERIPHERAL.a(ll_advertiser.o)
                0x00005b92                ll_get_adv_status

i.ll_get_adv_type